Archive member included because of file (symbol)

c:/appz/embitz/0.42/share/em_armgcc/bin/../lib/gcc/arm-none-eabi/4.8.4/../../../../arm-none-eabi/lib/armv7e-m/fpu\libc.a(lib_a-exit.o)
                              c:/appz/embitz/0.42/share/em_armgcc/bin/../lib/gcc/arm-none-eabi/4.8.4/../../../../arm-none-eabi/lib/armv7e-m/fpu/crt0.o (exit)
c:/appz/embitz/0.42/share/em_armgcc/bin/../lib/gcc/arm-none-eabi/4.8.4/../../../../arm-none-eabi/lib/armv7e-m/fpu\libc.a(lib_a-impure.o)
                              c:/appz/embitz/0.42/share/em_armgcc/bin/../lib/gcc/arm-none-eabi/4.8.4/../../../../arm-none-eabi/lib/armv7e-m/fpu\libc.a(lib_a-exit.o) (_global_impure_ptr)
c:/appz/embitz/0.42/share/em_armgcc/bin/../lib/gcc/arm-none-eabi/4.8.4/../../../../arm-none-eabi/lib/armv7e-m/fpu\libc.a(lib_a-init.o)
                              c:/appz/embitz/0.42/share/em_armgcc/bin/../lib/gcc/arm-none-eabi/4.8.4/../../../../arm-none-eabi/lib/armv7e-m/fpu/crt0.o (__libc_init_array)
c:/appz/embitz/0.42/share/em_armgcc/bin/../lib/gcc/arm-none-eabi/4.8.4/../../../../arm-none-eabi/lib/armv7e-m/fpu\libc.a(lib_a-memset.o)
                              c:/appz/embitz/0.42/share/em_armgcc/bin/../lib/gcc/arm-none-eabi/4.8.4/../../../../arm-none-eabi/lib/armv7e-m/fpu/crt0.o (memset)
c:/appz/embitz/0.42/share/em_armgcc/bin/../lib/gcc/arm-none-eabi/4.8.4/../../../../arm-none-eabi/lib/armv7e-m/fpu\libc.a(lib_a-__call_atexit.o)
                              c:/appz/embitz/0.42/share/em_armgcc/bin/../lib/gcc/arm-none-eabi/4.8.4/../../../../arm-none-eabi/lib/armv7e-m/fpu\libc.a(lib_a-exit.o) (__call_exitprocs)
c:/appz/embitz/0.42/share/em_armgcc/bin/../lib/gcc/arm-none-eabi/4.8.4/../../../../arm-none-eabi/lib/armv7e-m/fpu\libc.a(lib_a-atexit.o)
                              c:/appz/embitz/0.42/share/em_armgcc/bin/../lib/gcc/arm-none-eabi/4.8.4/../../../../arm-none-eabi/lib/armv7e-m/fpu\libc.a(lib_a-__call_atexit.o) (atexit)
c:/appz/embitz/0.42/share/em_armgcc/bin/../lib/gcc/arm-none-eabi/4.8.4/../../../../arm-none-eabi/lib/armv7e-m/fpu\libc.a(lib_a-fini.o)
                              c:/appz/embitz/0.42/share/em_armgcc/bin/../lib/gcc/arm-none-eabi/4.8.4/../../../../arm-none-eabi/lib/armv7e-m/fpu\libc.a(lib_a-__call_atexit.o) (__libc_fini_array)
c:/appz/embitz/0.42/share/em_armgcc/bin/../lib/gcc/arm-none-eabi/4.8.4/../../../../arm-none-eabi/lib/armv7e-m/fpu\libc.a(lib_a-__atexit.o)
                              c:/appz/embitz/0.42/share/em_armgcc/bin/../lib/gcc/arm-none-eabi/4.8.4/../../../../arm-none-eabi/lib/armv7e-m/fpu\libc.a(lib_a-atexit.o) (__register_exitproc)
c:/appz/embitz/0.42/share/em_armgcc/bin/../lib/gcc/arm-none-eabi/4.8.4/../../../../arm-none-eabi/lib/armv7e-m/fpu\libg_n.a(lib_a-memcpy-stub.o)
                              bin\middlewares\third_party\freertos\source\queue.o (memcpy)
c:/appz/embitz/0.42/share/em_armgcc/bin/../lib/gcc/arm-none-eabi/4.8.4/../../../../arm-none-eabi/lib/armv7e-m/fpu\libnosys_s.a(_exit.o)
                              c:/appz/embitz/0.42/share/em_armgcc/bin/../lib/gcc/arm-none-eabi/4.8.4/../../../../arm-none-eabi/lib/armv7e-m/fpu\libc.a(lib_a-exit.o) (_exit)

Allocating common symbols
Common symbol       size              file

xDecisionQueueHandle
                    0x4               bin\src\main.o
defaultTaskHandle   0x4               bin\src\main.o
hi2c1               0x54              bin\src\main.o
AcceleroTaskHandle  0x4               bin\src\main.o
uwTick              0x4               bin\drivers\stm32f4xx_hal_driver\src\stm32f4xx_hal.o
xQueueRegistry      0x40              bin\middlewares\third_party\freertos\source\queue.o
pFlash              0x20              bin\drivers\stm32f4xx_hal_driver\src\stm32f4xx_hal_flash.o
DecisionTaskHandle  0x4               bin\src\main.o
VisualTaskHandle    0x4               bin\src\main.o
htim1               0x3c              bin\src\stm32f4xx_hal_timebase_tim.o
xVisualQueueHandle  0x4               bin\src\main.o
hspi1               0x58              bin\src\main.o
hi2s3               0x44              bin\src\main.o

Discarded input sections

 .text          0x00000000        0x0 c:/appz/embitz/0.42/share/em_armgcc/bin/../lib/gcc/arm-none-eabi/4.8.4/armv7e-m/fpu/crti.o
 .data          0x00000000        0x0 c:/appz/embitz/0.42/share/em_armgcc/bin/../lib/gcc/arm-none-eabi/4.8.4/armv7e-m/fpu/crti.o
 .bss           0x00000000        0x0 c:/appz/embitz/0.42/share/em_armgcc/bin/../lib/gcc/arm-none-eabi/4.8.4/armv7e-m/fpu/crti.o
 .data          0x00000000        0x4 c:/appz/embitz/0.42/share/em_armgcc/bin/../lib/gcc/arm-none-eabi/4.8.4/armv7e-m/fpu/crtbegin.o
 .text          0x00000000       0x74 c:/appz/embitz/0.42/share/em_armgcc/bin/../lib/gcc/arm-none-eabi/4.8.4/../../../../arm-none-eabi/lib/armv7e-m/fpu/crt0.o
 .data          0x00000000        0x0 c:/appz/embitz/0.42/share/em_armgcc/bin/../lib/gcc/arm-none-eabi/4.8.4/../../../../arm-none-eabi/lib/armv7e-m/fpu/crt0.o
[...]
Memory Configuration

Name             Origin             Length             Attributes
RAM              0x20000000         0x00020000         xrw
CCMRAM           0x10000000         0x00010000         rw
FLASH            0x08000000         0x00100000         xr
*default*        0x00000000         0xffffffff

Linker script and memory map

LOAD c:/appz/embitz/0.42/share/em_armgcc/bin/../lib/gcc/arm-none-eabi/4.8.4/armv7e-m/fpu/crti.o
LOAD c:/appz/embitz/0.42/share/em_armgcc/bin/../lib/gcc/arm-none-eabi/4.8.4/armv7e-m/fpu/crtbegin.o
LOAD c:/appz/embitz/0.42/share/em_armgcc/bin/../lib/gcc/arm-none-eabi/4.8.4/../../../../arm-none-eabi/lib/armv7e-m/fpu/crt0.o
                0x00000000                __HEAP_SIZE = 0x0
                0x00000100                __STACK_SIZE = 0x100
                0x20020000                _estack = 0x20020000
                0x00000200                _Min_Heap_Size = 0x200
                0x00000400                _Min_Stack_Size = 0x400

.isr_vector     0x08000000      0x188
                0x08000000                . = ALIGN (0x4)
 *(.isr_vector)
 .isr_vector    0x08000000      0x188 bin\drivers\cmsis\device\st\stm32f4xx\source\templates\gcc\startup_stm32f407xx.o
                0x08000000                g_pfnVectors
                0x08000188                . = ALIGN (0x4)

.text           0x08000188     0x3818
                0x08000188                . = ALIGN (0x4)
 *(.text)
 .text          0x08000188       0x54 c:/appz/embitz/0.42/share/em_armgcc/bin/../lib/gcc/arm-none-eabi/4.8.4/armv7e-m/fpu/crtbegin.o
 *(.text*)
 .text.__libc_init_array
                0x080001dc       0x50 c:/appz/embitz/0.42/share/em_armgcc/bin/../lib/gcc/arm-none-eabi/4.8.4/../../../../arm-none-eabi/lib/armv7e-m/fpu\libc.a(lib_a-init.o)
                0x080001dc                __libc_init_array
 .text.memset   0x0800022c       0x94 c:/appz/embitz/0.42/share/em_armgcc/bin/../lib/gcc/arm-none-eabi/4.8.4/../../../../arm-none-eabi/lib/armv7e-m/fpu\libc.a(lib_a-memset.o)
                0x0800022c                memset
 .text.startup.register_fini
                0x080002c0       0x14 c:/appz/embitz/0.42/share/em_armgcc/bin/../lib/gcc/arm-none-eabi/4.8.4/../../../../arm-none-eabi/lib/armv7e-m/fpu\libc.a(lib_a-__call_atexit.o)
 .text.atexit   0x080002d4        0xc c:/appz/embitz/0.42/share/em_armgcc/bin/../lib/gcc/arm-none-eabi/4.8.4/../../../../arm-none-eabi/lib/armv7e-m/fpu\libc.a(lib_a-atexit.o)
                0x080002d4                atexit
 .text.__libc_fini_array
                0x080002e0       0x30 c:/appz/embitz/0.42/share/em_armgcc/bin/../lib/gcc/arm-none-eabi/4.8.4/../../../../arm-none-eabi/lib/armv7e-m/fpu\libc.a(lib_a-fini.o)
                0x080002e0                __libc_fini_array
 .text.__register_exitproc
                0x08000310       0xa8 c:/appz/embitz/0.42/share/em_armgcc/bin/../lib/gcc/arm-none-eabi/4.8.4/../../../../arm-none-eabi/lib/armv7e-m/fpu\libc.a(lib_a-__atexit.o)
                0x08000310                __register_exitproc
 .text.LIS302DL_DeInit
                0x080003b8        0x4 bin\bsp\lis302dl\lis302dl.o
                0x080003b8                LIS302DL_DeInit
 .text.LIS302DL_Init
                0x080003bc       0x24 bin\bsp\lis302dl\lis302dl.o
                0x080003bc                LIS302DL_Init
 .text.LIS302DL_ReadID
                0x080003e0       0x24 bin\bsp\lis302dl\lis302dl.o
                0x080003e0                LIS302DL_ReadID
 .text.LIS302DL_FilterConfig
                0x08000404       0x34 bin\bsp\lis302dl\lis302dl.o
                0x08000404                LIS302DL_FilterConfig
 .text.LIS302DL_Click_IntClear
                0x08000438       0x24 bin\bsp\lis302dl\lis302dl.o
                0x08000438                LIS302DL_Click_IntClear
 .text.LIS302DL_RebootCmd
                0x0800045c       0x30 bin\bsp\lis302dl\lis302dl.o
                0x0800045c                LIS302DL_RebootCmd
 .text.LIS302DL_ReadACC
                0x0800048c       0x4c bin\bsp\lis302dl\lis302dl.o
                0x0800048c                LIS302DL_ReadACC
 .text.LIS302DL_InterruptConfig
                0x080004d8       0x34 bin\bsp\lis302dl\lis302dl.o
                0x080004d8                LIS302DL_InterruptConfig
 .text.LIS302DL_Click_IntConfig
                0x0800050c       0xac bin\bsp\lis302dl\lis302dl.o
                0x0800050c                LIS302DL_Click_IntConfig
 .text.LIS3DSH_DeInit
                0x080005b8        0x4 bin\bsp\lis3dsh\lis3dsh.o
                0x080005b8                LIS3DSH_DeInit
 .text.LIS3DSH_Init
                0x080005bc       0x34 bin\bsp\lis3dsh\lis3dsh.o
                0x080005bc                LIS3DSH_Init
 .text.LIS3DSH_ReadID
                0x080005f0       0x24 bin\bsp\lis3dsh\lis3dsh.o
                0x080005f0                LIS3DSH_ReadID
 .text.LIS3DSH_RebootCmd
                0x08000614       0x30 bin\bsp\lis3dsh\lis3dsh.o
                0x08000614                LIS3DSH_RebootCmd
 .text.LIS3DSH_ReadACC
                0x08000644       0xac bin\bsp\lis3dsh\lis3dsh.o
                0x08000644                LIS3DSH_ReadACC
 .text.LIS3DSH_InterruptConfig
                0x080006f0       0x4c bin\bsp\lis3dsh\lis3dsh.o
                0x080006f0                LIS3DSH_InterruptConfig
 .text.LIS3DSH_Click_IntConfig
                0x0800073c       0xd8 bin\bsp\lis3dsh\lis3dsh.o
                0x0800073c                LIS3DSH_Click_IntConfig
 .text.BSP_ACCELERO_Init
                0x08000814       0x4c bin\bsp\stm32f4_discovery_accelerometer.o
                0x08000814                BSP_ACCELERO_Init
 .text.BSP_ACCELERO_GetXYZ
                0x08000860       0x2c bin\bsp\stm32f4_discovery_accelerometer.o
                0x08000860                BSP_ACCELERO_GetXYZ
 .text.Reset_Handler
                0x0800088c       0x50 bin\drivers\cmsis\device\st\stm32f4xx\source\templates\gcc\startup_stm32f407xx.o
                0x0800088c                Reset_Handler
 .text.Default_Handler
                0x080008dc        0x2 bin\drivers\cmsis\device\st\stm32f4xx\source\templates\gcc\startup_stm32f407xx.o
                0x080008dc                RTC_Alarm_IRQHandler
                0x080008dc                HASH_RNG_IRQHandler
                0x080008dc                EXTI2_IRQHandler
                0x080008dc                TIM8_CC_IRQHandler
                0x080008dc                DebugMon_Handler
                0x080008dc                TIM1_CC_IRQHandler
                0x080008dc                DMA2_Stream5_IRQHandler
                0x080008dc                HardFault_Handler
                0x080008dc                DMA1_Stream5_IRQHandler
                0x080008dc                PVD_IRQHandler
                0x080008dc                SDIO_IRQHandler
                0x080008dc                TAMP_STAMP_IRQHandler
                0x080008dc                NMI_Handler
                0x080008dc                CAN2_RX1_IRQHandler
                0x080008dc                EXTI3_IRQHandler
                0x080008dc                TIM8_TRG_COM_TIM14_IRQHandler
                0x080008dc                TIM8_UP_TIM13_IRQHandler
                0x080008dc                I2C3_ER_IRQHandler
                0x080008dc                EXTI0_IRQHandler
                0x080008dc                I2C2_EV_IRQHandler
                0x080008dc                DMA1_Stream2_IRQHandler
                0x080008dc                CAN1_RX0_IRQHandler
                0x080008dc                FPU_IRQHandler
                0x080008dc                OTG_HS_WKUP_IRQHandler
                0x080008dc                UsageFault_Handler
                0x080008dc                CAN2_SCE_IRQHandler
                0x080008dc                DMA2_Stream2_IRQHandler
                0x080008dc                SPI1_IRQHandler
                0x080008dc                TIM6_DAC_IRQHandler
                0x080008dc                TIM1_BRK_TIM9_IRQHandler
                0x080008dc                DCMI_IRQHandler
                0x080008dc                CAN2_RX0_IRQHandler
                0x080008dc                DMA2_Stream3_IRQHandler
                0x080008dc                USART6_IRQHandler
                0x080008dc                USART3_IRQHandler
                0x080008dc                CAN1_RX1_IRQHandler
                0x080008dc                UART5_IRQHandler
                0x080008dc                DMA2_Stream0_IRQHandler
                0x080008dc                TIM4_IRQHandler
                0x080008dc                I2C1_EV_IRQHandler
                0x080008dc                DMA1_Stream6_IRQHandler
                0x080008dc                DMA1_Stream1_IRQHandler
                0x080008dc                UART4_IRQHandler
                0x080008dc                TIM3_IRQHandler
                0x080008dc                RCC_IRQHandler
                0x080008dc                TIM8_BRK_TIM12_IRQHandler
                0x080008dc                Default_Handler
                0x080008dc                EXTI15_10_IRQHandler
                0x080008dc                ADC_IRQHandler
                0x080008dc                DMA1_Stream7_IRQHandler
                0x080008dc                TIM7_IRQHandler
                0x080008dc                CAN2_TX_IRQHandler
                0x080008dc                TIM5_IRQHandler
                0x080008dc                DMA2_Stream7_IRQHandler
                0x080008dc                I2C3_EV_IRQHandler
                0x080008dc                EXTI9_5_IRQHandler
                0x080008dc                RTC_WKUP_IRQHandler
                0x080008dc                ETH_WKUP_IRQHandler
                0x080008dc                SPI2_IRQHandler
                0x080008dc                OTG_HS_EP1_IN_IRQHandler
                0x080008dc                MemManage_Handler
                0x080008dc                DMA1_Stream0_IRQHandler
                0x080008dc                CAN1_TX_IRQHandler
                0x080008dc                EXTI4_IRQHandler
                0x080008dc                FSMC_IRQHandler
                0x080008dc                ETH_IRQHandler
                0x080008dc                OTG_HS_EP1_OUT_IRQHandler
                0x080008dc                WWDG_IRQHandler
                0x080008dc                TIM2_IRQHandler
                0x080008dc                OTG_FS_WKUP_IRQHandler
                0x080008dc                TIM1_TRG_COM_TIM11_IRQHandler
                0x080008dc                OTG_HS_IRQHandler
                0x080008dc                EXTI1_IRQHandler
                0x080008dc                USART2_IRQHandler
                0x080008dc                I2C2_ER_IRQHandler
                0x080008dc                DMA2_Stream1_IRQHandler
                0x080008dc                CAN1_SCE_IRQHandler
                0x080008dc                FLASH_IRQHandler
                0x080008dc                DMA2_Stream4_IRQHandler
                0x080008dc                BusFault_Handler
                0x080008dc                USART1_IRQHandler
                0x080008dc                OTG_FS_IRQHandler
                0x080008dc                SPI3_IRQHandler
                0x080008dc                DMA1_Stream4_IRQHandler
                0x080008dc                I2C1_ER_IRQHandler
                0x080008dc                DMA2_Stream6_IRQHandler
                0x080008dc                DMA1_Stream3_IRQHandler
 *fill*         0x080008de        0x2 
 .text.SystemInit
                0x080008e0       0x50 bin\drivers\cmsis\device\st\stm32f4xx\source\templates\system_stm32f4xx.o
                0x080008e0                SystemInit
 .text.HAL_Init
                0x08000930       0x34 bin\drivers\stm32f4xx_hal_driver\src\stm32f4xx_hal.o
                0x08000930                HAL_Init
 .text.HAL_IncTick
                0x08000964       0x10 bin\drivers\stm32f4xx_hal_driver\src\stm32f4xx_hal.o
                0x08000964                HAL_IncTick
 .text.HAL_GetTick
                0x08000974        0xc bin\drivers\stm32f4xx_hal_driver\src\stm32f4xx_hal.o
                0x08000974                HAL_GetTick
 .text.HAL_NVIC_SetPriorityGrouping
                0x08000980       0x24 bin\drivers\stm32f4xx_hal_driver\src\stm32f4xx_hal_cortex.o
                0x08000980                HAL_NVIC_SetPriorityGrouping
 .text.HAL_NVIC_SetPriority
                0x080009a4       0x70 bin\drivers\stm32f4xx_hal_driver\src\stm32f4xx_hal_cortex.o
                0x080009a4                HAL_NVIC_SetPriority
 .text.HAL_NVIC_EnableIRQ
                0x08000a14       0x18 bin\drivers\stm32f4xx_hal_driver\src\stm32f4xx_hal_cortex.o
                0x08000a14                HAL_NVIC_EnableIRQ
 .text.HAL_SYSTICK_Config
                0x08000a2c       0x38 bin\drivers\stm32f4xx_hal_driver\src\stm32f4xx_hal_cortex.o
                0x08000a2c                HAL_SYSTICK_Config
 .text.HAL_SYSTICK_CLKSourceConfig
                0x08000a64       0x18 bin\drivers\stm32f4xx_hal_driver\src\stm32f4xx_hal_cortex.o
                0x08000a64                HAL_SYSTICK_CLKSourceConfig
 .text.HAL_GPIO_Init
                0x08000a7c      0x1f0 bin\drivers\stm32f4xx_hal_driver\src\stm32f4xx_hal_gpio.o
                0x08000a7c                HAL_GPIO_Init
 .text.HAL_GPIO_WritePin
                0x08000c6c        0x8 bin\drivers\stm32f4xx_hal_driver\src\stm32f4xx_hal_gpio.o
                0x08000c6c                HAL_GPIO_WritePin
 .text.HAL_I2C_Init
                0x08000c74       0xfc bin\drivers\stm32f4xx_hal_driver\src\stm32f4xx_hal_i2c.o
                0x08000c74                HAL_I2C_Init
 .text.I2S_GetInputClock
                0x08000d70       0x50 bin\drivers\stm32f4xx_hal_driver\src\stm32f4xx_hal_i2s_ex.o
                0x08000d70                I2S_GetInputClock
 .text.HAL_I2S_Init
                0x08000dc0      0x144 bin\drivers\stm32f4xx_hal_driver\src\stm32f4xx_hal_i2s_ex.o
                0x08000dc0                HAL_I2S_Init
 .text.HAL_RCC_OscConfig
                0x08000f04      0x31c bin\drivers\stm32f4xx_hal_driver\src\stm32f4xx_hal_rcc.o
                0x08000f04                HAL_RCC_OscConfig
 .text.HAL_RCC_GetSysClockFreq
                0x08001220       0x84 bin\drivers\stm32f4xx_hal_driver\src\stm32f4xx_hal_rcc.o
                0x08001220                HAL_RCC_GetSysClockFreq
 .text.HAL_RCC_ClockConfig
                0x080012a4      0x170 bin\drivers\stm32f4xx_hal_driver\src\stm32f4xx_hal_rcc.o
                0x080012a4                HAL_RCC_ClockConfig
 .text.HAL_RCC_GetHCLKFreq
                0x08001414        0xc bin\drivers\stm32f4xx_hal_driver\src\stm32f4xx_hal_rcc.o
                0x08001414                HAL_RCC_GetHCLKFreq
 .text.HAL_RCC_GetPCLK1Freq
                0x08001420       0x30 bin\drivers\stm32f4xx_hal_driver\src\stm32f4xx_hal_rcc.o
                0x08001420                HAL_RCC_GetPCLK1Freq
 .text.HAL_RCC_GetPCLK2Freq
                0x08001450       0x30 bin\drivers\stm32f4xx_hal_driver\src\stm32f4xx_hal_rcc.o
                0x08001450                HAL_RCC_GetPCLK2Freq
 .text.HAL_RCC_GetClockConfig
                0x08001480       0x44 bin\drivers\stm32f4xx_hal_driver\src\stm32f4xx_hal_rcc.o
                0x08001480                HAL_RCC_GetClockConfig
 .text.HAL_RCCEx_PeriphCLKConfig
                0x080014c4      0x15c bin\drivers\stm32f4xx_hal_driver\src\stm32f4xx_hal_rcc_ex.o
                0x080014c4                HAL_RCCEx_PeriphCLKConfig
 .text.SPI_WaitFlagStateUntilTimeout
                0x08001620       0xa4 bin\drivers\stm32f4xx_hal_driver\src\stm32f4xx_hal_spi.o
 .text.SPI_CheckFlag_BSY
                0x080016c4       0x24 bin\drivers\stm32f4xx_hal_driver\src\stm32f4xx_hal_spi.o
 .text.HAL_SPI_Init
                0x080016e8       0xac bin\drivers\stm32f4xx_hal_driver\src\stm32f4xx_hal_spi.o
                0x080016e8                HAL_SPI_Init
 .text.HAL_SPI_TransmitReceive
                0x08001794      0x214 bin\drivers\stm32f4xx_hal_driver\src\stm32f4xx_hal_spi.o
                0x08001794                HAL_SPI_TransmitReceive
 .text.HAL_TIM_Base_MspInit
                0x080019a8        0x4 bin\drivers\stm32f4xx_hal_driver\src\stm32f4xx_hal_tim.o
                0x080019a8                HAL_TIM_Base_MspInit
 .text.HAL_TIM_Base_Start_IT
                0x080019ac       0x1c bin\drivers\stm32f4xx_hal_driver\src\stm32f4xx_hal_tim.o
                0x080019ac                HAL_TIM_Base_Start_IT
 .text.HAL_TIM_OC_DelayElapsedCallback
                0x080019c8        0x4 bin\drivers\stm32f4xx_hal_driver\src\stm32f4xx_hal_tim.o
                0x080019c8                HAL_TIM_OC_DelayElapsedCallback
 .text.HAL_TIM_IC_CaptureCallback
                0x080019cc        0x4 bin\drivers\stm32f4xx_hal_driver\src\stm32f4xx_hal_tim.o
                0x080019cc                HAL_TIM_IC_CaptureCallback
 .text.HAL_TIM_PWM_PulseFinishedCallback
                0x080019d0        0x4 bin\drivers\stm32f4xx_hal_driver\src\stm32f4xx_hal_tim.o
                0x080019d0                HAL_TIM_PWM_PulseFinishedCallback
 .text.HAL_TIM_TriggerCallback
                0x080019d4        0x4 bin\drivers\stm32f4xx_hal_driver\src\stm32f4xx_hal_tim.o
                0x080019d4                HAL_TIM_TriggerCallback
 .text.HAL_TIM_IRQHandler
                0x080019d8      0x15c bin\drivers\stm32f4xx_hal_driver\src\stm32f4xx_hal_tim.o
                0x080019d8                HAL_TIM_IRQHandler
 .text.TIM_Base_SetConfig
                0x08001b34       0xd0 bin\drivers\stm32f4xx_hal_driver\src\stm32f4xx_hal_tim.o
                0x08001b34                TIM_Base_SetConfig
 .text.HAL_TIM_Base_Init
                0x08001c04       0x38 bin\drivers\stm32f4xx_hal_driver\src\stm32f4xx_hal_tim.o
                0x08001c04                HAL_TIM_Base_Init
 .text.HAL_TIMEx_CommutationCallback
                0x08001c3c        0x4 bin\drivers\stm32f4xx_hal_driver\src\stm32f4xx_hal_tim_ex.o
                0x08001c3c                HAL_TIMEx_CommutationCallback
 .text.HAL_TIMEx_BreakCallback
                0x08001c40        0x4 bin\drivers\stm32f4xx_hal_driver\src\stm32f4xx_hal_tim_ex.o
                0x08001c40                HAL_TIMEx_BreakCallback
 .text.osKernelStart
                0x08001c44        0xc bin\middlewares\third_party\freertos\source\cmsis_rtos\cmsis_os.o
                0x08001c44                osKernelStart
 .text.osThreadCreate
                0x08001c50       0x38 bin\middlewares\third_party\freertos\source\cmsis_rtos\cmsis_os.o
                0x08001c50                osThreadCreate
 .text.osDelay  0x08001c88       0x10 bin\middlewares\third_party\freertos\source\cmsis_rtos\cmsis_os.o
                0x08001c88                osDelay
 .text.osMessageCreate
                0x08001c98        0x8 bin\middlewares\third_party\freertos\source\cmsis_rtos\cmsis_os.o
                0x08001c98                osMessageCreate
 .text.osSystickHandler
                0x08001ca0       0x14 bin\middlewares\third_party\freertos\source\cmsis_rtos\cmsis_os.o
                0x08001ca0                osSystickHandler
 .text.vListInitialise
                0x08001cb4       0x18 bin\middlewares\third_party\freertos\source\list.o
                0x08001cb4                vListInitialise
 .text.vListInitialiseItem
                0x08001ccc        0x8 bin\middlewares\third_party\freertos\source\list.o
                0x08001ccc                vListInitialiseItem
 .text.vListInsertEnd
                0x08001cd4       0x18 bin\middlewares\third_party\freertos\source\list.o
                0x08001cd4                vListInsertEnd
 .text.vListInsert
                0x08001cec       0x34 bin\middlewares\third_party\freertos\source\list.o
                0x08001cec                vListInsert
 .text.uxListRemove
                0x08001d20       0x24 bin\middlewares\third_party\freertos\source\list.o
                0x08001d20                uxListRemove
 .text.prvTaskExitError
                0x08001d44       0x30 bin\middlewares\third_party\freertos\source\portable\gcc\arm_cm4f\port.o
 .text.prvPortStartFirstTask
                0x08001d74       0x20 bin\middlewares\third_party\freertos\source\portable\gcc\arm_cm4f\port.o
 .text.vPortEnableVFP
                0x08001d94       0x14 bin\middlewares\third_party\freertos\source\portable\gcc\arm_cm4f\port.o
 .text.pxPortInitialiseStack
                0x08001da8       0x2c bin\middlewares\third_party\freertos\source\portable\gcc\arm_cm4f\port.o
                0x08001da8                pxPortInitialiseStack
 .text.SVC_Handler
                0x08001dd4       0x20 bin\middlewares\third_party\freertos\source\portable\gcc\arm_cm4f\port.o
                0x08001dd4                SVC_Handler
 .text.vPortEnterCritical
                0x08001df4       0x44 bin\middlewares\third_party\freertos\source\portable\gcc\arm_cm4f\port.o
                0x08001df4                vPortEnterCritical
 .text.vPortExitCritical
                0x08001e38       0x28 bin\middlewares\third_party\freertos\source\portable\gcc\arm_cm4f\port.o
                0x08001e38                vPortExitCritical
 .text.PendSV_Handler
                0x08001e60       0x60 bin\middlewares\third_party\freertos\source\portable\gcc\arm_cm4f\port.o
                0x08001e60                PendSV_Handler
 .text.xPortSysTickHandler
                0x08001ec0       0x30 bin\middlewares\third_party\freertos\source\portable\gcc\arm_cm4f\port.o
                0x08001ec0                xPortSysTickHandler
 .text.vPortSetupTimerInterrupt
                0x08001ef0       0x30 bin\middlewares\third_party\freertos\source\portable\gcc\arm_cm4f\port.o
                0x08001ef0                vPortSetupTimerInterrupt
 .text.xPortStartScheduler
                0x08001f20       0xf0 bin\middlewares\third_party\freertos\source\portable\gcc\arm_cm4f\port.o
                0x08001f20                xPortStartScheduler
 .text.unlikely.prvInsertBlockIntoFreeList
                0x08002010       0x54 bin\middlewares\third_party\freertos\source\portable\memmang\heap_4.o
 .text.pvPortMalloc
                0x08002064      0x134 bin\middlewares\third_party\freertos\source\portable\memmang\heap_4.o
                0x08002064                pvPortMalloc
 .text.vPortFree
                0x08002198       0x70 bin\middlewares\third_party\freertos\source\portable\memmang\heap_4.o
                0x08002198                vPortFree
 .text.unlikely.prvCopyDataToQueue
                0x08002208       0x6c bin\middlewares\third_party\freertos\source\queue.o
 .text.unlikely.prvCopyDataFromQueue
                0x08002274       0x2c bin\middlewares\third_party\freertos\source\queue.o
 .text.prvUnlockQueue
                0x080022a0       0x84 bin\middlewares\third_party\freertos\source\queue.o
 .text.xQueueGenericReset
                0x08002324       0x90 bin\middlewares\third_party\freertos\source\queue.o
                0x08002324                xQueueGenericReset
 .text.xQueueGenericCreate
                0x080023b4       0x68 bin\middlewares\third_party\freertos\source\queue.o
                0x080023b4                xQueueGenericCreate
 .text.xQueueGenericSend
                0x0800241c      0x198 bin\middlewares\third_party\freertos\source\queue.o
                0x0800241c                xQueueGenericSend
 .text.xQueueGenericReceive
                0x080025b4      0x1a0 bin\middlewares\third_party\freertos\source\queue.o
                0x080025b4                xQueueGenericReceive
 .text.prvResetNextTaskUnblockTime
                0x08002754       0x28 bin\middlewares\third_party\freertos\source\tasks.o
 .text.prvAddCurrentTaskToDelayedList
                0x0800277c       0x50 bin\middlewares\third_party\freertos\source\tasks.o
 .text.xTaskGenericCreate
                0x080027cc      0x20c bin\middlewares\third_party\freertos\source\tasks.o
                0x080027cc                xTaskGenericCreate
 .text.vTaskStartScheduler
                0x080029d8       0x74 bin\middlewares\third_party\freertos\source\tasks.o
                0x080029d8                vTaskStartScheduler
 .text.vTaskSuspendAll
                0x08002a4c       0x10 bin\middlewares\third_party\freertos\source\tasks.o
                0x08002a4c                vTaskSuspendAll
 .text.xTaskIncrementTick
                0x08002a5c      0x13c bin\middlewares\third_party\freertos\source\tasks.o
                0x08002a5c                xTaskIncrementTick
 .text.xTaskResumeAll
                0x08002b98      0x100 bin\middlewares\third_party\freertos\source\tasks.o
                0x08002b98                xTaskResumeAll
 .text.vTaskDelay
                0x08002c98       0x80 bin\middlewares\third_party\freertos\source\tasks.o
                0x08002c98                vTaskDelay
 .text.prvIdleTask
                0x08002d18       0x98 bin\middlewares\third_party\freertos\source\tasks.o
 .text.vTaskSwitchContext
                0x08002db0       0x70 bin\middlewares\third_party\freertos\source\tasks.o
                0x08002db0                vTaskSwitchContext
 .text.vTaskPlaceOnEventList
                0x08002e20       0x70 bin\middlewares\third_party\freertos\source\tasks.o
                0x08002e20                vTaskPlaceOnEventList
 .text.xTaskRemoveFromEventList
                0x08002e90       0x8c bin\middlewares\third_party\freertos\source\tasks.o
                0x08002e90                xTaskRemoveFromEventList
 .text.vTaskSetTimeOutState
                0x08002f1c       0x2c bin\middlewares\third_party\freertos\source\tasks.o
                0x08002f1c                vTaskSetTimeOutState
 .text.xTaskCheckForTimeOut
                0x08002f48       0x88 bin\middlewares\third_party\freertos\source\tasks.o
                0x08002f48                xTaskCheckForTimeOut
 .text.vTaskMissedYield
                0x08002fd0        0xc bin\middlewares\third_party\freertos\source\tasks.o
                0x08002fd0                vTaskMissedYield
 .text.xTaskGetSchedulerState
                0x08002fdc       0x20 bin\middlewares\third_party\freertos\source\tasks.o
                0x08002fdc                xTaskGetSchedulerState
 .text.vTaskPriorityInherit
                0x08002ffc       0x94 bin\middlewares\third_party\freertos\source\tasks.o
                0x08002ffc                vTaskPriorityInherit
 .text.xTaskPriorityDisinherit
                0x08003090       0xb4 bin\middlewares\third_party\freertos\source\tasks.o
                0x08003090                xTaskPriorityDisinherit
 .text.pvTaskIncrementMutexHeldCount
                0x08003144       0x18 bin\middlewares\third_party\freertos\source\tasks.o
                0x08003144                pvTaskIncrementMutexHeldCount
 .text.StartDefaultTask
                0x0800315c        0xc bin\src\main.o
                0x0800315c                StartDefaultTask
 .text.StartVisualTask
                0x08003168       0x74 bin\src\main.o
                0x08003168                StartVisualTask
 .text.StartDecisionTask
                0x080031dc       0x8c bin\src\main.o
                0x080031dc                StartDecisionTask
 .text.StartAcceleroTask
                0x08003268       0x40 bin\src\main.o
                0x08003268                StartAcceleroTask
 .text.SystemClock_Config
                0x080032a8       0xc4 bin\src\main.o
                0x080032a8                SystemClock_Config
 .text.startup.main
                0x0800336c      0x2f4 bin\src\main.o
                0x0800336c                main
 .text.ACCELERO_IO_Init
                0x08003660       0x30 bin\src\main.o
                0x08003660                ACCELERO_IO_Init
 .text.ACCELERO_IO_ITConfig
                0x08003690        0x4 bin\src\main.o
                0x08003690                ACCELERO_IO_ITConfig
 .text.ACCELERO_IO_Write
                0x08003694        0x4 bin\src\main.o
                0x08003694                ACCELERO_IO_Write
 .text.ACCELERO_IO_Read
                0x08003698       0xc8 bin\src\main.o
                0x08003698                ACCELERO_IO_Read
 .text.HAL_TIM_PeriodElapsedCallback
                0x08003760       0x14 bin\src\main.o
                0x08003760                HAL_TIM_PeriodElapsedCallback
 .text.HAL_MspInit
                0x08003774       0x60 bin\src\stm32f4xx_hal_msp.o
                0x08003774                HAL_MspInit
 .text.HAL_I2C_MspInit
                0x080037d4       0x58 bin\src\stm32f4xx_hal_msp.o
                0x080037d4                HAL_I2C_MspInit
 .text.HAL_I2S_MspInit
                0x0800382c       0x68 bin\src\stm32f4xx_hal_msp.o
                0x0800382c                HAL_I2S_MspInit
 .text.HAL_SPI_MspInit
                0x08003894       0x50 bin\src\stm32f4xx_hal_msp.o
                0x08003894                HAL_SPI_MspInit
 .text.HAL_InitTick
                0x080038e4       0x80 bin\src\stm32f4xx_hal_timebase_tim.o
                0x080038e4                HAL_InitTick
 .text.SysTick_Handler
                0x08003964        0x4 bin\src\stm32f4xx_it.o
                0x08003964                SysTick_Handler
 .text.TIM1_UP_TIM10_IRQHandler
                0x08003968        0xc bin\src\stm32f4xx_it.o
                0x08003968                TIM1_UP_TIM10_IRQHandler
 .text.memcpy   0x08003974       0x12 c:/appz/embitz/0.42/share/em_armgcc/bin/../lib/gcc/arm-none-eabi/4.8.4/../../../../arm-none-eabi/lib/armv7e-m/fpu\libg_n.a(lib_a-memcpy-stub.o)
                0x08003974                memcpy
 *(.glue_7)
 .glue_7        0x00000000        0x0 linker stubs
 *(.glue_7t)
 .glue_7t       0x00000000        0x0 linker stubs
 *(.eh_frame)
 *fill*         0x08003986        0x2 
 .eh_frame      0x08003988        0x0 c:/appz/embitz/0.42/share/em_armgcc/bin/../lib/gcc/arm-none-eabi/4.8.4/armv7e-m/fpu/crtbegin.o
 *(.init)
 .init          0x08003988        0x4 c:/appz/embitz/0.42/share/em_armgcc/bin/../lib/gcc/arm-none-eabi/4.8.4/armv7e-m/fpu/crti.o
                0x08003988                _init
 .init          0x0800398c        0x8 c:/appz/embitz/0.42/share/em_armgcc/bin/../lib/gcc/arm-none-eabi/4.8.4/armv7e-m/fpu/crtn.o
 *(.fini)
 .fini          0x08003994        0x4 c:/appz/embitz/0.42/share/em_armgcc/bin/../lib/gcc/arm-none-eabi/4.8.4/armv7e-m/fpu/crti.o
                0x08003994                _fini
 .fini          0x08003998        0x8 c:/appz/embitz/0.42/share/em_armgcc/bin/../lib/gcc/arm-none-eabi/4.8.4/armv7e-m/fpu/crtn.o
                0x080039a0                . = ALIGN (0x4)
                0x080039a0                _etext = .

.vfp11_veneer   0x080039a0        0x0
 .vfp11_veneer  0x00000000        0x0 linker stubs

.v4_bx          0x080039a0        0x0
 .v4_bx         0x00000000        0x0 linker stubs

.iplt           0x080039a0        0x0
 .iplt          0x00000000        0x0 c:/appz/embitz/0.42/share/em_armgcc/bin/../lib/gcc/arm-none-eabi/4.8.4/armv7e-m/fpu/crtbegin.o

.rodata         0x080039a0      0x11c
                0x080039a0                . = ALIGN (0x4)
 *(.rodata)
 .rodata        0x080039a0       0x60 bin\src\main.o
 *(.rodata*)
 .rodata.str1.4
                0x08003a00        0x2 c:/appz/embitz/0.42/share/em_armgcc/bin/../lib/gcc/arm-none-eabi/4.8.4/../../../../arm-none-eabi/lib/armv7e-m/fpu\libc.a(lib_a-impure.o)
                                  0x4 (size before relaxing)
 *fill*         0x08003a02        0x2 
 .rodata._global_impure_ptr
                0x08003a04        0x4 c:/appz/embitz/0.42/share/em_armgcc/bin/../lib/gcc/arm-none-eabi/4.8.4/../../../../arm-none-eabi/lib/armv7e-m/fpu\libc.a(lib_a-impure.o)
                0x08003a04                _global_impure_ptr
 .rodata.CSWTCH.23
                0x08003a08       0x64 bin\bsp\lis3dsh\lis3dsh.o
 .rodata.APBAHBPrescTable
                0x08003a6c       0x10 bin\drivers\stm32f4xx_hal_driver\src\stm32f4xx_hal_rcc.o
                0x08003a6c                APBAHBPrescTable
 .rodata.str1.4
                0x08003a7c        0x5 bin\middlewares\third_party\freertos\source\tasks.o
                                  0x8 (size before relaxing)
 *fill*         0x08003a81        0x3 
 .rodata.str1.4
                0x08003a84       0x38 bin\src\main.o
                0x08003abc                . = ALIGN (0x4)

.rel.dyn        0x08003abc        0x0
 .rel.iplt      0x00000000        0x0 c:/appz/embitz/0.42/share/em_armgcc/bin/../lib/gcc/arm-none-eabi/4.8.4/armv7e-m/fpu/crtbegin.o

.ARM.extab
 *(.ARM.extab* .gnu.linkonce.armextab.*)

.ARM            0x08003abc        0x0
                0x08003abc                __exidx_start = .
 *(.ARM.exidx*)
                0x08003abc                __exidx_end = .

.preinit_array  0x08003abc        0x0
                0x08003abc                PROVIDE (__preinit_array_start, .)
 *(.preinit_array*)
                0x08003abc                PROVIDE (__preinit_array_end, .)

.init_array     0x08003abc        0x8
                0x08003abc                PROVIDE (__init_array_start, .)
 *(SORT(.init_array.*))
 .init_array.00000
                0x08003abc        0x4 c:/appz/embitz/0.42/share/em_armgcc/bin/../lib/gcc/arm-none-eabi/4.8.4/../../../../arm-none-eabi/lib/armv7e-m/fpu\libc.a(lib_a-__call_atexit.o)
 *(.init_array*)
 .init_array    0x08003ac0        0x4 c:/appz/embitz/0.42/share/em_armgcc/bin/../lib/gcc/arm-none-eabi/4.8.4/armv7e-m/fpu/crtbegin.o
                0x08003ac4                PROVIDE (__init_array_end, .)

.fini_array     0x08003ac4        0x4
                0x08003ac4                PROVIDE (__fini_array_start, .)
 *(SORT(.fini_array.*))
 *(.fini_array*)
 .fini_array    0x08003ac4        0x4 c:/appz/embitz/0.42/share/em_armgcc/bin/../lib/gcc/arm-none-eabi/4.8.4/armv7e-m/fpu/crtbegin.o
                0x08003ac8                PROVIDE (__fini_array_end, .)
                0x08003ac8                _sidata = LOADADDR (.data)

.data           0x20000000      0x498 load address 0x08003ac8
                0x20000000                . = ALIGN (0x4)
                0x20000000                _sdata = .
 *(.data)
 *(.data*)
 .data.impure_data
                0x20000000      0x428 c:/appz/embitz/0.42/share/em_armgcc/bin/../lib/gcc/arm-none-eabi/4.8.4/../../../../arm-none-eabi/lib/armv7e-m/fpu\libc.a(lib_a-impure.o)
 .data.Lis302dlDrv
                0x20000428       0x34 bin\bsp\lis302dl\lis302dl.o
                0x20000428                Lis302dlDrv
 .data.Lis3dshDrv
                0x2000045c       0x34 bin\bsp\lis3dsh\lis3dsh.o
                0x2000045c                Lis3dshDrv
 .data.SystemCoreClock
                0x20000490        0x4 bin\drivers\cmsis\device\st\stm32f4xx\source\templates\system_stm32f4xx.o
                0x20000490                SystemCoreClock
 .data.uxCriticalNesting
                0x20000494        0x4 bin\middlewares\third_party\freertos\source\portable\gcc\arm_cm4f\port.o
                0x20000498                . = ALIGN (0x4)
                0x20000498                _edata = .
                0x08003f60                _siccmram = LOADADDR (.ccmram)

.jcr            0x20000498        0x0 load address 0x08003f60
 .jcr           0x20000498        0x0 c:/appz/embitz/0.42/share/em_armgcc/bin/../lib/gcc/arm-none-eabi/4.8.4/armv7e-m/fpu/crtbegin.o

.igot.plt       0x20000498        0x0 load address 0x08003f60
 .igot.plt      0x00000000        0x0 c:/appz/embitz/0.42/share/em_armgcc/bin/../lib/gcc/arm-none-eabi/4.8.4/armv7e-m/fpu/crtbegin.o

.ccmram         0x10000000        0x0 load address 0x08003f60
                0x10000000                . = ALIGN (0x4)
                0x10000000                _sccmram = .
 *(.ccmram)
 *(.ccmram*)
                0x10000000                . = ALIGN (0x4)
                0x10000000                _eccmram = .
                0x10000000                . = ALIGN (0x4)

.bss            0x20000498     0x3eb0
                0x20000498                _sbss = .
                0x20000498                __bss_start__ = _sbss
 *(.bss)
 .bss           0x20000498       0x1c c:/appz/embitz/0.42/share/em_armgcc/bin/../lib/gcc/arm-none-eabi/4.8.4/armv7e-m/fpu/crtbegin.o
 *(.bss*)
 .bss.AcceleroDrv
                0x200004b4        0x4 bin\bsp\stm32f4_discovery_accelerometer.o
 .bss.ucMaxSysCallPriority
                0x200004b8        0x1 bin\middlewares\third_party\freertos\source\portable\gcc\arm_cm4f\port.o
 *fill*         0x200004b9        0x3 
 .bss.ulMaxPRIGROUPValue
                0x200004bc        0x4 bin\middlewares\third_party\freertos\source\portable\gcc\arm_cm4f\port.o
 .bss.xFreeBytesRemaining
                0x200004c0        0x4 bin\middlewares\third_party\freertos\source\portable\memmang\heap_4.o
 .bss.pxEnd     0x200004c4        0x4 bin\middlewares\third_party\freertos\source\portable\memmang\heap_4.o
 .bss.xStart    0x200004c8        0x8 bin\middlewares\third_party\freertos\source\portable\memmang\heap_4.o
 .bss.ucHeap    0x200004d0     0x3c00 bin\middlewares\third_party\freertos\source\portable\memmang\heap_4.o
 .bss.xBlockAllocatedBit
                0x200040d0        0x4 bin\middlewares\third_party\freertos\source\portable\memmang\heap_4.o
 .bss.xMinimumEverFreeBytesRemaining
                0x200040d4        0x4 bin\middlewares\third_party\freertos\source\portable\memmang\heap_4.o
 .bss.xNumOfOverflows
                0x200040d8        0x4 bin\middlewares\third_party\freertos\source\tasks.o
 .bss.pxDelayedTaskList
                0x200040dc        0x4 bin\middlewares\third_party\freertos\source\tasks.o
 .bss.xSchedulerRunning
                0x200040e0        0x4 bin\middlewares\third_party\freertos\source\tasks.o
 .bss.uxTasksDeleted
                0x200040e4        0x4 bin\middlewares\third_party\freertos\source\tasks.o
 .bss.xDelayedTaskList1
                0x200040e8       0x14 bin\middlewares\third_party\freertos\source\tasks.o
 .bss.pxOverflowDelayedTaskList
                0x200040fc        0x4 bin\middlewares\third_party\freertos\source\tasks.o
 .bss.uxPendedTicks
                0x20004100        0x4 bin\middlewares\third_party\freertos\source\tasks.o
 .bss.pxReadyTasksLists
                0x20004104       0x8c bin\middlewares\third_party\freertos\source\tasks.o
 .bss.xTasksWaitingTermination
                0x20004190       0x14 bin\middlewares\third_party\freertos\source\tasks.o
 .bss.pxCurrentTCB
                0x200041a4        0x4 bin\middlewares\third_party\freertos\source\tasks.o
                0x200041a4                pxCurrentTCB
 .bss.xPendingReadyList
                0x200041a8       0x14 bin\middlewares\third_party\freertos\source\tasks.o
 .bss.uxSchedulerSuspended
                0x200041bc        0x4 bin\middlewares\third_party\freertos\source\tasks.o
 .bss.xTickCount
                0x200041c0        0x4 bin\middlewares\third_party\freertos\source\tasks.o
 .bss.xNextTaskUnblockTime
                0x200041c4        0x4 bin\middlewares\third_party\freertos\source\tasks.o
 .bss.uxTaskNumber
                0x200041c8        0x4 bin\middlewares\third_party\freertos\source\tasks.o
 .bss.uxCurrentNumberOfTasks
                0x200041cc        0x4 bin\middlewares\third_party\freertos\source\tasks.o
 .bss.xDelayedTaskList2
                0x200041d0       0x14 bin\middlewares\third_party\freertos\source\tasks.o
 .bss.xSuspendedTaskList
                0x200041e4       0x14 bin\middlewares\third_party\freertos\source\tasks.o
 .bss.uxTopReadyPriority
                0x200041f8        0x4 bin\middlewares\third_party\freertos\source\tasks.o
 .bss.xYieldPending
                0x200041fc        0x4 bin\middlewares\third_party\freertos\source\tasks.o
 *(COMMON)
 COMMON         0x20004200        0x4 bin\drivers\stm32f4xx_hal_driver\src\stm32f4xx_hal.o
                0x20004200                uwTick
 COMMON         0x20004204      0x108 bin\src\main.o
                0x20004204                xDecisionQueueHandle
                0x20004208                defaultTaskHandle
                0x2000420c                hi2c1
                0x20004260                AcceleroTaskHandle
                0x20004264                DecisionTaskHandle
                0x20004268                VisualTaskHandle
                0x2000426c                xVisualQueueHandle
                0x20004270                hspi1
                0x200042c8                hi2s3
 COMMON         0x2000430c       0x3c bin\src\stm32f4xx_hal_timebase_tim.o
                0x2000430c                htim1
                0x20004348                . = ALIGN (0x4)
                0x20004348                _ebss = .
                0x20004348                __bss_end__ = _ebss

._user_heap_stack
                0x20004348      0x600
                0x20004348                . = ALIGN (0x8)
                0x20004348                PROVIDE (end, .)
                0x20004348                PROVIDE (_end, .)
                0x20004548                . = (. + _Min_Heap_Size)
 *fill*         0x20004348      0x200 
                0x20004948                . = (. + _Min_Stack_Size)
 *fill*         0x20004548      0x400 
                0x20004948                . = ALIGN (0x8)

/DISCARD/
 libc.a(*)
 libm.a(*)
 libgcc.a(*)

.ARM.attributes
                0x00000000       0x30
 *(.ARM.attributes)
 .ARM.attributes
                0x00000000       0x22 c:/appz/embitz/0.42/share/em_armgcc/bin/../lib/gcc/arm-none-eabi/4.8.4/armv7e-m/fpu/crti.o
 .ARM.attributes
                0x00000022       0x34 c:/appz/embitz/0.42/share/em_armgcc/bin/../lib/gcc/arm-none-eabi/4.8.4/armv7e-m/fpu/crtbegin.o
 .ARM.attributes
                0x00000056       0x39 bin\bsp\lis302dl\lis302dl.o
 .ARM.attributes
                0x0000008f       0x39 bin\bsp\lis3dsh\lis3dsh.o
 .ARM.attributes
                0x000000c8       0x39 bin\bsp\stm32f4_discovery_accelerometer.o
 .ARM.attributes
                0x00000101       0x21 bin\drivers\cmsis\device\st\stm32f4xx\source\templates\gcc\startup_stm32f407xx.o
 .ARM.attributes
                0x00000122       0x39 bin\drivers\cmsis\device\st\stm32f4xx\source\templates\system_stm32f4xx.o
 .ARM.attributes
                0x0000015b       0x39 bin\drivers\stm32f4xx_hal_driver\src\stm32f4xx_hal.o
 .ARM.attributes
                0x00000194       0x39 bin\drivers\stm32f4xx_hal_driver\src\stm32f4xx_hal_cortex.o
 .ARM.attributes
                0x000001cd       0x39 bin\drivers\stm32f4xx_hal_driver\src\stm32f4xx_hal_gpio.o
 .ARM.attributes
                0x00000206       0x39 bin\drivers\stm32f4xx_hal_driver\src\stm32f4xx_hal_i2c.o
 .ARM.attributes
                0x0000023f       0x39 bin\drivers\stm32f4xx_hal_driver\src\stm32f4xx_hal_i2s_ex.o
 .ARM.attributes
                0x00000278       0x39 bin\drivers\stm32f4xx_hal_driver\src\stm32f4xx_hal_rcc.o
 .ARM.attributes
                0x000002b1       0x39 bin\drivers\stm32f4xx_hal_driver\src\stm32f4xx_hal_rcc_ex.o
 .ARM.attributes
                0x000002ea       0x39 bin\drivers\stm32f4xx_hal_driver\src\stm32f4xx_hal_spi.o
 .ARM.attributes
                0x00000323       0x39 bin\drivers\stm32f4xx_hal_driver\src\stm32f4xx_hal_tim.o
 .ARM.attributes
                0x0000035c       0x39 bin\drivers\stm32f4xx_hal_driver\src\stm32f4xx_hal_tim_ex.o
 .ARM.attributes
                0x00000395       0x39 bin\middlewares\third_party\freertos\source\cmsis_rtos\cmsis_os.o
 .ARM.attributes
                0x000003ce       0x39 bin\middlewares\third_party\freertos\source\list.o
 .ARM.attributes
                0x00000407       0x39 bin\middlewares\third_party\freertos\source\portable\gcc\arm_cm4f\port.o
 .ARM.attributes
                0x00000440       0x39 bin\middlewares\third_party\freertos\source\portable\memmang\heap_4.o
 .ARM.attributes
                0x00000479       0x39 bin\middlewares\third_party\freertos\source\queue.o
 .ARM.attributes
                0x000004b2       0x39 bin\middlewares\third_party\freertos\source\tasks.o
 .ARM.attributes
                0x000004eb       0x39 bin\src\main.o
 .ARM.attributes
                0x00000524       0x39 bin\src\stm32f4xx_hal_msp.o
 .ARM.attributes
                0x0000055d       0x39 bin\src\stm32f4xx_hal_timebase_tim.o
 .ARM.attributes
                0x00000596       0x39 bin\src\stm32f4xx_it.o
 .ARM.attributes
                0x000005cf       0x34 c:/appz/embitz/0.42/share/em_armgcc/bin/../lib/gcc/arm-none-eabi/4.8.4/../../../../arm-none-eabi/lib/armv7e-m/fpu\libg_n.a(lib_a-memcpy-stub.o)
 .ARM.attributes
                0x00000603       0x22 c:/appz/embitz/0.42/share/em_armgcc/bin/../lib/gcc/arm-none-eabi/4.8.4/armv7e-m/fpu/crtn.o
LOAD bin\bsp\lis302dl\lis302dl.o
LOAD bin\bsp\lis3dsh\lis3dsh.o
LOAD bin\bsp\stm32f4_discovery_accelerometer.o
LOAD bin\drivers\cmsis\device\st\stm32f4xx\source\templates\gcc\startup_stm32f407xx.o
LOAD bin\drivers\cmsis\device\st\stm32f4xx\source\templates\system_stm32f4xx.o
LOAD bin\drivers\stm32f4xx_hal_driver\src\stm32f4xx_hal.o
LOAD bin\drivers\stm32f4xx_hal_driver\src\stm32f4xx_hal_cortex.o
LOAD bin\drivers\stm32f4xx_hal_driver\src\stm32f4xx_hal_dma.o
LOAD bin\drivers\stm32f4xx_hal_driver\src\stm32f4xx_hal_dma_ex.o
LOAD bin\drivers\stm32f4xx_hal_driver\src\stm32f4xx_hal_flash.o
LOAD bin\drivers\stm32f4xx_hal_driver\src\stm32f4xx_hal_flash_ex.o
LOAD bin\drivers\stm32f4xx_hal_driver\src\stm32f4xx_hal_flash_ramfunc.o
LOAD bin\drivers\stm32f4xx_hal_driver\src\stm32f4xx_hal_gpio.o
LOAD bin\drivers\stm32f4xx_hal_driver\src\stm32f4xx_hal_i2c.o
LOAD bin\drivers\stm32f4xx_hal_driver\src\stm32f4xx_hal_i2c_ex.o
LOAD bin\drivers\stm32f4xx_hal_driver\src\stm32f4xx_hal_i2s.o
LOAD bin\drivers\stm32f4xx_hal_driver\src\stm32f4xx_hal_i2s_ex.o
LOAD bin\drivers\stm32f4xx_hal_driver\src\stm32f4xx_hal_pwr.o
LOAD bin\drivers\stm32f4xx_hal_driver\src\stm32f4xx_hal_pwr_ex.o
LOAD bin\drivers\stm32f4xx_hal_driver\src\stm32f4xx_hal_rcc.o
LOAD bin\drivers\stm32f4xx_hal_driver\src\stm32f4xx_hal_rcc_ex.o
LOAD bin\drivers\stm32f4xx_hal_driver\src\stm32f4xx_hal_spi.o
LOAD bin\drivers\stm32f4xx_hal_driver\src\stm32f4xx_hal_tim.o
LOAD bin\drivers\stm32f4xx_hal_driver\src\stm32f4xx_hal_tim_ex.o
LOAD bin\middlewares\third_party\freertos\source\cmsis_rtos\cmsis_os.o
LOAD bin\middlewares\third_party\freertos\source\croutine.o
LOAD bin\middlewares\third_party\freertos\source\event_groups.o
LOAD bin\middlewares\third_party\freertos\source\list.o
LOAD bin\middlewares\third_party\freertos\source\portable\gcc\arm_cm4f\port.o
LOAD bin\middlewares\third_party\freertos\source\portable\memmang\heap_4.o
LOAD bin\middlewares\third_party\freertos\source\queue.o
LOAD bin\middlewares\third_party\freertos\source\tasks.o
LOAD bin\middlewares\third_party\freertos\source\timers.o
LOAD bin\src\freertos.o
LOAD bin\src\main.o
LOAD bin\src\stm32f4xx_hal_msp.o
LOAD bin\src\stm32f4xx_hal_timebase_tim.o
LOAD bin\src\stm32f4xx_it.o
START GROUP
LOAD c:/appz/embitz/0.42/share/em_armgcc/bin/../lib/gcc/arm-none-eabi/4.8.4/armv7e-m/fpu\libgcc.a
LOAD c:/appz/embitz/0.42/share/em_armgcc/bin/../lib/gcc/arm-none-eabi/4.8.4/../../../../arm-none-eabi/lib/armv7e-m/fpu\libg_n.a
LOAD c:/appz/embitz/0.42/share/em_armgcc/bin/../lib/gcc/arm-none-eabi/4.8.4/../../../../arm-none-eabi/lib/armv7e-m/fpu\libc_n.a
END GROUP
START GROUP
LOAD c:/appz/embitz/0.42/share/em_armgcc/bin/../lib/gcc/arm-none-eabi/4.8.4/armv7e-m/fpu\libgcc.a
LOAD c:/appz/embitz/0.42/share/em_armgcc/bin/../lib/gcc/arm-none-eabi/4.8.4/../../../../arm-none-eabi/lib/armv7e-m/fpu\libc_n.a
LOAD c:/appz/embitz/0.42/share/em_armgcc/bin/../lib/gcc/arm-none-eabi/4.8.4/../../../../arm-none-eabi/lib/armv7e-m/fpu\libnosys_s.a
END GROUP
LOAD c:/appz/embitz/0.42/share/em_armgcc/bin/../lib/gcc/arm-none-eabi/4.8.4/armv7e-m/fpu/crtend.o
LOAD c:/appz/embitz/0.42/share/em_armgcc/bin/../lib/gcc/arm-none-eabi/4.8.4/armv7e-m/fpu/crtn.o
OUTPUT(bin\MPOA.elf elf32-littlearm)

.debug_info     0x00000000    0x19dbf
 .debug_info    0x00000000      0x843 bin\bsp\lis302dl\lis302dl.o
 .debug_info    0x00000843      0x8c0 bin\bsp\lis3dsh\lis3dsh.o
 .debug_info    0x00001103      0x463 bin\bsp\stm32f4_discovery_accelerometer.o
 .debug_info    0x00001566       0x86 bin\drivers\cmsis\device\st\stm32f4xx\source\templates\gcc\startup_stm32f407xx.o
 .debug_info    0x000015ec      0x4a5 bin\drivers\cmsis\device\st\stm32f4xx\source\templates\system_stm32f4xx.o
 .debug_info    0x00001a91      0x912 bin\drivers\stm32f4xx_hal_driver\src\stm32f4xx_hal.o
 .debug_info    0x000023a3      0xe72 bin\drivers\stm32f4xx_hal_driver\src\stm32f4xx_hal_cortex.o
 .debug_info    0x00003215      0x70a bin\drivers\stm32f4xx_hal_driver\src\stm32f4xx_hal_gpio.o
 .debug_info    0x0000391f     0x2f63 bin\drivers\stm32f4xx_hal_driver\src\stm32f4xx_hal_i2c.o
 .debug_info    0x00006882      0xe60 bin\drivers\stm32f4xx_hal_driver\src\stm32f4xx_hal_i2s_ex.o
 .debug_info    0x000076e2      0xcaf bin\drivers\stm32f4xx_hal_driver\src\stm32f4xx_hal_rcc.o
 .debug_info    0x00008391      0x561 bin\drivers\stm32f4xx_hal_driver\src\stm32f4xx_hal_rcc_ex.o
 .debug_info    0x000088f2     0x17b1 bin\drivers\stm32f4xx_hal_driver\src\stm32f4xx_hal_spi.o
 .debug_info    0x0000a0a3     0x37da bin\drivers\stm32f4xx_hal_driver\src\stm32f4xx_hal_tim.o
 .debug_info    0x0000d87d     0x1597 bin\drivers\stm32f4xx_hal_driver\src\stm32f4xx_hal_tim_ex.o
 .debug_info    0x0000ee14     0x1ec1 bin\middlewares\third_party\freertos\source\cmsis_rtos\cmsis_os.o
 .debug_info    0x00010cd5      0x29a bin\middlewares\third_party\freertos\source\list.o
 .debug_info    0x00010f6f      0x54a bin\middlewares\third_party\freertos\source\portable\gcc\arm_cm4f\port.o
 .debug_info    0x000114b9      0x48f bin\middlewares\third_party\freertos\source\portable\memmang\heap_4.o
 .debug_info    0x00011948     0x176f bin\middlewares\third_party\freertos\source\queue.o
 .debug_info    0x000130b7     0x27c5 bin\middlewares\third_party\freertos\source\tasks.o
 .debug_info    0x0001587c     0x221b bin\src\main.o
 .debug_info    0x00017a97     0x11d8 bin\src\stm32f4xx_hal_msp.o
 .debug_info    0x00018c6f      0xb86 bin\src\stm32f4xx_hal_timebase_tim.o
 .debug_info    0x000197f5      0x5ca bin\src\stm32f4xx_it.o

.debug_abbrev   0x00000000     0x3a11
 .debug_abbrev  0x00000000      0x1ce bin\bsp\lis302dl\lis302dl.o
 .debug_abbrev  0x000001ce      0x1ce bin\bsp\lis3dsh\lis3dsh.o
 .debug_abbrev  0x0000039c      0x15f bin\bsp\stm32f4_discovery_accelerometer.o
 .debug_abbrev  0x000004fb       0x12 bin\drivers\cmsis\device\st\stm32f4xx\source\templates\gcc\startup_stm32f407xx.o
 .debug_abbrev  0x0000050d      0x101 bin\drivers\cmsis\device\st\stm32f4xx\source\templates\system_stm32f4xx.o
 .debug_abbrev  0x0000060e      0x258 bin\drivers\stm32f4xx_hal_driver\src\stm32f4xx_hal.o
 .debug_abbrev  0x00000866      0x2e6 bin\drivers\stm32f4xx_hal_driver\src\stm32f4xx_hal_cortex.o
 .debug_abbrev  0x00000b4c      0x1c6 bin\drivers\stm32f4xx_hal_driver\src\stm32f4xx_hal_gpio.o
 .debug_abbrev  0x00000d12      0x330 bin\drivers\stm32f4xx_hal_driver\src\stm32f4xx_hal_i2c.o
 .debug_abbrev  0x00001042      0x2b7 bin\drivers\stm32f4xx_hal_driver\src\stm32f4xx_hal_i2s_ex.o
 .debug_abbrev  0x000012f9      0x333 bin\drivers\stm32f4xx_hal_driver\src\stm32f4xx_hal_rcc.o
 .debug_abbrev  0x0000162c      0x215 bin\drivers\stm32f4xx_hal_driver\src\stm32f4xx_hal_rcc_ex.o
 .debug_abbrev  0x00001841      0x2db bin\drivers\stm32f4xx_hal_driver\src\stm32f4xx_hal_spi.o
 .debug_abbrev  0x00001b1c      0x325 bin\drivers\stm32f4xx_hal_driver\src\stm32f4xx_hal_tim.o
 .debug_abbrev  0x00001e41      0x287 bin\drivers\stm32f4xx_hal_driver\src\stm32f4xx_hal_tim_ex.o
 .debug_abbrev  0x000020c8      0x408 bin\middlewares\third_party\freertos\source\cmsis_rtos\cmsis_os.o
 .debug_abbrev  0x000024d0       0xdc bin\middlewares\third_party\freertos\source\list.o
 .debug_abbrev  0x000025ac      0x20f bin\middlewares\third_party\freertos\source\portable\gcc\arm_cm4f\port.o
 .debug_abbrev  0x000027bb      0x243 bin\middlewares\third_party\freertos\source\portable\memmang\heap_4.o
 .debug_abbrev  0x000029fe      0x376 bin\middlewares\third_party\freertos\source\queue.o
 .debug_abbrev  0x00002d74      0x3d5 bin\middlewares\third_party\freertos\source\tasks.o
 .debug_abbrev  0x00003149      0x3a7 bin\src\main.o
 .debug_abbrev  0x000034f0      0x1be bin\src\stm32f4xx_hal_msp.o
 .debug_abbrev  0x000036ae      0x1ff bin\src\stm32f4xx_hal_timebase_tim.o
 .debug_abbrev  0x000038ad      0x164 bin\src\stm32f4xx_it.o

.debug_loc      0x00000000    0x10909
 .debug_loc     0x00000000      0x15d bin\bsp\lis302dl\lis302dl.o
 .debug_loc     0x0000015d      0x1ae bin\bsp\lis3dsh\lis3dsh.o
 .debug_loc     0x0000030b      0x18c bin\bsp\stm32f4_discovery_accelerometer.o
 .debug_loc     0x00000497      0x151 bin\drivers\cmsis\device\st\stm32f4xx\source\templates\system_stm32f4xx.o
 .debug_loc     0x000005e8       0x90 bin\drivers\stm32f4xx_hal_driver\src\stm32f4xx_hal.o
 .debug_loc     0x00000678      0x582 bin\drivers\stm32f4xx_hal_driver\src\stm32f4xx_hal_cortex.o
 .debug_loc     0x00000bfa      0x4cb bin\drivers\stm32f4xx_hal_driver\src\stm32f4xx_hal_gpio.o
 .debug_loc     0x000010c5     0x3097 bin\drivers\stm32f4xx_hal_driver\src\stm32f4xx_hal_i2c.o
 .debug_loc     0x0000415c      0xfdb bin\drivers\stm32f4xx_hal_driver\src\stm32f4xx_hal_i2s_ex.o
 .debug_loc     0x00005137      0x68e bin\drivers\stm32f4xx_hal_driver\src\stm32f4xx_hal_rcc.o
 .debug_loc     0x000057c5      0x19a bin\drivers\stm32f4xx_hal_driver\src\stm32f4xx_hal_rcc_ex.o
 .debug_loc     0x0000595f     0x164a bin\drivers\stm32f4xx_hal_driver\src\stm32f4xx_hal_spi.o
 .debug_loc     0x00006fa9     0x41cf bin\drivers\stm32f4xx_hal_driver\src\stm32f4xx_hal_tim.o
 .debug_loc     0x0000b178     0x12de bin\drivers\stm32f4xx_hal_driver\src\stm32f4xx_hal_tim_ex.o
 .debug_loc     0x0000c456     0x12de bin\middlewares\third_party\freertos\source\cmsis_rtos\cmsis_os.o
 .debug_loc     0x0000d734       0x70 bin\middlewares\third_party\freertos\source\list.o
 .debug_loc     0x0000d7a4       0xd0 bin\middlewares\third_party\freertos\source\portable\gcc\arm_cm4f\port.o
 .debug_loc     0x0000d874      0x3b0 bin\middlewares\third_party\freertos\source\portable\memmang\heap_4.o
 .debug_loc     0x0000dc24      0xe4a bin\middlewares\third_party\freertos\source\queue.o
 .debug_loc     0x0000ea6e     0x1b3b bin\middlewares\third_party\freertos\source\tasks.o
 .debug_loc     0x000105a9      0x20f bin\src\main.o
 .debug_loc     0x000107b8       0xc6 bin\src\stm32f4xx_hal_msp.o
 .debug_loc     0x0001087e       0x8b bin\src\stm32f4xx_hal_timebase_tim.o

.debug_aranges  0x00000000     0x1238
 .debug_aranges
                0x00000000       0x78 bin\bsp\lis302dl\lis302dl.o
 .debug_aranges
                0x00000078       0x68 bin\bsp\lis3dsh\lis3dsh.o
 .debug_aranges
                0x000000e0       0x48 bin\bsp\stm32f4_discovery_accelerometer.o
 .debug_aranges
                0x00000128       0x28 bin\drivers\cmsis\device\st\stm32f4xx\source\templates\gcc\startup_stm32f407xx.o
 .debug_aranges
                0x00000150       0x28 bin\drivers\cmsis\device\st\stm32f4xx\source\templates\system_stm32f4xx.o
 .debug_aranges
                0x00000178       0xc0 bin\drivers\stm32f4xx_hal_driver\src\stm32f4xx_hal.o
 .debug_aranges
                0x00000238       0x98 bin\drivers\stm32f4xx_hal_driver\src\stm32f4xx_hal_cortex.o
 .debug_aranges
                0x000002d0       0x58 bin\drivers\stm32f4xx_hal_driver\src\stm32f4xx_hal_gpio.o
 .debug_aranges
                0x00000328      0x1d8 bin\drivers\stm32f4xx_hal_driver\src\stm32f4xx_hal_i2c.o
 .debug_aranges
                0x00000500       0x78 bin\drivers\stm32f4xx_hal_driver\src\stm32f4xx_hal_i2s_ex.o
 .debug_aranges
                0x00000578       0x88 bin\drivers\stm32f4xx_hal_driver\src\stm32f4xx_hal_rcc.o
 .debug_aranges
                0x00000600       0x30 bin\drivers\stm32f4xx_hal_driver\src\stm32f4xx_hal_rcc_ex.o
 .debug_aranges
                0x00000630      0x190 bin\drivers\stm32f4xx_hal_driver\src\stm32f4xx_hal_spi.o
 .debug_aranges
                0x000007c0      0x330 bin\drivers\stm32f4xx_hal_driver\src\stm32f4xx_hal_tim.o
 .debug_aranges
                0x00000af0      0x138 bin\drivers\stm32f4xx_hal_driver\src\stm32f4xx_hal_tim_ex.o
 .debug_aranges
                0x00000c28      0x198 bin\middlewares\third_party\freertos\source\cmsis_rtos\cmsis_os.o
 .debug_aranges
                0x00000dc0       0x40 bin\middlewares\third_party\freertos\source\list.o
 .debug_aranges
                0x00000e00       0x80 bin\middlewares\third_party\freertos\source\portable\gcc\arm_cm4f\port.o
 .debug_aranges
                0x00000e80       0x48 bin\middlewares\third_party\freertos\source\portable\memmang\heap_4.o
 .debug_aranges
                0x00000ec8       0xd0 bin\middlewares\third_party\freertos\source\queue.o
 .debug_aranges
                0x00000f98      0x180 bin\middlewares\third_party\freertos\source\tasks.o
 .debug_aranges
                0x00001118       0x78 bin\src\main.o
 .debug_aranges
                0x00001190       0x50 bin\src\stm32f4xx_hal_msp.o
 .debug_aranges
                0x000011e0       0x30 bin\src\stm32f4xx_hal_timebase_tim.o
 .debug_aranges
                0x00001210       0x28 bin\src\stm32f4xx_it.o

.debug_ranges   0x00000000     0x1c20
 .debug_ranges  0x00000000       0x68 bin\bsp\lis302dl\lis302dl.o
 .debug_ranges  0x00000068       0x58 bin\bsp\lis3dsh\lis3dsh.o
 .debug_ranges  0x000000c0       0x38 bin\bsp\stm32f4_discovery_accelerometer.o
 .debug_ranges  0x000000f8       0x20 bin\drivers\cmsis\device\st\stm32f4xx\source\templates\gcc\startup_stm32f407xx.o
 .debug_ranges  0x00000118       0x18 bin\drivers\cmsis\device\st\stm32f4xx\source\templates\system_stm32f4xx.o
 .debug_ranges  0x00000130       0xb0 bin\drivers\stm32f4xx_hal_driver\src\stm32f4xx_hal.o
 .debug_ranges  0x000001e0      0x140 bin\drivers\stm32f4xx_hal_driver\src\stm32f4xx_hal_cortex.o
 .debug_ranges  0x00000320       0x60 bin\drivers\stm32f4xx_hal_driver\src\stm32f4xx_hal_gpio.o
 .debug_ranges  0x00000380      0x4a8 bin\drivers\stm32f4xx_hal_driver\src\stm32f4xx_hal_i2c.o
 .debug_ranges  0x00000828       0x68 bin\drivers\stm32f4xx_hal_driver\src\stm32f4xx_hal_i2s_ex.o
 .debug_ranges  0x00000890      0x1a0 bin\drivers\stm32f4xx_hal_driver\src\stm32f4xx_hal_rcc.o
 .debug_ranges  0x00000a30       0x50 bin\drivers\stm32f4xx_hal_driver\src\stm32f4xx_hal_rcc_ex.o
 .debug_ranges  0x00000a80      0x218 bin\drivers\stm32f4xx_hal_driver\src\stm32f4xx_hal_spi.o
 .debug_ranges  0x00000c98      0x410 bin\drivers\stm32f4xx_hal_driver\src\stm32f4xx_hal_tim.o
 .debug_ranges  0x000010a8      0x140 bin\drivers\stm32f4xx_hal_driver\src\stm32f4xx_hal_tim_ex.o
 .debug_ranges  0x000011e8      0x1f0 bin\middlewares\third_party\freertos\source\cmsis_rtos\cmsis_os.o
 .debug_ranges  0x000013d8       0x30 bin\middlewares\third_party\freertos\source\list.o
 .debug_ranges  0x00001408       0x88 bin\middlewares\third_party\freertos\source\portable\gcc\arm_cm4f\port.o
 .debug_ranges  0x00001490       0x38 bin\middlewares\third_party\freertos\source\portable\memmang\heap_4.o
 .debug_ranges  0x000014c8      0x108 bin\middlewares\third_party\freertos\source\queue.o
 .debug_ranges  0x000015d0      0x428 bin\middlewares\third_party\freertos\source\tasks.o
 .debug_ranges  0x000019f8      0x138 bin\src\main.o
 .debug_ranges  0x00001b30       0x90 bin\src\stm32f4xx_hal_msp.o
 .debug_ranges  0x00001bc0       0x48 bin\src\stm32f4xx_hal_timebase_tim.o
 .debug_ranges  0x00001c08       0x18 bin\src\stm32f4xx_it.o

.debug_line     0x00000000     0x9699
 .debug_line    0x00000000      0x248 bin\bsp\lis302dl\lis302dl.o
 .debug_line    0x00000248      0x23e bin\bsp\lis3dsh\lis3dsh.o
 .debug_line    0x00000486      0x23b bin\bsp\stm32f4_discovery_accelerometer.o
 .debug_line    0x000006c1       0xab bin\drivers\cmsis\device\st\stm32f4xx\source\templates\gcc\startup_stm32f407xx.o
 .debug_line    0x0000076c      0x1bc bin\drivers\cmsis\device\st\stm32f4xx\source\templates\system_stm32f4xx.o
 .debug_line    0x00000928      0x370 bin\drivers\stm32f4xx_hal_driver\src\stm32f4xx_hal.o
 .debug_line    0x00000c98      0x3da bin\drivers\stm32f4xx_hal_driver\src\stm32f4xx_hal_cortex.o
 .debug_line    0x00001072      0x3af bin\drivers\stm32f4xx_hal_driver\src\stm32f4xx_hal_gpio.o
 .debug_line    0x00001421     0x159f bin\drivers\stm32f4xx_hal_driver\src\stm32f4xx_hal_i2c.o
 .debug_line    0x000029c0      0x722 bin\drivers\stm32f4xx_hal_driver\src\stm32f4xx_hal_i2s_ex.o
 .debug_line    0x000030e2      0x5fd bin\drivers\stm32f4xx_hal_driver\src\stm32f4xx_hal_rcc.o
 .debug_line    0x000036df      0x305 bin\drivers\stm32f4xx_hal_driver\src\stm32f4xx_hal_rcc_ex.o
 .debug_line    0x000039e4      0xc02 bin\drivers\stm32f4xx_hal_driver\src\stm32f4xx_hal_spi.o
 .debug_line    0x000045e6     0x160c bin\drivers\stm32f4xx_hal_driver\src\stm32f4xx_hal_tim.o
 .debug_line    0x00005bf2      0x8ac bin\drivers\stm32f4xx_hal_driver\src\stm32f4xx_hal_tim_ex.o
 .debug_line    0x0000649e      0x892 bin\middlewares\third_party\freertos\source\cmsis_rtos\cmsis_os.o
 .debug_line    0x00006d30      0x1fa bin\middlewares\third_party\freertos\source\list.o
 .debug_line    0x00006f2a      0x356 bin\middlewares\third_party\freertos\source\portable\gcc\arm_cm4f\port.o
 .debug_line    0x00007280      0x310 bin\middlewares\third_party\freertos\source\portable\memmang\heap_4.o
 .debug_line    0x00007590      0x713 bin\middlewares\third_party\freertos\source\queue.o
 .debug_line    0x00007ca3      0xd07 bin\middlewares\third_party\freertos\source\tasks.o
 .debug_line    0x000089aa      0x5c7 bin\src\main.o
 .debug_line    0x00008f71      0x2f8 bin\src\stm32f4xx_hal_msp.o
 .debug_line    0x00009269      0x232 bin\src\stm32f4xx_hal_timebase_tim.o
 .debug_line    0x0000949b      0x1fe bin\src\stm32f4xx_it.o

.debug_str      0x00000000     0x63ae
 .debug_str     0x00000000      0x3d4 bin\bsp\lis302dl\lis302dl.o
                                0x46d (size before relaxing)
 .debug_str     0x000003d4      0x1e8 bin\bsp\lis3dsh\lis3dsh.o
                                0x496 (size before relaxing)
 .debug_str     0x000005bc      0x22e bin\bsp\stm32f4_discovery_accelerometer.o
                                0x45a (size before relaxing)
 .debug_str     0x000007ea      0x1e8 bin\drivers\cmsis\device\st\stm32f4xx\source\templates\system_stm32f4xx.o
                                0x384 (size before relaxing)
 .debug_str     0x000009d2      0x7e2 bin\drivers\stm32f4xx_hal_driver\src\stm32f4xx_hal.o
                                0xa81 (size before relaxing)
 .debug_str     0x000011b4      0x322 bin\drivers\stm32f4xx_hal_driver\src\stm32f4xx_hal_cortex.o
                                0xbcb (size before relaxing)
 .debug_str     0x000014d6      0x1c3 bin\drivers\stm32f4xx_hal_driver\src\stm32f4xx_hal_gpio.o
                                0x4d3 (size before relaxing)
 .debug_str     0x00001699      0xc7b bin\drivers\stm32f4xx_hal_driver\src\stm32f4xx_hal_i2c.o
                                0xf1d (size before relaxing)
 .debug_str     0x00002314      0x396 bin\drivers\stm32f4xx_hal_driver\src\stm32f4xx_hal_i2s_ex.o
                                0x937 (size before relaxing)
 .debug_str     0x000026aa      0x2ad bin\drivers\stm32f4xx_hal_driver\src\stm32f4xx_hal_rcc.o
                                0x6ae (size before relaxing)
 .debug_str     0x00002957       0xf2 bin\drivers\stm32f4xx_hal_driver\src\stm32f4xx_hal_rcc_ex.o
                                0x433 (size before relaxing)
 .debug_str     0x00002a49      0x579 bin\drivers\stm32f4xx_hal_driver\src\stm32f4xx_hal_spi.o
                                0xad5 (size before relaxing)
 .debug_str     0x00002fc2      0xee4 bin\drivers\stm32f4xx_hal_driver\src\stm32f4xx_hal_tim.o
                               0x1386 (size before relaxing)
 .debug_str     0x00003ea6      0x502 bin\drivers\stm32f4xx_hal_driver\src\stm32f4xx_hal_tim_ex.o
                                0xc3e (size before relaxing)
 .debug_str     0x000043a8      0xb0d bin\middlewares\third_party\freertos\source\cmsis_rtos\cmsis_os.o
                                0xd51 (size before relaxing)
 .debug_str     0x00004eb5      0x14c bin\middlewares\third_party\freertos\source\list.o
                                0x2d1 (size before relaxing)
 .debug_str     0x00005001      0x20f bin\middlewares\third_party\freertos\source\portable\gcc\arm_cm4f\port.o
                                0x45b (size before relaxing)
 .debug_str     0x00005210      0x1de bin\middlewares\third_party\freertos\source\portable\memmang\heap_4.o
                                0x3c5 (size before relaxing)
 .debug_str     0x000053ee      0x487 bin\middlewares\third_party\freertos\source\queue.o
                                0x8b9 (size before relaxing)
 .debug_str     0x00005875      0x805 bin\middlewares\third_party\freertos\source\tasks.o
                                0xf6e (size before relaxing)
 .debug_str     0x0000607a      0x270 bin\src\main.o
                               0x1a49 (size before relaxing)
 .debug_str     0x000062ea       0x2a bin\src\stm32f4xx_hal_msp.o
                               0x10ad (size before relaxing)
 .debug_str     0x00006314       0x5e bin\src\stm32f4xx_hal_timebase_tim.o
                                0xd3a (size before relaxing)
 .debug_str     0x00006372       0x3c bin\src\stm32f4xx_it.o
                                0x5f5 (size before relaxing)

.comment        0x00000000       0x46
 .comment       0x00000000       0x46 bin\bsp\lis302dl\lis302dl.o
                                 0x47 (size before relaxing)
 .comment       0x00000000       0x47 bin\bsp\lis3dsh\lis3dsh.o
 .comment       0x00000000       0x47 bin\bsp\stm32f4_discovery_accelerometer.o
 .comment       0x00000000       0x47 bin\drivers\cmsis\device\st\stm32f4xx\source\templates\system_stm32f4xx.o
 .comment       0x00000000       0x47 bin\drivers\stm32f4xx_hal_driver\src\stm32f4xx_hal.o
 .comment       0x00000000       0x47 bin\drivers\stm32f4xx_hal_driver\src\stm32f4xx_hal_cortex.o
 .comment       0x00000000       0x47 bin\drivers\stm32f4xx_hal_driver\src\stm32f4xx_hal_gpio.o
 .comment       0x00000000       0x47 bin\drivers\stm32f4xx_hal_driver\src\stm32f4xx_hal_i2c.o
 .comment       0x00000000       0x47 bin\drivers\stm32f4xx_hal_driver\src\stm32f4xx_hal_i2s_ex.o
 .comment       0x00000000       0x47 bin\drivers\stm32f4xx_hal_driver\src\stm32f4xx_hal_rcc.o
 .comment       0x00000000       0x47 bin\drivers\stm32f4xx_hal_driver\src\stm32f4xx_hal_rcc_ex.o
 .comment       0x00000000       0x47 bin\drivers\stm32f4xx_hal_driver\src\stm32f4xx_hal_spi.o
 .comment       0x00000000       0x47 bin\drivers\stm32f4xx_hal_driver\src\stm32f4xx_hal_tim.o
 .comment       0x00000000       0x47 bin\drivers\stm32f4xx_hal_driver\src\stm32f4xx_hal_tim_ex.o
 .comment       0x00000000       0x47 bin\middlewares\third_party\freertos\source\cmsis_rtos\cmsis_os.o
 .comment       0x00000000       0x47 bin\middlewares\third_party\freertos\source\list.o
 .comment       0x00000000       0x47 bin\middlewares\third_party\freertos\source\portable\gcc\arm_cm4f\port.o
 .comment       0x00000000       0x47 bin\middlewares\third_party\freertos\source\portable\memmang\heap_4.o
 .comment       0x00000000       0x47 bin\middlewares\third_party\freertos\source\queue.o
 .comment       0x00000000       0x47 bin\middlewares\third_party\freertos\source\tasks.o
 .comment       0x00000000       0x47 bin\src\main.o
 .comment       0x00000000       0x47 bin\src\stm32f4xx_hal_msp.o
 .comment       0x00000000       0x47 bin\src\stm32f4xx_hal_timebase_tim.o
 .comment       0x00000000       0x47 bin\src\stm32f4xx_it.o

.debug_frame    0x00000000     0x304c
 .debug_frame   0x00000000      0x150 bin\bsp\lis302dl\lis302dl.o
 .debug_frame   0x00000150      0x11c bin\bsp\lis3dsh\lis3dsh.o
 .debug_frame   0x0000026c       0xa8 bin\bsp\stm32f4_discovery_accelerometer.o
 .debug_frame   0x00000314       0x38 bin\drivers\cmsis\device\st\stm32f4xx\source\templates\system_stm32f4xx.o
 .debug_frame   0x0000034c      0x184 bin\drivers\stm32f4xx_hal_driver\src\stm32f4xx_hal.o
 .debug_frame   0x000004d0      0x144 bin\drivers\stm32f4xx_hal_driver\src\stm32f4xx_hal_cortex.o
 .debug_frame   0x00000614       0xc8 bin\drivers\stm32f4xx_hal_driver\src\stm32f4xx_hal_gpio.o
 .debug_frame   0x000006dc      0x634 bin\drivers\stm32f4xx_hal_driver\src\stm32f4xx_hal_i2c.o
 .debug_frame   0x00000d10      0x148 bin\drivers\stm32f4xx_hal_driver\src\stm32f4xx_hal_i2s_ex.o
 .debug_frame   0x00000e58      0x140 bin\drivers\stm32f4xx_hal_driver\src\stm32f4xx_hal_rcc.o
 .debug_frame   0x00000f98       0x60 bin\drivers\stm32f4xx_hal_driver\src\stm32f4xx_hal_rcc_ex.o
 .debug_frame   0x00000ff8      0x44c bin\drivers\stm32f4xx_hal_driver\src\stm32f4xx_hal_spi.o
 .debug_frame   0x00001444      0x894 bin\drivers\stm32f4xx_hal_driver\src\stm32f4xx_hal_tim.o
 .debug_frame   0x00001cd8      0x364 bin\drivers\stm32f4xx_hal_driver\src\stm32f4xx_hal_tim_ex.o
 .debug_frame   0x0000203c      0x468 bin\middlewares\third_party\freertos\source\cmsis_rtos\cmsis_os.o
 .debug_frame   0x000024a4       0x68 bin\middlewares\third_party\freertos\source\list.o
 .debug_frame   0x0000250c      0x104 bin\middlewares\third_party\freertos\source\portable\gcc\arm_cm4f\port.o
 .debug_frame   0x00002610       0x90 bin\middlewares\third_party\freertos\source\portable\memmang\heap_4.o
 .debug_frame   0x000026a0      0x25c bin\middlewares\third_party\freertos\source\queue.o
 .debug_frame   0x000028fc      0x4a0 bin\middlewares\third_party\freertos\source\tasks.o
 .debug_frame   0x00002d9c      0x14c bin\src\main.o
 .debug_frame   0x00002ee8       0xbc bin\src\stm32f4xx_hal_msp.o
 .debug_frame   0x00002fa4       0x50 bin\src\stm32f4xx_hal_timebase_tim.o
 .debug_frame   0x00002ff4       0x30 bin\src\stm32f4xx_it.o
 .debug_frame   0x00003024       0x28 c:/appz/embitz/0.42/share/em_armgcc/bin/../lib/gcc/arm-none-eabi/4.8.4/../../../../arm-none-eabi/lib/armv7e-m/fpu\libg_n.a(lib_a-memcpy-stub.o)
