Archive member included because of file (symbol)

c:/appz/embitz/0.42/share/em_armgcc/bin/../lib/gcc/arm-none-eabi/4.8.4/../../../../arm-none-eabi/lib/armv7e-m/fpu\libc.a(lib_a-exit.o)
                              c:/appz/embitz/0.42/share/em_armgcc/bin/../lib/gcc/arm-none-eabi/4.8.4/../../../../arm-none-eabi/lib/armv7e-m/fpu/crt0.o (exit)
c:/appz/embitz/0.42/share/em_armgcc/bin/../lib/gcc/arm-none-eabi/4.8.4/../../../../arm-none-eabi/lib/armv7e-m/fpu\libc.a(lib_a-impure.o)
                              c:/appz/embitz/0.42/share/em_armgcc/bin/../lib/gcc/arm-none-eabi/4.8.4/../../../../arm-none-eabi/lib/armv7e-m/fpu\libc.a(lib_a-exit.o) (_global_impure_ptr)
c:/appz/embitz/0.42/share/em_armgcc/bin/../lib/gcc/arm-none-eabi/4.8.4/../../../../arm-none-eabi/lib/armv7e-m/fpu\libc.a(lib_a-init.o)
                              c:/appz/embitz/0.42/share/em_armgcc/bin/../lib/gcc/arm-none-eabi/4.8.4/../../../../arm-none-eabi/lib/armv7e-m/fpu/crt0.o (__libc_init_array)
c:/appz/embitz/0.42/share/em_armgcc/bin/../lib/gcc/arm-none-eabi/4.8.4/../../../../arm-none-eabi/lib/armv7e-m/fpu\libc.a(lib_a-memset.o)
                              c:/appz/embitz/0.42/share/em_armgcc/bin/../lib/gcc/arm-none-eabi/4.8.4/../../../../arm-none-eabi/lib/armv7e-m/fpu/crt0.o (memset)
c:/appz/embitz/0.42/share/em_armgcc/bin/../lib/gcc/arm-none-eabi/4.8.4/../../../../arm-none-eabi/lib/armv7e-m/fpu\libc.a(lib_a-__call_atexit.o)
                              c:/appz/embitz/0.42/share/em_armgcc/bin/../lib/gcc/arm-none-eabi/4.8.4/../../../../arm-none-eabi/lib/armv7e-m/fpu\libc.a(lib_a-exit.o) (__call_exitprocs)
c:/appz/embitz/0.42/share/em_armgcc/bin/../lib/gcc/arm-none-eabi/4.8.4/../../../../arm-none-eabi/lib/armv7e-m/fpu\libc.a(lib_a-atexit.o)
                              c:/appz/embitz/0.42/share/em_armgcc/bin/../lib/gcc/arm-none-eabi/4.8.4/../../../../arm-none-eabi/lib/armv7e-m/fpu\libc.a(lib_a-__call_atexit.o) (atexit)
c:/appz/embitz/0.42/share/em_armgcc/bin/../lib/gcc/arm-none-eabi/4.8.4/../../../../arm-none-eabi/lib/armv7e-m/fpu\libc.a(lib_a-fini.o)
                              c:/appz/embitz/0.42/share/em_armgcc/bin/../lib/gcc/arm-none-eabi/4.8.4/../../../../arm-none-eabi/lib/armv7e-m/fpu\libc.a(lib_a-__call_atexit.o) (__libc_fini_array)
c:/appz/embitz/0.42/share/em_armgcc/bin/../lib/gcc/arm-none-eabi/4.8.4/../../../../arm-none-eabi/lib/armv7e-m/fpu\libc.a(lib_a-__atexit.o)
                              c:/appz/embitz/0.42/share/em_armgcc/bin/../lib/gcc/arm-none-eabi/4.8.4/../../../../arm-none-eabi/lib/armv7e-m/fpu\libc.a(lib_a-atexit.o) (__register_exitproc)
c:/appz/embitz/0.42/share/em_armgcc/bin/../lib/gcc/arm-none-eabi/4.8.4/../../../../arm-none-eabi/lib/armv7e-m/fpu\libm.a(lib_a-s_cos.o)
                              bin\src\main.o (cos)
c:/appz/embitz/0.42/share/em_armgcc/bin/../lib/gcc/arm-none-eabi/4.8.4/../../../../arm-none-eabi/lib/armv7e-m/fpu\libm.a(lib_a-s_sin.o)
                              bin\src\main.o (sin)
c:/appz/embitz/0.42/share/em_armgcc/bin/../lib/gcc/arm-none-eabi/4.8.4/../../../../arm-none-eabi/lib/armv7e-m/fpu\libm.a(lib_a-e_rem_pio2.o)
                              c:/appz/embitz/0.42/share/em_armgcc/bin/../lib/gcc/arm-none-eabi/4.8.4/../../../../arm-none-eabi/lib/armv7e-m/fpu\libm.a(lib_a-s_cos.o) (__ieee754_rem_pio2)
c:/appz/embitz/0.42/share/em_armgcc/bin/../lib/gcc/arm-none-eabi/4.8.4/../../../../arm-none-eabi/lib/armv7e-m/fpu\libm.a(lib_a-k_cos.o)
                              c:/appz/embitz/0.42/share/em_armgcc/bin/../lib/gcc/arm-none-eabi/4.8.4/../../../../arm-none-eabi/lib/armv7e-m/fpu\libm.a(lib_a-s_cos.o) (__kernel_cos)
c:/appz/embitz/0.42/share/em_armgcc/bin/../lib/gcc/arm-none-eabi/4.8.4/../../../../arm-none-eabi/lib/armv7e-m/fpu\libm.a(lib_a-k_rem_pio2.o)
                              c:/appz/embitz/0.42/share/em_armgcc/bin/../lib/gcc/arm-none-eabi/4.8.4/../../../../arm-none-eabi/lib/armv7e-m/fpu\libm.a(lib_a-e_rem_pio2.o) (__kernel_rem_pio2)
c:/appz/embitz/0.42/share/em_armgcc/bin/../lib/gcc/arm-none-eabi/4.8.4/../../../../arm-none-eabi/lib/armv7e-m/fpu\libm.a(lib_a-k_sin.o)
                              c:/appz/embitz/0.42/share/em_armgcc/bin/../lib/gcc/arm-none-eabi/4.8.4/../../../../arm-none-eabi/lib/armv7e-m/fpu\libm.a(lib_a-s_cos.o) (__kernel_sin)
c:/appz/embitz/0.42/share/em_armgcc/bin/../lib/gcc/arm-none-eabi/4.8.4/../../../../arm-none-eabi/lib/armv7e-m/fpu\libm.a(lib_a-s_fabs.o)
                              c:/appz/embitz/0.42/share/em_armgcc/bin/../lib/gcc/arm-none-eabi/4.8.4/../../../../arm-none-eabi/lib/armv7e-m/fpu\libm.a(lib_a-e_rem_pio2.o) (fabs)
c:/appz/embitz/0.42/share/em_armgcc/bin/../lib/gcc/arm-none-eabi/4.8.4/../../../../arm-none-eabi/lib/armv7e-m/fpu\libm.a(lib_a-s_floor.o)
                              c:/appz/embitz/0.42/share/em_armgcc/bin/../lib/gcc/arm-none-eabi/4.8.4/../../../../arm-none-eabi/lib/armv7e-m/fpu\libm.a(lib_a-k_rem_pio2.o) (floor)
[...]
Memory Configuration

Name             Origin             Length             Attributes
RAM              0x20000000         0x00020000         xrw
CCMRAM           0x10000000         0x00010000         rw
FLASH            0x08000000         0x00100000         xr
*default*        0x00000000         0xffffffff

Linker script and memory map

LOAD c:/appz/embitz/0.42/share/em_armgcc/bin/../lib/gcc/arm-none-eabi/4.8.4/armv7e-m/fpu/crti.o
LOAD c:/appz/embitz/0.42/share/em_armgcc/bin/../lib/gcc/arm-none-eabi/4.8.4/armv7e-m/fpu/crtbegin.o
LOAD c:/appz/embitz/0.42/share/em_armgcc/bin/../lib/gcc/arm-none-eabi/4.8.4/../../../../arm-none-eabi/lib/armv7e-m/fpu/crt0.o
                0x00000000                __HEAP_SIZE = 0x0
                0x00000100                __STACK_SIZE = 0x100
                0x20020000                _estack = 0x20020000
                0x00000200                _Min_Heap_Size = 0x200
                0x00000400                _Min_Stack_Size = 0x400

.isr_vector     0x08000000      0x188
                0x08000000                . = ALIGN (0x4)
 *(.isr_vector)
 .isr_vector    0x08000000      0x188 bin\drivers\cmsis\device\st\stm32f4xx\source\templates\gcc\startup_stm32f407xx.o
                0x08000000                g_pfnVectors
                0x08000188                . = ALIGN (0x4)

.text           0x08000188     0x559c
                0x08000188                . = ALIGN (0x4)
 *(.text)
 .text          0x08000188       0x54 c:/appz/embitz/0.42/share/em_armgcc/bin/../lib/gcc/arm-none-eabi/4.8.4/armv7e-m/fpu/crtbegin.o
 .text          0x080001dc      0x370 c:/appz/embitz/0.42/share/em_armgcc/bin/../lib/gcc/arm-none-eabi/4.8.4/armv7e-m/fpu\libgcc.a(_arm_addsubdf3.o)
                0x080001dc                __aeabi_drsub
                0x080001e4                __aeabi_dsub
                0x080001e4                __subdf3
                0x080001e8                __aeabi_dadd
                0x080001e8                __adddf3
                0x08000460                __floatunsidf
                0x08000460                __aeabi_ui2d
                0x08000480                __floatsidf
                0x08000480                __aeabi_i2d
                0x080004a4                __aeabi_f2d
                0x080004a4                __extendsfdf2
                0x080004e0                __floatundidf
                0x080004e0                __aeabi_ul2d
                0x080004f0                __floatdidf
                0x080004f0                __aeabi_l2d
 .text          0x0800054c      0x424 c:/appz/embitz/0.42/share/em_armgcc/bin/../lib/gcc/arm-none-eabi/4.8.4/armv7e-m/fpu\libgcc.a(_arm_muldivdf3.o)
                0x0800054c                __aeabi_dmul
                0x0800054c                __muldf3
                0x080007a0                __divdf3
                0x080007a0                __aeabi_ddiv
 .text          0x08000970      0x110 c:/appz/embitz/0.42/share/em_armgcc/bin/../lib/gcc/arm-none-eabi/4.8.4/armv7e-m/fpu\libgcc.a(_arm_cmpdf2.o)
                0x08000970                __gtdf2
                0x08000970                __gedf2
                0x08000978                __ltdf2
                0x08000978                __ledf2
                0x08000980                __nedf2
                0x08000980                __eqdf2
                0x08000980                __cmpdf2
                0x080009fc                __aeabi_cdrcmple
                0x08000a0c                __aeabi_cdcmpeq
                0x08000a0c                __aeabi_cdcmple
                0x08000a1c                __aeabi_dcmpeq
                0x08000a30                __aeabi_dcmplt
                0x08000a44                __aeabi_dcmple
                0x08000a58                __aeabi_dcmpge
                0x08000a6c                __aeabi_dcmpgt
 .text          0x08000a80       0x50 c:/appz/embitz/0.42/share/em_armgcc/bin/../lib/gcc/arm-none-eabi/4.8.4/armv7e-m/fpu\libgcc.a(_arm_fixdfsi.o)
                0x08000a80                __aeabi_d2iz
                0x08000a80                __fixdfsi
 .text          0x08000ad0       0x34 c:/appz/embitz/0.42/share/em_armgcc/bin/../lib/gcc/arm-none-eabi/4.8.4/../../../../arm-none-eabi/lib/armv7e-m/fpu\libnosys_s.a(sbrk.o)
                0x08000ad0                _sbrk
 *(.text*)
 .text.__libc_init_array
                0x08000b04       0x50 c:/appz/embitz/0.42/share/em_armgcc/bin/../lib/gcc/arm-none-eabi/4.8.4/../../../../arm-none-eabi/lib/armv7e-m/fpu\libc.a(lib_a-init.o)
                0x08000b04                __libc_init_array
 .text.startup.register_fini
                0x08000b54       0x14 c:/appz/embitz/0.42/share/em_armgcc/bin/../lib/gcc/arm-none-eabi/4.8.4/../../../../arm-none-eabi/lib/armv7e-m/fpu\libc.a(lib_a-__call_atexit.o)
 .text.atexit   0x08000b68        0xc c:/appz/embitz/0.42/share/em_armgcc/bin/../lib/gcc/arm-none-eabi/4.8.4/../../../../arm-none-eabi/lib/armv7e-m/fpu\libc.a(lib_a-atexit.o)
                0x08000b68                atexit
 .text.__libc_fini_array
                0x08000b74       0x30 c:/appz/embitz/0.42/share/em_armgcc/bin/../lib/gcc/arm-none-eabi/4.8.4/../../../../arm-none-eabi/lib/armv7e-m/fpu\libc.a(lib_a-fini.o)
                0x08000b74                __libc_fini_array
 .text.__register_exitproc
                0x08000ba4       0xa8 c:/appz/embitz/0.42/share/em_armgcc/bin/../lib/gcc/arm-none-eabi/4.8.4/../../../../arm-none-eabi/lib/armv7e-m/fpu\libc.a(lib_a-__atexit.o)
                0x08000ba4                __register_exitproc
 .text.Reset_Handler
                0x08000c4c       0x50 bin\drivers\cmsis\device\st\stm32f4xx\source\templates\gcc\startup_stm32f407xx.o
                0x08000c4c                Reset_Handler
 .text.Default_Handler
                0x08000c9c        0x2 bin\drivers\cmsis\device\st\stm32f4xx\source\templates\gcc\startup_stm32f407xx.o
                0x08000c9c                RTC_Alarm_IRQHandler
                0x08000c9c                HASH_RNG_IRQHandler
                0x08000c9c                EXTI2_IRQHandler
                0x08000c9c                TIM8_CC_IRQHandler
                0x08000c9c                DebugMon_Handler
                0x08000c9c                TIM1_CC_IRQHandler
                0x08000c9c                DMA2_Stream5_IRQHandler
                0x08000c9c                HardFault_Handler
                0x08000c9c                DMA1_Stream5_IRQHandler
                0x08000c9c                PVD_IRQHandler
                0x08000c9c                SDIO_IRQHandler
                0x08000c9c                TAMP_STAMP_IRQHandler
                0x08000c9c                PendSV_Handler
                0x08000c9c                NMI_Handler
                0x08000c9c                CAN2_RX1_IRQHandler
                0x08000c9c                EXTI3_IRQHandler
                0x08000c9c                TIM8_TRG_COM_TIM14_IRQHandler
                0x08000c9c                TIM1_UP_TIM10_IRQHandler
                0x08000c9c                TIM8_UP_TIM13_IRQHandler
                0x08000c9c                I2C3_ER_IRQHandler
                0x08000c9c                EXTI0_IRQHandler
                0x08000c9c                I2C2_EV_IRQHandler
                0x08000c9c                DMA1_Stream2_IRQHandler
                0x08000c9c                CAN1_RX0_IRQHandler
                0x08000c9c                FPU_IRQHandler
                0x08000c9c                OTG_HS_WKUP_IRQHandler
                0x08000c9c                UsageFault_Handler
                0x08000c9c                CAN2_SCE_IRQHandler
                0x08000c9c                DMA2_Stream2_IRQHandler
                0x08000c9c                SPI1_IRQHandler
                0x08000c9c                TIM6_DAC_IRQHandler
                0x08000c9c                TIM1_BRK_TIM9_IRQHandler
                0x08000c9c                DCMI_IRQHandler
                0x08000c9c                CAN2_RX0_IRQHandler
                0x08000c9c                DMA2_Stream3_IRQHandler
                0x08000c9c                USART6_IRQHandler
                0x08000c9c                USART3_IRQHandler
                0x08000c9c                CAN1_RX1_IRQHandler
                0x08000c9c                UART5_IRQHandler
                0x08000c9c                DMA2_Stream0_IRQHandler
                0x08000c9c                TIM4_IRQHandler
                0x08000c9c                I2C1_EV_IRQHandler
                0x08000c9c                DMA1_Stream6_IRQHandler
                0x08000c9c                DMA1_Stream1_IRQHandler
                0x08000c9c                UART4_IRQHandler
                0x08000c9c                TIM3_IRQHandler
                0x08000c9c                RCC_IRQHandler
                0x08000c9c                TIM8_BRK_TIM12_IRQHandler
                0x08000c9c                Default_Handler
                0x08000c9c                EXTI15_10_IRQHandler
                0x08000c9c                ADC_IRQHandler
                0x08000c9c                DMA1_Stream7_IRQHandler
                0x08000c9c                TIM7_IRQHandler
                0x08000c9c                CAN2_TX_IRQHandler
                0x08000c9c                TIM5_IRQHandler
                0x08000c9c                DMA2_Stream7_IRQHandler
                0x08000c9c                I2C3_EV_IRQHandler
                0x08000c9c                EXTI9_5_IRQHandler
                0x08000c9c                RTC_WKUP_IRQHandler
                0x08000c9c                ETH_WKUP_IRQHandler
                0x08000c9c                SPI2_IRQHandler
                0x08000c9c                OTG_HS_EP1_IN_IRQHandler
                0x08000c9c                MemManage_Handler
                0x08000c9c                DMA1_Stream0_IRQHandler
                0x08000c9c                CAN1_TX_IRQHandler
                0x08000c9c                SVC_Handler
                0x08000c9c                EXTI4_IRQHandler
                0x08000c9c                FSMC_IRQHandler
                0x08000c9c                ETH_IRQHandler
                0x08000c9c                OTG_HS_EP1_OUT_IRQHandler
                0x08000c9c                WWDG_IRQHandler
                0x08000c9c                TIM2_IRQHandler
                0x08000c9c                OTG_FS_WKUP_IRQHandler
                0x08000c9c                TIM1_TRG_COM_TIM11_IRQHandler
                0x08000c9c                OTG_HS_IRQHandler
                0x08000c9c                EXTI1_IRQHandler
                0x08000c9c                USART2_IRQHandler
                0x08000c9c                I2C2_ER_IRQHandler
                0x08000c9c                DMA2_Stream1_IRQHandler
                0x08000c9c                CAN1_SCE_IRQHandler
                0x08000c9c                FLASH_IRQHandler
                0x08000c9c                DMA2_Stream4_IRQHandler
                0x08000c9c                BusFault_Handler
                0x08000c9c                USART1_IRQHandler
                0x08000c9c                SPI3_IRQHandler
                0x08000c9c                DMA1_Stream4_IRQHandler
                0x08000c9c                I2C1_ER_IRQHandler
                0x08000c9c                DMA2_Stream6_IRQHandler
                0x08000c9c                DMA1_Stream3_IRQHandler
 *fill*         0x08000c9e        0x2 
 .text.SystemInit
                0x08000ca0       0x50 bin\drivers\cmsis\device\st\stm32f4xx\source\templates\system_stm32f4xx.o
                0x08000ca0                SystemInit
 .text.HAL_InitTick
                0x08000cf0       0x2c bin\drivers\stm32f4xx_hal_driver\src\stm32f4xx_hal.o
                0x08000cf0                HAL_InitTick
 .text.HAL_Init
                0x08000d1c       0x34 bin\drivers\stm32f4xx_hal_driver\src\stm32f4xx_hal.o
                0x08000d1c                HAL_Init
 .text.HAL_IncTick
                0x08000d50       0x10 bin\drivers\stm32f4xx_hal_driver\src\stm32f4xx_hal.o
                0x08000d50                HAL_IncTick
 .text.HAL_GetTick
                0x08000d60        0xc bin\drivers\stm32f4xx_hal_driver\src\stm32f4xx_hal.o
                0x08000d60                HAL_GetTick
 .text.HAL_Delay
                0x08000d6c       0x1c bin\drivers\stm32f4xx_hal_driver\src\stm32f4xx_hal.o
                0x08000d6c                HAL_Delay
 .text.HAL_NVIC_SetPriorityGrouping
                0x08000d88       0x24 bin\drivers\stm32f4xx_hal_driver\src\stm32f4xx_hal_cortex.o
                0x08000d88                HAL_NVIC_SetPriorityGrouping
 .text.HAL_NVIC_SetPriority
                0x08000dac       0x70 bin\drivers\stm32f4xx_hal_driver\src\stm32f4xx_hal_cortex.o
                0x08000dac                HAL_NVIC_SetPriority
 .text.HAL_NVIC_EnableIRQ
                0x08000e1c       0x18 bin\drivers\stm32f4xx_hal_driver\src\stm32f4xx_hal_cortex.o
                0x08000e1c                HAL_NVIC_EnableIRQ
 .text.HAL_SYSTICK_Config
                0x08000e34       0x38 bin\drivers\stm32f4xx_hal_driver\src\stm32f4xx_hal_cortex.o
                0x08000e34                HAL_SYSTICK_Config
 .text.HAL_SYSTICK_CLKSourceConfig
                0x08000e6c       0x18 bin\drivers\stm32f4xx_hal_driver\src\stm32f4xx_hal_cortex.o
                0x08000e6c                HAL_SYSTICK_CLKSourceConfig
 .text.HAL_SYSTICK_Callback
                0x08000e84        0x4 bin\drivers\stm32f4xx_hal_driver\src\stm32f4xx_hal_cortex.o
                0x08000e84                HAL_SYSTICK_Callback
 .text.HAL_SYSTICK_IRQHandler
                0x08000e88        0x8 bin\drivers\stm32f4xx_hal_driver\src\stm32f4xx_hal_cortex.o
                0x08000e88                HAL_SYSTICK_IRQHandler
 .text.HAL_GPIO_Init
                0x08000e90      0x1f0 bin\drivers\stm32f4xx_hal_driver\src\stm32f4xx_hal_gpio.o
                0x08000e90                HAL_GPIO_Init
 .text.HAL_GPIO_ReadPin
                0x08001080        0xc bin\drivers\stm32f4xx_hal_driver\src\stm32f4xx_hal_gpio.o
                0x08001080                HAL_GPIO_ReadPin
 .text.HAL_GPIO_WritePin
                0x0800108c        0x8 bin\drivers\stm32f4xx_hal_driver\src\stm32f4xx_hal_gpio.o
                0x0800108c                HAL_GPIO_WritePin
 .text.HAL_I2C_Init
                0x08001094       0xfc bin\drivers\stm32f4xx_hal_driver\src\stm32f4xx_hal_i2c.o
                0x08001094                HAL_I2C_Init
 .text.I2S_GetInputClock
                0x08001190       0x50 bin\drivers\stm32f4xx_hal_driver\src\stm32f4xx_hal_i2s_ex.o
                0x08001190                I2S_GetInputClock
 .text.HAL_I2S_Init
                0x080011e0      0x144 bin\drivers\stm32f4xx_hal_driver\src\stm32f4xx_hal_i2s_ex.o
                0x080011e0                HAL_I2S_Init
 .text.HAL_PCD_Init
                0x08001324       0xdc bin\drivers\stm32f4xx_hal_driver\src\stm32f4xx_hal_pcd.o
                0x08001324                HAL_PCD_Init
 .text.HAL_PCD_Start
                0x08001400       0x2c bin\drivers\stm32f4xx_hal_driver\src\stm32f4xx_hal_pcd.o
                0x08001400                HAL_PCD_Start
 .text.HAL_PCD_IRQHandler
                0x0800142c      0x5ec bin\drivers\stm32f4xx_hal_driver\src\stm32f4xx_hal_pcd.o
                0x0800142c                HAL_PCD_IRQHandler
 .text.HAL_PCD_SetAddress
                0x08001a18       0x24 bin\drivers\stm32f4xx_hal_driver\src\stm32f4xx_hal_pcd.o
                0x08001a18                HAL_PCD_SetAddress
 .text.HAL_PCD_EP_Open
                0x08001a3c       0x68 bin\drivers\stm32f4xx_hal_driver\src\stm32f4xx_hal_pcd.o
                0x08001a3c                HAL_PCD_EP_Open
 .text.HAL_PCD_EP_Close
                0x08001aa4       0x50 bin\drivers\stm32f4xx_hal_driver\src\stm32f4xx_hal_pcd.o
                0x08001aa4                HAL_PCD_EP_Close
 .text.HAL_PCD_EP_Receive
                0x08001af4       0x5c bin\drivers\stm32f4xx_hal_driver\src\stm32f4xx_hal_pcd.o
                0x08001af4                HAL_PCD_EP_Receive
 .text.HAL_PCD_EP_Transmit
                0x08001b50       0x5c bin\drivers\stm32f4xx_hal_driver\src\stm32f4xx_hal_pcd.o
                0x08001b50                HAL_PCD_EP_Transmit
 .text.HAL_PCD_EP_SetStall
                0x08001bac       0x64 bin\drivers\stm32f4xx_hal_driver\src\stm32f4xx_hal_pcd.o
                0x08001bac                HAL_PCD_EP_SetStall
 .text.HAL_PCD_EP_ClrStall
                0x08001c10       0x54 bin\drivers\stm32f4xx_hal_driver\src\stm32f4xx_hal_pcd.o
                0x08001c10                HAL_PCD_EP_ClrStall
 .text.HAL_PCDEx_SetTxFiFo
                0x08001c64       0x48 bin\drivers\stm32f4xx_hal_driver\src\stm32f4xx_hal_pcd_ex.o
                0x08001c64                HAL_PCDEx_SetTxFiFo
 .text.HAL_PCDEx_SetRxFiFo
                0x08001cac        0x8 bin\drivers\stm32f4xx_hal_driver\src\stm32f4xx_hal_pcd_ex.o
                0x08001cac                HAL_PCDEx_SetRxFiFo
 .text.HAL_RCC_OscConfig
                0x08001cb4      0x31c bin\drivers\stm32f4xx_hal_driver\src\stm32f4xx_hal_rcc.o
                0x08001cb4                HAL_RCC_OscConfig
 .text.HAL_RCC_GetSysClockFreq
                0x08001fd0       0x84 bin\drivers\stm32f4xx_hal_driver\src\stm32f4xx_hal_rcc.o
                0x08001fd0                HAL_RCC_GetSysClockFreq
 .text.HAL_RCC_ClockConfig
                0x08002054      0x170 bin\drivers\stm32f4xx_hal_driver\src\stm32f4xx_hal_rcc.o
                0x08002054                HAL_RCC_ClockConfig
 .text.HAL_RCC_GetHCLKFreq
                0x080021c4        0xc bin\drivers\stm32f4xx_hal_driver\src\stm32f4xx_hal_rcc.o
                0x080021c4                HAL_RCC_GetHCLKFreq
 .text.HAL_RCC_GetPCLK1Freq
                0x080021d0       0x30 bin\drivers\stm32f4xx_hal_driver\src\stm32f4xx_hal_rcc.o
                0x080021d0                HAL_RCC_GetPCLK1Freq
 .text.HAL_RCCEx_PeriphCLKConfig
                0x08002200      0x15c bin\drivers\stm32f4xx_hal_driver\src\stm32f4xx_hal_rcc_ex.o
                0x08002200                HAL_RCCEx_PeriphCLKConfig
 .text.HAL_SPI_Init
                0x0800235c       0xac bin\drivers\stm32f4xx_hal_driver\src\stm32f4xx_hal_spi.o
                0x0800235c                HAL_SPI_Init
 .text.USB_CoreReset
                0x08002408       0x34 bin\drivers\stm32f4xx_hal_driver\src\stm32f4xx_ll_usb.o
 .text.USB_CoreInit
                0x0800243c       0x70 bin\drivers\stm32f4xx_hal_driver\src\stm32f4xx_ll_usb.o
                0x0800243c                USB_CoreInit
 .text.USB_EnableGlobalInt
                0x080024ac       0x10 bin\drivers\stm32f4xx_hal_driver\src\stm32f4xx_ll_usb.o
                0x080024ac                USB_EnableGlobalInt
 .text.USB_DisableGlobalInt
                0x080024bc       0x10 bin\drivers\stm32f4xx_hal_driver\src\stm32f4xx_ll_usb.o
                0x080024bc                USB_DisableGlobalInt
 .text.USB_SetCurrentMode
                0x080024cc       0x34 bin\drivers\stm32f4xx_hal_driver\src\stm32f4xx_ll_usb.o
                0x080024cc                USB_SetCurrentMode
 .text.USB_DevInit
                0x08002500      0x174 bin\drivers\stm32f4xx_hal_driver\src\stm32f4xx_ll_usb.o
                0x08002500                USB_DevInit
 .text.USB_FlushTxFifo
                0x08002674       0x24 bin\drivers\stm32f4xx_hal_driver\src\stm32f4xx_ll_usb.o
                0x08002674                USB_FlushTxFifo
 .text.USB_GetDevSpeed
                0x08002698       0x3c bin\drivers\stm32f4xx_hal_driver\src\stm32f4xx_ll_usb.o
                0x08002698                USB_GetDevSpeed
 .text.USB_ActivateEndpoint
                0x080026d4       0x90 bin\drivers\stm32f4xx_hal_driver\src\stm32f4xx_ll_usb.o
                0x080026d4                USB_ActivateEndpoint
 .text.USB_DeactivateEndpoint
                0x08002764       0x84 bin\drivers\stm32f4xx_hal_driver\src\stm32f4xx_ll_usb.o
                0x08002764                USB_DeactivateEndpoint
 .text.USB_EPStartXfer
                0x080027e8      0x27c bin\drivers\stm32f4xx_hal_driver\src\stm32f4xx_ll_usb.o
                0x080027e8                USB_EPStartXfer
 .text.USB_EP0StartXfer
                0x08002a64      0x170 bin\drivers\stm32f4xx_hal_driver\src\stm32f4xx_ll_usb.o
                0x08002a64                USB_EP0StartXfer
 .text.USB_WritePacket
                0x08002bd4       0x28 bin\drivers\stm32f4xx_hal_driver\src\stm32f4xx_ll_usb.o
                0x08002bd4                USB_WritePacket
 .text.USB_ReadPacket
                0x08002bfc       0x28 bin\drivers\stm32f4xx_hal_driver\src\stm32f4xx_ll_usb.o
                0x08002bfc                USB_ReadPacket
 .text.USB_EPSetStall
                0x08002c24       0x40 bin\drivers\stm32f4xx_hal_driver\src\stm32f4xx_ll_usb.o
                0x08002c24                USB_EPSetStall
 .text.USB_EPClearStall
                0x08002c64       0x3c bin\drivers\stm32f4xx_hal_driver\src\stm32f4xx_ll_usb.o
                0x08002c64                USB_EPClearStall
 .text.USB_SetDevAddress
                0x08002ca0       0x20 bin\drivers\stm32f4xx_hal_driver\src\stm32f4xx_ll_usb.o
                0x08002ca0                USB_SetDevAddress
 .text.USB_DevConnect
                0x08002cc0       0x18 bin\drivers\stm32f4xx_hal_driver\src\stm32f4xx_ll_usb.o
                0x08002cc0                USB_DevConnect
 .text.USB_DevDisconnect
                0x08002cd8       0x18 bin\drivers\stm32f4xx_hal_driver\src\stm32f4xx_ll_usb.o
                0x08002cd8                USB_DevDisconnect
 .text.USB_ReadInterrupts
                0x08002cf0        0x8 bin\drivers\stm32f4xx_hal_driver\src\stm32f4xx_ll_usb.o
                0x08002cf0                USB_ReadInterrupts
 .text.USB_ReadDevAllOutEpInterrupt
                0x08002cf8       0x10 bin\drivers\stm32f4xx_hal_driver\src\stm32f4xx_ll_usb.o
                0x08002cf8                USB_ReadDevAllOutEpInterrupt
 .text.USB_ReadDevAllInEpInterrupt
                0x08002d08       0x10 bin\drivers\stm32f4xx_hal_driver\src\stm32f4xx_ll_usb.o
                0x08002d08                USB_ReadDevAllInEpInterrupt
 .text.USB_ReadDevOutEPInterrupt
                0x08002d18       0x14 bin\drivers\stm32f4xx_hal_driver\src\stm32f4xx_ll_usb.o
                0x08002d18                USB_ReadDevOutEPInterrupt
 .text.USB_ReadDevInEPInterrupt
                0x08002d2c       0x28 bin\drivers\stm32f4xx_hal_driver\src\stm32f4xx_ll_usb.o
                0x08002d2c                USB_ReadDevInEPInterrupt
 .text.USB_GetMode
                0x08002d54        0x8 bin\drivers\stm32f4xx_hal_driver\src\stm32f4xx_ll_usb.o
                0x08002d54                USB_GetMode
 .text.USB_ActivateSetup
                0x08002d5c       0x38 bin\drivers\stm32f4xx_hal_driver\src\stm32f4xx_ll_usb.o
                0x08002d5c                USB_ActivateSetup
 .text.USB_EP0_OutStart
                0x08002d94       0x44 bin\drivers\stm32f4xx_hal_driver\src\stm32f4xx_ll_usb.o
                0x08002d94                USB_EP0_OutStart
 .text.USBD_HID_GetCfgDesc
                0x08002dd8        0xc bin\middlewares\st\stm32_usb_device_library\class\hid\src\usbd_hid.o
 .text.USBD_HID_DataIn
                0x08002de4        0xc bin\middlewares\st\stm32_usb_device_library\class\hid\src\usbd_hid.o
 .text.USBD_HID_GetDeviceQualifierDesc
                0x08002df0        0xc bin\middlewares\st\stm32_usb_device_library\class\hid\src\usbd_hid.o
 .text.USBD_HID_Setup
                0x08002dfc       0xc0 bin\middlewares\st\stm32_usb_device_library\class\hid\src\usbd_hid.o
 .text.USBD_HID_DeInit
                0x08002ebc       0x20 bin\middlewares\st\stm32_usb_device_library\class\hid\src\usbd_hid.o
 .text.USBD_HID_Init
                0x08002edc       0x28 bin\middlewares\st\stm32_usb_device_library\class\hid\src\usbd_hid.o
 .text.USBD_HID_SendReport
                0x08002f04       0x2c bin\middlewares\st\stm32_usb_device_library\class\hid\src\usbd_hid.o
                0x08002f04                USBD_HID_SendReport
 .text.USBD_HID_GetPollingInterval
                0x08002f30        0xc bin\middlewares\st\stm32_usb_device_library\class\hid\src\usbd_hid.o
                0x08002f30                USBD_HID_GetPollingInterval
 .text.USBD_Init
                0x08002f3c       0x2c bin\middlewares\st\stm32_usb_device_library\core\src\usbd_core.o
                0x08002f3c                USBD_Init
 .text.USBD_RegisterClass
                0x08002f68       0x10 bin\middlewares\st\stm32_usb_device_library\core\src\usbd_core.o
                0x08002f68                USBD_RegisterClass
 .text.USBD_Start
                0x08002f78        0xc bin\middlewares\st\stm32_usb_device_library\core\src\usbd_core.o
                0x08002f78                USBD_Start
 .text.USBD_SetClassConfig
                0x08002f84       0x14 bin\middlewares\st\stm32_usb_device_library\core\src\usbd_core.o
                0x08002f84                USBD_SetClassConfig
 .text.USBD_ClrClassConfig
                0x08002f98       0x10 bin\middlewares\st\stm32_usb_device_library\core\src\usbd_core.o
                0x08002f98                USBD_ClrClassConfig
 .text.USBD_LL_SetupStage
                0x08002fa8       0x60 bin\middlewares\st\stm32_usb_device_library\core\src\usbd_core.o
                0x08002fa8                USBD_LL_SetupStage
 .text.USBD_LL_DataOutStage
                0x08003008       0x6c bin\middlewares\st\stm32_usb_device_library\core\src\usbd_core.o
                0x08003008                USBD_LL_DataOutStage
 .text.USBD_LL_DataInStage
                0x08003074       0xb0 bin\middlewares\st\stm32_usb_device_library\core\src\usbd_core.o
                0x08003074                USBD_LL_DataInStage
 .text.USBD_LL_Reset
                0x08003124       0x40 bin\middlewares\st\stm32_usb_device_library\core\src\usbd_core.o
                0x08003124                USBD_LL_Reset
 .text.USBD_LL_SetSpeed
                0x08003164        0x8 bin\middlewares\st\stm32_usb_device_library\core\src\usbd_core.o
                0x08003164                USBD_LL_SetSpeed
 .text.USBD_LL_Suspend
                0x0800316c       0x14 bin\middlewares\st\stm32_usb_device_library\core\src\usbd_core.o
                0x0800316c                USBD_LL_Suspend
 .text.USBD_LL_Resume
                0x08003180       0x10 bin\middlewares\st\stm32_usb_device_library\core\src\usbd_core.o
                0x08003180                USBD_LL_Resume
 .text.USBD_LL_SOF
                0x08003190       0x20 bin\middlewares\st\stm32_usb_device_library\core\src\usbd_core.o
                0x08003190                USBD_LL_SOF
 .text.USBD_LL_IsoINIncomplete
                0x080031b0        0x4 bin\middlewares\st\stm32_usb_device_library\core\src\usbd_core.o
                0x080031b0                USBD_LL_IsoINIncomplete
 .text.USBD_LL_IsoOUTIncomplete
                0x080031b4        0x4 bin\middlewares\st\stm32_usb_device_library\core\src\usbd_core.o
                0x080031b4                USBD_LL_IsoOUTIncomplete
 .text.USBD_LL_DevConnected
                0x080031b8        0x4 bin\middlewares\st\stm32_usb_device_library\core\src\usbd_core.o
                0x080031b8                USBD_LL_DevConnected
 .text.USBD_LL_DevDisconnected
                0x080031bc       0x18 bin\middlewares\st\stm32_usb_device_library\core\src\usbd_core.o
                0x080031bc                USBD_LL_DevDisconnected
 .text.USBD_StdDevReq
                0x080031d4      0x2b8 bin\middlewares\st\stm32_usb_device_library\core\src\usbd_ctlreq.o
                0x080031d4                USBD_StdDevReq
 .text.USBD_StdItfReq
                0x0800348c       0x3c bin\middlewares\st\stm32_usb_device_library\core\src\usbd_ctlreq.o
                0x0800348c                USBD_StdItfReq
 .text.USBD_StdEPReq
                0x080034c8       0xd0 bin\middlewares\st\stm32_usb_device_library\core\src\usbd_ctlreq.o
                0x080034c8                USBD_StdEPReq
 .text.USBD_ParseSetupRequest
                0x08003598       0x28 bin\middlewares\st\stm32_usb_device_library\core\src\usbd_ctlreq.o
                0x08003598                USBD_ParseSetupRequest
 .text.USBD_CtlError
                0x080035c0       0x18 bin\middlewares\st\stm32_usb_device_library\core\src\usbd_ctlreq.o
                0x080035c0                USBD_CtlError
 .text.USBD_GetString
                0x080035d8       0x4c bin\middlewares\st\stm32_usb_device_library\core\src\usbd_ctlreq.o
                0x080035d8                USBD_GetString
 .text.USBD_CtlSendData
                0x08003624       0x1c bin\middlewares\st\stm32_usb_device_library\core\src\usbd_ioreq.o
                0x08003624                USBD_CtlSendData
 .text.USBD_CtlContinueSendData
                0x08003640       0x10 bin\middlewares\st\stm32_usb_device_library\core\src\usbd_ioreq.o
                0x08003640                USBD_CtlContinueSendData
 .text.USBD_CtlContinueRx
                0x08003650       0x10 bin\middlewares\st\stm32_usb_device_library\core\src\usbd_ioreq.o
                0x08003650                USBD_CtlContinueRx
 .text.USBD_CtlSendStatus
                0x08003660       0x18 bin\middlewares\st\stm32_usb_device_library\core\src\usbd_ioreq.o
                0x08003660                USBD_CtlSendStatus
 .text.USBD_CtlReceiveStatus
                0x08003678       0x18 bin\middlewares\st\stm32_usb_device_library\core\src\usbd_ioreq.o
                0x08003678                USBD_CtlReceiveStatus
 .text.step     0x08003690       0x48 bin\src\main.o
                0x08003690                step
 .text.circle   0x080036d8       0x9c bin\src\main.o
                0x080036d8                circle
 *fill*         0x08003774        0x4 
 .text.mouth    0x08003778       0xd0 bin\src\main.o
                0x08003778                mouth
 .text.keyboard
                0x08003848       0x70 bin\src\main.o
                0x08003848                keyboard
 .text.smile    0x080038b8      0x110 bin\src\main.o
                0x080038b8                smile
 .text.SystemClock_Config
                0x080039c8       0xc4 bin\src\main.o
                0x080039c8                SystemClock_Config
 .text.startup.main
                0x08003a8c      0x288 bin\src\main.o
                0x08003a8c                main
 .text.Error_Handler
                0x08003d14        0x4 bin\src\main.o
                0x08003d14                Error_Handler
 .text.HAL_MspInit
                0x08003d18       0x60 bin\src\stm32f4xx_hal_msp.o
                0x08003d18                HAL_MspInit
 .text.HAL_I2C_MspInit
                0x08003d78       0x58 bin\src\stm32f4xx_hal_msp.o
                0x08003d78                HAL_I2C_MspInit
 .text.HAL_I2S_MspInit
                0x08003dd0       0x68 bin\src\stm32f4xx_hal_msp.o
                0x08003dd0                HAL_I2S_MspInit
 .text.HAL_SPI_MspInit
                0x08003e38       0x50 bin\src\stm32f4xx_hal_msp.o
                0x08003e38                HAL_SPI_MspInit
 .text.SysTick_Handler
                0x08003e88       0x10 bin\src\stm32f4xx_it.o
                0x08003e88                SysTick_Handler
 .text.OTG_FS_IRQHandler
                0x08003e98        0xc bin\src\stm32f4xx_it.o
                0x08003e98                OTG_FS_IRQHandler
 .text.MX_USB_DEVICE_Init
                0x08003ea4       0x2c bin\src\usb_device.o
                0x08003ea4                MX_USB_DEVICE_Init
 .text.HAL_PCD_MspInit
                0x08003ed0       0x78 bin\src\usbd_conf.o
                0x08003ed0                HAL_PCD_MspInit
 .text.HAL_PCD_SetupStageCallback
                0x08003f48        0xc bin\src\usbd_conf.o
                0x08003f48                HAL_PCD_SetupStageCallback
 .text.HAL_PCD_DataOutStageCallback
                0x08003f54       0x14 bin\src\usbd_conf.o
                0x08003f54                HAL_PCD_DataOutStageCallback
 .text.HAL_PCD_DataInStageCallback
                0x08003f68       0x14 bin\src\usbd_conf.o
                0x08003f68                HAL_PCD_DataInStageCallback
 .text.HAL_PCD_SOFCallback
                0x08003f7c        0x8 bin\src\usbd_conf.o
                0x08003f7c                HAL_PCD_SOFCallback
 .text.HAL_PCD_ResetCallback
                0x08003f84       0x20 bin\src\usbd_conf.o
                0x08003f84                HAL_PCD_ResetCallback
 .text.HAL_PCD_SuspendCallback
                0x08003fa4       0x30 bin\src\usbd_conf.o
                0x08003fa4                HAL_PCD_SuspendCallback
 .text.HAL_PCD_ResumeCallback
                0x08003fd4        0x8 bin\src\usbd_conf.o
                0x08003fd4                HAL_PCD_ResumeCallback
 .text.HAL_PCD_ISOOUTIncompleteCallback
                0x08003fdc        0x8 bin\src\usbd_conf.o
                0x08003fdc                HAL_PCD_ISOOUTIncompleteCallback
 .text.HAL_PCD_ISOINIncompleteCallback
                0x08003fe4        0x8 bin\src\usbd_conf.o
                0x08003fe4                HAL_PCD_ISOINIncompleteCallback
 .text.HAL_PCD_ConnectCallback
                0x08003fec        0x8 bin\src\usbd_conf.o
                0x08003fec                HAL_PCD_ConnectCallback
 .text.HAL_PCD_DisconnectCallback
                0x08003ff4        0x8 bin\src\usbd_conf.o
                0x08003ff4                HAL_PCD_DisconnectCallback
 .text.USBD_LL_Init
                0x08003ffc       0x68 bin\src\usbd_conf.o
                0x08003ffc                USBD_LL_Init
 .text.USBD_LL_Start
                0x08004064       0x10 bin\src\usbd_conf.o
                0x08004064                USBD_LL_Start
 .text.USBD_LL_OpenEP
                0x08004074       0x14 bin\src\usbd_conf.o
                0x08004074                USBD_LL_OpenEP
 .text.USBD_LL_CloseEP
                0x08004088       0x10 bin\src\usbd_conf.o
                0x08004088                USBD_LL_CloseEP
 .text.USBD_LL_StallEP
                0x08004098       0x10 bin\src\usbd_conf.o
                0x08004098                USBD_LL_StallEP
 .text.USBD_LL_ClearStallEP
                0x080040a8       0x10 bin\src\usbd_conf.o
                0x080040a8                USBD_LL_ClearStallEP
 .text.USBD_LL_IsStallEP
                0x080040b8       0x28 bin\src\usbd_conf.o
                0x080040b8                USBD_LL_IsStallEP
 .text.USBD_LL_SetUSBAddress
                0x080040e0       0x10 bin\src\usbd_conf.o
                0x080040e0                USBD_LL_SetUSBAddress
 .text.USBD_LL_Transmit
                0x080040f0       0x10 bin\src\usbd_conf.o
                0x080040f0                USBD_LL_Transmit
 .text.USBD_LL_PrepareReceive
                0x08004100       0x10 bin\src\usbd_conf.o
                0x08004100                USBD_LL_PrepareReceive
 .text.USBD_FS_DeviceDescriptor
                0x08004110        0xc bin\src\usbd_desc.o
                0x08004110                USBD_FS_DeviceDescriptor
 .text.USBD_FS_LangIDStrDescriptor
                0x0800411c        0xc bin\src\usbd_desc.o
                0x0800411c                USBD_FS_LangIDStrDescriptor
 .text.USBD_FS_ManufacturerStrDescriptor
                0x08004128       0x1c bin\src\usbd_desc.o
                0x08004128                USBD_FS_ManufacturerStrDescriptor
 .text.USBD_FS_ProductStrDescriptor
                0x08004144       0x1c bin\src\usbd_desc.o
                0x08004144                USBD_FS_ProductStrDescriptor
 .text.USBD_FS_SerialStrDescriptor
                0x08004160       0x1c bin\src\usbd_desc.o
                0x08004160                USBD_FS_SerialStrDescriptor
 .text.USBD_FS_ConfigStrDescriptor
                0x0800417c       0x1c bin\src\usbd_desc.o
                0x0800417c                USBD_FS_ConfigStrDescriptor
 .text.USBD_FS_InterfaceStrDescriptor
                0x08004198       0x1c bin\src\usbd_desc.o
                0x08004198                USBD_FS_InterfaceStrDescriptor
 *fill*         0x080041b4        0x4 
 .text.cos      0x080041b8       0xa8 c:/appz/embitz/0.42/share/em_armgcc/bin/../lib/gcc/arm-none-eabi/4.8.4/../../../../arm-none-eabi/lib/armv7e-m/fpu\libm.a(lib_a-s_cos.o)
                0x080041b8                cos
 .text.sin      0x08004260       0xb0 c:/appz/embitz/0.42/share/em_armgcc/bin/../lib/gcc/arm-none-eabi/4.8.4/../../../../arm-none-eabi/lib/armv7e-m/fpu\libm.a(lib_a-s_sin.o)
                0x08004260                sin
 .text.__ieee754_rem_pio2
                0x08004310      0x450 c:/appz/embitz/0.42/share/em_armgcc/bin/../lib/gcc/arm-none-eabi/4.8.4/../../../../arm-none-eabi/lib/armv7e-m/fpu\libm.a(lib_a-e_rem_pio2.o)
                0x08004310                __ieee754_rem_pio2
 .text.__kernel_cos
                0x08004760      0x280 c:/appz/embitz/0.42/share/em_armgcc/bin/../lib/gcc/arm-none-eabi/4.8.4/../../../../arm-none-eabi/lib/armv7e-m/fpu\libm.a(lib_a-k_cos.o)
                0x08004760                __kernel_cos
 .text.__kernel_rem_pio2
                0x080049e0      0x798 c:/appz/embitz/0.42/share/em_armgcc/bin/../lib/gcc/arm-none-eabi/4.8.4/../../../../arm-none-eabi/lib/armv7e-m/fpu\libm.a(lib_a-k_rem_pio2.o)
                0x080049e0                __kernel_rem_pio2
 .text.__kernel_sin
                0x08005178      0x190 c:/appz/embitz/0.42/share/em_armgcc/bin/../lib/gcc/arm-none-eabi/4.8.4/../../../../arm-none-eabi/lib/armv7e-m/fpu\libm.a(lib_a-k_sin.o)
                0x08005178                __kernel_sin
 .text.fabs     0x08005308       0x14 c:/appz/embitz/0.42/share/em_armgcc/bin/../lib/gcc/arm-none-eabi/4.8.4/../../../../arm-none-eabi/lib/armv7e-m/fpu\libm.a(lib_a-s_fabs.o)
                0x08005308                fabs
 *fill*         0x0800531c        0x4 
 .text.floor    0x08005320      0x138 c:/appz/embitz/0.42/share/em_armgcc/bin/../lib/gcc/arm-none-eabi/4.8.4/../../../../arm-none-eabi/lib/armv7e-m/fpu\libm.a(lib_a-s_floor.o)
                0x08005320                floor
 .text.scalbn   0x08005458      0x120 c:/appz/embitz/0.42/share/em_armgcc/bin/../lib/gcc/arm-none-eabi/4.8.4/../../../../arm-none-eabi/lib/armv7e-m/fpu\libm.a(lib_a-s_scalbn.o)
                0x08005458                scalbn
 .text.copysign
                0x08005578       0x24 c:/appz/embitz/0.42/share/em_armgcc/bin/../lib/gcc/arm-none-eabi/4.8.4/../../../../arm-none-eabi/lib/armv7e-m/fpu\libm.a(lib_a-s_copysign.o)
                0x08005578                copysign
 .text.malloc   0x0800559c       0x10 c:/appz/embitz/0.42/share/em_armgcc/bin/../lib/gcc/arm-none-eabi/4.8.4/../../../../arm-none-eabi/lib/armv7e-m/fpu\libg_n.a(lib_a-malloc.o)
                0x0800559c                malloc
 .text.free     0x080055ac       0x10 c:/appz/embitz/0.42/share/em_armgcc/bin/../lib/gcc/arm-none-eabi/4.8.4/../../../../arm-none-eabi/lib/armv7e-m/fpu\libg_n.a(lib_a-malloc.o)
                0x080055ac                free
 .text._free_r  0x080055bc       0x88 c:/appz/embitz/0.42/share/em_armgcc/bin/../lib/gcc/arm-none-eabi/4.8.4/../../../../arm-none-eabi/lib/armv7e-m/fpu\libg_n.a(lib_a-nano-freer.o)
                0x080055bc                _free_r
 .text._malloc_r
                0x08005644       0xa8 c:/appz/embitz/0.42/share/em_armgcc/bin/../lib/gcc/arm-none-eabi/4.8.4/../../../../arm-none-eabi/lib/armv7e-m/fpu\libg_n.a(lib_a-nano-mallocr.o)
                0x08005644                _malloc_r
 .text._sbrk_r  0x080056ec       0x20 c:/appz/embitz/0.42/share/em_armgcc/bin/../lib/gcc/arm-none-eabi/4.8.4/../../../../arm-none-eabi/lib/armv7e-m/fpu\libg_n.a(lib_a-sbrkr.o)
                0x080056ec                _sbrk_r
 *(.glue_7)
 .glue_7        0x00000000        0x0 linker stubs
 *(.glue_7t)
 .glue_7t       0x00000000        0x0 linker stubs
 *(.eh_frame)
 .eh_frame      0x0800570c        0x0 c:/appz/embitz/0.42/share/em_armgcc/bin/../lib/gcc/arm-none-eabi/4.8.4/armv7e-m/fpu/crtbegin.o
 *(.init)
 .init          0x0800570c        0x4 c:/appz/embitz/0.42/share/em_armgcc/bin/../lib/gcc/arm-none-eabi/4.8.4/armv7e-m/fpu/crti.o
                0x0800570c                _init
 .init          0x08005710        0x8 c:/appz/embitz/0.42/share/em_armgcc/bin/../lib/gcc/arm-none-eabi/4.8.4/armv7e-m/fpu/crtn.o
 *(.fini)
 .fini          0x08005718        0x4 c:/appz/embitz/0.42/share/em_armgcc/bin/../lib/gcc/arm-none-eabi/4.8.4/armv7e-m/fpu/crti.o
                0x08005718                _fini
 .fini          0x0800571c        0x8 c:/appz/embitz/0.42/share/em_armgcc/bin/../lib/gcc/arm-none-eabi/4.8.4/armv7e-m/fpu/crtn.o
                0x08005724                . = ALIGN (0x4)
                0x08005724                _etext = .

.vfp11_veneer   0x08005724        0x0
 .vfp11_veneer  0x00000000        0x0 linker stubs

.v4_bx          0x08005724        0x0
 .v4_bx         0x00000000        0x0 linker stubs

.iplt           0x08005724        0x0
 .iplt          0x00000000        0x0 c:/appz/embitz/0.42/share/em_armgcc/bin/../lib/gcc/arm-none-eabi/4.8.4/armv7e-m/fpu/crtbegin.o

.rodata         0x08005728      0x248
                0x08005728                . = ALIGN (0x4)
 *(.rodata)
 *(.rodata*)
 .rodata.str1.4
                0x08005728        0x2 c:/appz/embitz/0.42/share/em_armgcc/bin/../lib/gcc/arm-none-eabi/4.8.4/../../../../arm-none-eabi/lib/armv7e-m/fpu\libc.a(lib_a-impure.o)
                                  0x4 (size before relaxing)
 *fill*         0x0800572a        0x2 
 .rodata._global_impure_ptr
                0x0800572c        0x4 c:/appz/embitz/0.42/share/em_armgcc/bin/../lib/gcc/arm-none-eabi/4.8.4/../../../../arm-none-eabi/lib/armv7e-m/fpu\libc.a(lib_a-impure.o)
                0x0800572c                _global_impure_ptr
 .rodata.APBAHBPrescTable
                0x08005730       0x10 bin\drivers\stm32f4xx_hal_driver\src\stm32f4xx_hal_rcc.o
                0x08005730                APBAHBPrescTable
 .rodata.str1.4
                0x08005740       0x58 bin\src\usbd_desc.o
 .rodata.npio2_hw
                0x08005798       0x80 c:/appz/embitz/0.42/share/em_armgcc/bin/../lib/gcc/arm-none-eabi/4.8.4/../../../../arm-none-eabi/lib/armv7e-m/fpu\libm.a(lib_a-e_rem_pio2.o)
 .rodata.two_over_pi
                0x08005818      0x108 c:/appz/embitz/0.42/share/em_armgcc/bin/../lib/gcc/arm-none-eabi/4.8.4/../../../../arm-none-eabi/lib/armv7e-m/fpu\libm.a(lib_a-e_rem_pio2.o)
 .rodata.init_jk
                0x08005920       0x10 c:/appz/embitz/0.42/share/em_armgcc/bin/../lib/gcc/arm-none-eabi/4.8.4/../../../../arm-none-eabi/lib/armv7e-m/fpu\libm.a(lib_a-k_rem_pio2.o)
 .rodata.PIo2   0x08005930       0x40 c:/appz/embitz/0.42/share/em_armgcc/bin/../lib/gcc/arm-none-eabi/4.8.4/../../../../arm-none-eabi/lib/armv7e-m/fpu\libm.a(lib_a-k_rem_pio2.o)
                0x08005970                . = ALIGN (0x4)

.rel.dyn        0x08005970        0x0
 .rel.iplt      0x00000000        0x0 c:/appz/embitz/0.42/share/em_armgcc/bin/../lib/gcc/arm-none-eabi/4.8.4/armv7e-m/fpu/crtbegin.o

.ARM.extab
 *(.ARM.extab* .gnu.linkonce.armextab.*)

.ARM            0x08005970        0x0
                0x08005970                __exidx_start = .
 *(.ARM.exidx*)
                0x08005970                __exidx_end = .

.preinit_array  0x08005970        0x0
                0x08005970                PROVIDE (__preinit_array_start, .)
 *(.preinit_array*)
                0x08005970                PROVIDE (__preinit_array_end, .)

.init_array     0x08005970        0x8
                0x08005970                PROVIDE (__init_array_start, .)
 *(SORT(.init_array.*))
 .init_array.00000
                0x08005970        0x4 c:/appz/embitz/0.42/share/em_armgcc/bin/../lib/gcc/arm-none-eabi/4.8.4/../../../../arm-none-eabi/lib/armv7e-m/fpu\libc.a(lib_a-__call_atexit.o)
 *(.init_array*)
 .init_array    0x08005974        0x4 c:/appz/embitz/0.42/share/em_armgcc/bin/../lib/gcc/arm-none-eabi/4.8.4/armv7e-m/fpu/crtbegin.o
                0x08005978                PROVIDE (__init_array_end, .)

.fini_array     0x08005978        0x4
                0x08005978                PROVIDE (__fini_array_start, .)
 *(SORT(.fini_array.*))
 *(.fini_array*)
 .fini_array    0x08005978        0x4 c:/appz/embitz/0.42/share/em_armgcc/bin/../lib/gcc/arm-none-eabi/4.8.4/armv7e-m/fpu/crtbegin.o
                0x0800597c                PROVIDE (__fini_array_end, .)
                0x0800597c                _sidata = LOADADDR (.data)

.data           0x20000000      0x540 load address 0x0800597c
                0x20000000                . = ALIGN (0x4)
                0x20000000                _sdata = .
 *(.data)
 *(.data*)
 .data.impure_data
                0x20000000      0x428 c:/appz/embitz/0.42/share/em_armgcc/bin/../lib/gcc/arm-none-eabi/4.8.4/../../../../arm-none-eabi/lib/armv7e-m/fpu\libc.a(lib_a-impure.o)
 .data._impure_ptr
                0x20000428        0x4 c:/appz/embitz/0.42/share/em_armgcc/bin/../lib/gcc/arm-none-eabi/4.8.4/../../../../arm-none-eabi/lib/armv7e-m/fpu\libc.a(lib_a-impure.o)
                0x20000428                _impure_ptr
 .data.SystemCoreClock
                0x2000042c        0x4 bin\drivers\cmsis\device\st\stm32f4xx\source\templates\system_stm32f4xx.o
                0x2000042c                SystemCoreClock
 .data.USBD_HID
                0x20000430       0x38 bin\middlewares\st\stm32_usb_device_library\class\hid\src\usbd_hid.o
                0x20000430                USBD_HID
 .data.HID_MOUSE_ReportDesc
                0x20000468       0x68 bin\middlewares\st\stm32_usb_device_library\class\hid\src\usbd_hid.o
 .data.USBD_HID_Desc
                0x200004d0        0xc bin\middlewares\st\stm32_usb_device_library\class\hid\src\usbd_hid.o
 .data.USBD_HID_DeviceQualifierDesc
                0x200004dc        0xc bin\middlewares\st\stm32_usb_device_library\class\hid\src\usbd_hid.o
 .data.USBD_HID_CfgDesc
                0x200004e8       0x24 bin\middlewares\st\stm32_usb_device_library\class\hid\src\usbd_hid.o
 .data.FS_Desc  0x2000050c       0x1c bin\src\usbd_desc.o
                0x2000050c                FS_Desc
 .data.USBD_LangIDDesc
                0x20000528        0x4 bin\src\usbd_desc.o
                0x20000528                USBD_LangIDDesc
 .data.USBD_FS_DeviceDesc
                0x2000052c       0x14 bin\src\usbd_desc.o
                0x2000052c                USBD_FS_DeviceDesc
                0x20000540                . = ALIGN (0x4)
                0x20000540                _edata = .
                0x08005ebc                _siccmram = LOADADDR (.ccmram)

.jcr            0x20000540        0x0 load address 0x08005ebc
 .jcr           0x20000540        0x0 c:/appz/embitz/0.42/share/em_armgcc/bin/../lib/gcc/arm-none-eabi/4.8.4/armv7e-m/fpu/crtbegin.o

.igot.plt       0x20000540        0x0 load address 0x08005ebc
 .igot.plt      0x00000000        0x0 c:/appz/embitz/0.42/share/em_armgcc/bin/../lib/gcc/arm-none-eabi/4.8.4/armv7e-m/fpu/crtbegin.o

.ccmram         0x10000000        0x0 load address 0x08005ebc
                0x10000000                . = ALIGN (0x4)
                0x10000000                _sccmram = .
 *(.ccmram)
 *(.ccmram*)
                0x10000000                . = ALIGN (0x4)
                0x10000000                _eccmram = .
                0x10000000                . = ALIGN (0x4)

.bss            0x20000540      0x900
                0x20000540                _sbss = .
                0x20000540                __bss_start__ = _sbss
 *(.bss)
 .bss           0x20000540       0x1c c:/appz/embitz/0.42/share/em_armgcc/bin/../lib/gcc/arm-none-eabi/4.8.4/armv7e-m/fpu/crtbegin.o
 .bss           0x2000055c        0x4 c:/appz/embitz/0.42/share/em_armgcc/bin/../lib/gcc/arm-none-eabi/4.8.4/../../../../arm-none-eabi/lib/armv7e-m/fpu\libnosys_s.a(sbrk.o)
 *(.bss*)
 .bss.cfgidx.8527
                0x20000560        0x1 bin\middlewares\st\stm32_usb_device_library\core\src\usbd_ctlreq.o
 *fill*         0x20000561        0x3 
 .bss.__malloc_sbrk_start
                0x20000564        0x4 c:/appz/embitz/0.42/share/em_armgcc/bin/../lib/gcc/arm-none-eabi/4.8.4/../../../../arm-none-eabi/lib/armv7e-m/fpu\libg_n.a(lib_a-nano-mallocr.o)
                0x20000564                __malloc_sbrk_start
 .bss.__malloc_free_list
                0x20000568        0x4 c:/appz/embitz/0.42/share/em_armgcc/bin/../lib/gcc/arm-none-eabi/4.8.4/../../../../arm-none-eabi/lib/armv7e-m/fpu\libg_n.a(lib_a-nano-mallocr.o)
                0x20000568                __malloc_free_list
 *(COMMON)
 COMMON         0x2000056c        0x4 bin\drivers\stm32f4xx_hal_driver\src\stm32f4xx_hal.o
                0x2000056c                uwTick
 COMMON         0x20000570       0xf0 bin\src\main.o
                0x20000570                hi2c1
                0x200005c4                hspi1
                0x2000061c                hi2s3
 COMMON         0x20000660      0x224 bin\src\usb_device.o
                0x20000660                hUsbDeviceFS
 COMMON         0x20000884      0x3b8 bin\src\usbd_conf.o
                0x20000884                hpcd_USB_OTG_FS
 COMMON         0x20000c3c      0x200 bin\src\usbd_desc.o
                0x20000c3c                USBD_StrDesc
 COMMON         0x20000e3c        0x4 c:/appz/embitz/0.42/share/em_armgcc/bin/../lib/gcc/arm-none-eabi/4.8.4/../../../../arm-none-eabi/lib/armv7e-m/fpu\libg_n.a(lib_a-reent.o)
                0x20000e3c                errno
                0x20000e40                . = ALIGN (0x4)
                0x20000e40                _ebss = .
                0x20000e40                __bss_end__ = _ebss

._user_heap_stack
                0x20000e40      0x600
                0x20000e40                . = ALIGN (0x8)
                0x20000e40                PROVIDE (end, .)
                0x20000e40                PROVIDE (_end, .)
                0x20001040                . = (. + _Min_Heap_Size)
 *fill*         0x20000e40      0x200 
                0x20001440                . = (. + _Min_Stack_Size)
 *fill*         0x20001040      0x400 
                0x20001440                . = ALIGN (0x8)

/DISCARD/
 libc.a(*)
 libm.a(*)
 libgcc.a(*)

.ARM.attributes
                0x00000000       0x30
 *(.ARM.attributes)
 .ARM.attributes
                0x00000000       0x22 c:/appz/embitz/0.42/share/em_armgcc/bin/../lib/gcc/arm-none-eabi/4.8.4/armv7e-m/fpu/crti.o
 .ARM.attributes
                0x00000022       0x34 c:/appz/embitz/0.42/share/em_armgcc/bin/../lib/gcc/arm-none-eabi/4.8.4/armv7e-m/fpu/crtbegin.o
 .ARM.attributes
                0x00000056       0x21 bin\drivers\cmsis\device\st\stm32f4xx\source\templates\gcc\startup_stm32f407xx.o
 .ARM.attributes
                0x00000077       0x39 bin\drivers\cmsis\device\st\stm32f4xx\source\templates\system_stm32f4xx.o
 .ARM.attributes
                0x000000b0       0x39 bin\drivers\stm32f4xx_hal_driver\src\stm32f4xx_hal.o
 .ARM.attributes
                0x000000e9       0x39 bin\drivers\stm32f4xx_hal_driver\src\stm32f4xx_hal_cortex.o
 .ARM.attributes
                0x00000122       0x39 bin\drivers\stm32f4xx_hal_driver\src\stm32f4xx_hal_gpio.o
 .ARM.attributes
                0x0000015b       0x39 bin\drivers\stm32f4xx_hal_driver\src\stm32f4xx_hal_i2c.o
 .ARM.attributes
                0x00000194       0x39 bin\drivers\stm32f4xx_hal_driver\src\stm32f4xx_hal_i2s_ex.o
 .ARM.attributes
                0x000001cd       0x39 bin\drivers\stm32f4xx_hal_driver\src\stm32f4xx_hal_pcd.o
 .ARM.attributes
                0x00000206       0x39 bin\drivers\stm32f4xx_hal_driver\src\stm32f4xx_hal_pcd_ex.o
 .ARM.attributes
                0x0000023f       0x39 bin\drivers\stm32f4xx_hal_driver\src\stm32f4xx_hal_rcc.o
 .ARM.attributes
                0x00000278       0x39 bin\drivers\stm32f4xx_hal_driver\src\stm32f4xx_hal_rcc_ex.o
 .ARM.attributes
                0x000002b1       0x39 bin\drivers\stm32f4xx_hal_driver\src\stm32f4xx_hal_spi.o
 .ARM.attributes
                0x000002ea       0x39 bin\drivers\stm32f4xx_hal_driver\src\stm32f4xx_ll_usb.o
 .ARM.attributes
                0x00000323       0x39 bin\middlewares\st\stm32_usb_device_library\class\hid\src\usbd_hid.o
 .ARM.attributes
                0x0000035c       0x39 bin\middlewares\st\stm32_usb_device_library\core\src\usbd_core.o
 .ARM.attributes
                0x00000395       0x39 bin\middlewares\st\stm32_usb_device_library\core\src\usbd_ctlreq.o
 .ARM.attributes
                0x000003ce       0x39 bin\middlewares\st\stm32_usb_device_library\core\src\usbd_ioreq.o
 .ARM.attributes
                0x00000407       0x39 bin\src\main.o
 .ARM.attributes
                0x00000440       0x39 bin\src\stm32f4xx_hal_msp.o
 .ARM.attributes
                0x00000479       0x39 bin\src\stm32f4xx_it.o
 .ARM.attributes
                0x000004b2       0x39 bin\src\usb_device.o
 .ARM.attributes
                0x000004eb       0x39 bin\src\usbd_conf.o
 .ARM.attributes
                0x00000524       0x39 bin\src\usbd_desc.o
 .ARM.attributes
                0x0000055d       0x34 c:/appz/embitz/0.42/share/em_armgcc/bin/../lib/gcc/arm-none-eabi/4.8.4/../../../../arm-none-eabi/lib/armv7e-m/fpu\libm.a(lib_a-s_cos.o)
 .ARM.attributes
                0x00000591       0x34 c:/appz/embitz/0.42/share/em_armgcc/bin/../lib/gcc/arm-none-eabi/4.8.4/../../../../arm-none-eabi/lib/armv7e-m/fpu\libm.a(lib_a-s_sin.o)
 .ARM.attributes
                0x000005c5       0x34 c:/appz/embitz/0.42/share/em_armgcc/bin/../lib/gcc/arm-none-eabi/4.8.4/../../../../arm-none-eabi/lib/armv7e-m/fpu\libm.a(lib_a-e_rem_pio2.o)
 .ARM.attributes
                0x000005f9       0x34 c:/appz/embitz/0.42/share/em_armgcc/bin/../lib/gcc/arm-none-eabi/4.8.4/../../../../arm-none-eabi/lib/armv7e-m/fpu\libm.a(lib_a-k_cos.o)
 .ARM.attributes
                0x0000062d       0x34 c:/appz/embitz/0.42/share/em_armgcc/bin/../lib/gcc/arm-none-eabi/4.8.4/../../../../arm-none-eabi/lib/armv7e-m/fpu\libm.a(lib_a-k_rem_pio2.o)
 .ARM.attributes
                0x00000661       0x34 c:/appz/embitz/0.42/share/em_armgcc/bin/../lib/gcc/arm-none-eabi/4.8.4/../../../../arm-none-eabi/lib/armv7e-m/fpu\libm.a(lib_a-k_sin.o)
 .ARM.attributes
                0x00000695       0x34 c:/appz/embitz/0.42/share/em_armgcc/bin/../lib/gcc/arm-none-eabi/4.8.4/../../../../arm-none-eabi/lib/armv7e-m/fpu\libm.a(lib_a-s_fabs.o)
 .ARM.attributes
                0x000006c9       0x34 c:/appz/embitz/0.42/share/em_armgcc/bin/../lib/gcc/arm-none-eabi/4.8.4/../../../../arm-none-eabi/lib/armv7e-m/fpu\libm.a(lib_a-s_floor.o)
 .ARM.attributes
                0x000006fd       0x34 c:/appz/embitz/0.42/share/em_armgcc/bin/../lib/gcc/arm-none-eabi/4.8.4/../../../../arm-none-eabi/lib/armv7e-m/fpu\libm.a(lib_a-s_scalbn.o)
 .ARM.attributes
                0x00000731       0x34 c:/appz/embitz/0.42/share/em_armgcc/bin/../lib/gcc/arm-none-eabi/4.8.4/../../../../arm-none-eabi/lib/armv7e-m/fpu\libm.a(lib_a-s_copysign.o)
 .ARM.attributes
                0x00000765       0x22 c:/appz/embitz/0.42/share/em_armgcc/bin/../lib/gcc/arm-none-eabi/4.8.4/armv7e-m/fpu\libgcc.a(_arm_addsubdf3.o)
 .ARM.attributes
                0x00000787       0x22 c:/appz/embitz/0.42/share/em_armgcc/bin/../lib/gcc/arm-none-eabi/4.8.4/armv7e-m/fpu\libgcc.a(_arm_muldivdf3.o)
 .ARM.attributes
                0x000007a9       0x22 c:/appz/embitz/0.42/share/em_armgcc/bin/../lib/gcc/arm-none-eabi/4.8.4/armv7e-m/fpu\libgcc.a(_arm_cmpdf2.o)
 .ARM.attributes
                0x000007cb       0x22 c:/appz/embitz/0.42/share/em_armgcc/bin/../lib/gcc/arm-none-eabi/4.8.4/armv7e-m/fpu\libgcc.a(_arm_fixdfsi.o)
 .ARM.attributes
                0x000007ed       0x34 c:/appz/embitz/0.42/share/em_armgcc/bin/../lib/gcc/arm-none-eabi/4.8.4/../../../../arm-none-eabi/lib/armv7e-m/fpu\libg_n.a(lib_a-malloc.o)
 .ARM.attributes
                0x00000821       0x34 c:/appz/embitz/0.42/share/em_armgcc/bin/../lib/gcc/arm-none-eabi/4.8.4/../../../../arm-none-eabi/lib/armv7e-m/fpu\libg_n.a(lib_a-nano-freer.o)
 .ARM.attributes
                0x00000855       0x34 c:/appz/embitz/0.42/share/em_armgcc/bin/../lib/gcc/arm-none-eabi/4.8.4/../../../../arm-none-eabi/lib/armv7e-m/fpu\libg_n.a(lib_a-nano-mallocr.o)
 .ARM.attributes
                0x00000889       0x34 c:/appz/embitz/0.42/share/em_armgcc/bin/../lib/gcc/arm-none-eabi/4.8.4/../../../../arm-none-eabi/lib/armv7e-m/fpu\libg_n.a(lib_a-sbrkr.o)
 .ARM.attributes
                0x000008bd       0x34 c:/appz/embitz/0.42/share/em_armgcc/bin/../lib/gcc/arm-none-eabi/4.8.4/../../../../arm-none-eabi/lib/armv7e-m/fpu\libg_n.a(lib_a-reent.o)
 .ARM.attributes
                0x000008f1       0x34 c:/appz/embitz/0.42/share/em_armgcc/bin/../lib/gcc/arm-none-eabi/4.8.4/../../../../arm-none-eabi/lib/armv7e-m/fpu\libnosys_s.a(sbrk.o)
 .ARM.attributes
                0x00000925       0x22 c:/appz/embitz/0.42/share/em_armgcc/bin/../lib/gcc/arm-none-eabi/4.8.4/armv7e-m/fpu/crtn.o
LOAD bin\drivers\cmsis\device\st\stm32f4xx\source\templates\gcc\startup_stm32f407xx.o
LOAD bin\drivers\cmsis\device\st\stm32f4xx\source\templates\system_stm32f4xx.o
LOAD bin\drivers\stm32f4xx_hal_driver\src\stm32f4xx_hal.o
LOAD bin\drivers\stm32f4xx_hal_driver\src\stm32f4xx_hal_cortex.o
LOAD bin\drivers\stm32f4xx_hal_driver\src\stm32f4xx_hal_dma.o
LOAD bin\drivers\stm32f4xx_hal_driver\src\stm32f4xx_hal_dma_ex.o
LOAD bin\drivers\stm32f4xx_hal_driver\src\stm32f4xx_hal_flash.o
LOAD bin\drivers\stm32f4xx_hal_driver\src\stm32f4xx_hal_flash_ex.o
LOAD bin\drivers\stm32f4xx_hal_driver\src\stm32f4xx_hal_flash_ramfunc.o
LOAD bin\drivers\stm32f4xx_hal_driver\src\stm32f4xx_hal_gpio.o
LOAD bin\drivers\stm32f4xx_hal_driver\src\stm32f4xx_hal_i2c.o
LOAD bin\drivers\stm32f4xx_hal_driver\src\stm32f4xx_hal_i2c_ex.o
LOAD bin\drivers\stm32f4xx_hal_driver\src\stm32f4xx_hal_i2s.o
LOAD bin\drivers\stm32f4xx_hal_driver\src\stm32f4xx_hal_i2s_ex.o
LOAD bin\drivers\stm32f4xx_hal_driver\src\stm32f4xx_hal_pcd.o
LOAD bin\drivers\stm32f4xx_hal_driver\src\stm32f4xx_hal_pcd_ex.o
LOAD bin\drivers\stm32f4xx_hal_driver\src\stm32f4xx_hal_pwr.o
LOAD bin\drivers\stm32f4xx_hal_driver\src\stm32f4xx_hal_pwr_ex.o
LOAD bin\drivers\stm32f4xx_hal_driver\src\stm32f4xx_hal_rcc.o
LOAD bin\drivers\stm32f4xx_hal_driver\src\stm32f4xx_hal_rcc_ex.o
LOAD bin\drivers\stm32f4xx_hal_driver\src\stm32f4xx_hal_spi.o
LOAD bin\drivers\stm32f4xx_hal_driver\src\stm32f4xx_hal_tim.o
LOAD bin\drivers\stm32f4xx_hal_driver\src\stm32f4xx_hal_tim_ex.o
LOAD bin\drivers\stm32f4xx_hal_driver\src\stm32f4xx_ll_usb.o
LOAD bin\middlewares\st\stm32_usb_device_library\class\hid\src\usbd_hid.o
LOAD bin\middlewares\st\stm32_usb_device_library\core\src\usbd_core.o
LOAD bin\middlewares\st\stm32_usb_device_library\core\src\usbd_ctlreq.o
LOAD bin\middlewares\st\stm32_usb_device_library\core\src\usbd_ioreq.o
LOAD bin\src\main.o
LOAD bin\src\stm32f4xx_hal_msp.o
LOAD bin\src\stm32f4xx_it.o
LOAD bin\src\usb_device.o
LOAD bin\src\usbd_conf.o
LOAD bin\src\usbd_desc.o
LOAD c:/appz/embitz/0.42/share/em_armgcc/bin/../lib/gcc/arm-none-eabi/4.8.4/../../../../arm-none-eabi/lib/armv7e-m/fpu\libm.a
START GROUP
LOAD c:/appz/embitz/0.42/share/em_armgcc/bin/../lib/gcc/arm-none-eabi/4.8.4/armv7e-m/fpu\libgcc.a
LOAD c:/appz/embitz/0.42/share/em_armgcc/bin/../lib/gcc/arm-none-eabi/4.8.4/../../../../arm-none-eabi/lib/armv7e-m/fpu\libg_n.a
LOAD c:/appz/embitz/0.42/share/em_armgcc/bin/../lib/gcc/arm-none-eabi/4.8.4/../../../../arm-none-eabi/lib/armv7e-m/fpu\libc_n.a
END GROUP
START GROUP
LOAD c:/appz/embitz/0.42/share/em_armgcc/bin/../lib/gcc/arm-none-eabi/4.8.4/armv7e-m/fpu\libgcc.a
LOAD c:/appz/embitz/0.42/share/em_armgcc/bin/../lib/gcc/arm-none-eabi/4.8.4/../../../../arm-none-eabi/lib/armv7e-m/fpu\libc_n.a
LOAD c:/appz/embitz/0.42/share/em_armgcc/bin/../lib/gcc/arm-none-eabi/4.8.4/../../../../arm-none-eabi/lib/armv7e-m/fpu\libnosys_s.a
END GROUP
LOAD c:/appz/embitz/0.42/share/em_armgcc/bin/../lib/gcc/arm-none-eabi/4.8.4/armv7e-m/fpu/crtend.o
LOAD c:/appz/embitz/0.42/share/em_armgcc/bin/../lib/gcc/arm-none-eabi/4.8.4/armv7e-m/fpu/crtn.o
OUTPUT(bin\MPOA.elf elf32-littlearm)

.debug_line     0x00000000     0x6f6b
 .debug_line    0x00000000       0xab bin\drivers\cmsis\device\st\stm32f4xx\source\templates\gcc\startup_stm32f407xx.o
 .debug_line    0x000000ab      0x1bc bin\drivers\cmsis\device\st\stm32f4xx\source\templates\system_stm32f4xx.o
 .debug_line    0x00000267      0x370 bin\drivers\stm32f4xx_hal_driver\src\stm32f4xx_hal.o
 .debug_line    0x000005d7      0x3da bin\drivers\stm32f4xx_hal_driver\src\stm32f4xx_hal_cortex.o
 .debug_line    0x000009b1      0x3af bin\drivers\stm32f4xx_hal_driver\src\stm32f4xx_hal_gpio.o
 .debug_line    0x00000d60     0x159f bin\drivers\stm32f4xx_hal_driver\src\stm32f4xx_hal_i2c.o
 .debug_line    0x000022ff      0x722 bin\drivers\stm32f4xx_hal_driver\src\stm32f4xx_hal_i2s_ex.o
 .debug_line    0x00002a21      0x798 bin\drivers\stm32f4xx_hal_driver\src\stm32f4xx_hal_pcd.o
 .debug_line    0x000031b9      0x210 bin\drivers\stm32f4xx_hal_driver\src\stm32f4xx_hal_pcd_ex.o
 .debug_line    0x000033c9      0x5fd bin\drivers\stm32f4xx_hal_driver\src\stm32f4xx_hal_rcc.o
 .debug_line    0x000039c6      0x305 bin\drivers\stm32f4xx_hal_driver\src\stm32f4xx_hal_rcc_ex.o
 .debug_line    0x00003ccb      0xc02 bin\drivers\stm32f4xx_hal_driver\src\stm32f4xx_hal_spi.o
 .debug_line    0x000048cd      0x8b9 bin\drivers\stm32f4xx_hal_driver\src\stm32f4xx_ll_usb.o
 .debug_line    0x00005186      0x337 bin\middlewares\st\stm32_usb_device_library\class\hid\src\usbd_hid.o
 .debug_line    0x000054bd      0x3ac bin\middlewares\st\stm32_usb_device_library\core\src\usbd_core.o
 .debug_line    0x00005869      0x300 bin\middlewares\st\stm32_usb_device_library\core\src\usbd_ctlreq.o
 .debug_line    0x00005b69      0x200 bin\middlewares\st\stm32_usb_device_library\core\src\usbd_ioreq.o
 .debug_line    0x00005d69      0x4ff bin\src\main.o
 .debug_line    0x00006268      0x2f8 bin\src\stm32f4xx_hal_msp.o
 .debug_line    0x00006560      0x1e9 bin\src\stm32f4xx_it.o
 .debug_line    0x00006749      0x1b2 bin\src\usb_device.o
 .debug_line    0x000068fb      0x4a4 bin\src\usbd_conf.o
 .debug_line    0x00006d9f      0x1cc bin\src\usbd_desc.o

.debug_info     0x00000000    0x14758
 .debug_info    0x00000000       0x83 bin\drivers\cmsis\device\st\stm32f4xx\source\templates\gcc\startup_stm32f407xx.o
 .debug_info    0x00000083      0x4a5 bin\drivers\cmsis\device\st\stm32f4xx\source\templates\system_stm32f4xx.o
 .debug_info    0x00000528      0x912 bin\drivers\stm32f4xx_hal_driver\src\stm32f4xx_hal.o
 .debug_info    0x00000e3a      0xe72 bin\drivers\stm32f4xx_hal_driver\src\stm32f4xx_hal_cortex.o
 .debug_info    0x00001cac      0x70a bin\drivers\stm32f4xx_hal_driver\src\stm32f4xx_hal_gpio.o
 .debug_info    0x000023b6     0x2f63 bin\drivers\stm32f4xx_hal_driver\src\stm32f4xx_hal_i2c.o
 .debug_info    0x00005319      0xe60 bin\drivers\stm32f4xx_hal_driver\src\stm32f4xx_hal_i2s_ex.o
 .debug_info    0x00006179     0x15d3 bin\drivers\stm32f4xx_hal_driver\src\stm32f4xx_hal_pcd.o
 .debug_info    0x0000774c      0x55d bin\drivers\stm32f4xx_hal_driver\src\stm32f4xx_hal_pcd_ex.o
 .debug_info    0x00007ca9      0xcaf bin\drivers\stm32f4xx_hal_driver\src\stm32f4xx_hal_rcc.o
 .debug_info    0x00008958      0x561 bin\drivers\stm32f4xx_hal_driver\src\stm32f4xx_hal_rcc_ex.o
 .debug_info    0x00008eb9     0x17b1 bin\drivers\stm32f4xx_hal_driver\src\stm32f4xx_hal_spi.o
 .debug_info    0x0000a66a     0x180d bin\drivers\stm32f4xx_hal_driver\src\stm32f4xx_ll_usb.o
 .debug_info    0x0000be77      0x977 bin\middlewares\st\stm32_usb_device_library\class\hid\src\usbd_hid.o
 .debug_info    0x0000c7ee      0xd0a bin\middlewares\st\stm32_usb_device_library\core\src\usbd_core.o
 .debug_info    0x0000d4f8      0xe04 bin\middlewares\st\stm32_usb_device_library\core\src\usbd_ctlreq.o
 .debug_info    0x0000e2fc      0x78f bin\middlewares\st\stm32_usb_device_library\core\src\usbd_ioreq.o
 .debug_info    0x0000ea8b     0x211b bin\src\main.o
 .debug_info    0x00010ba6     0x11d8 bin\src\stm32f4xx_hal_msp.o
 .debug_info    0x00011d7e      0x50d bin\src\stm32f4xx_it.o
 .debug_info    0x0001228b      0x58d bin\src\usb_device.o
 .debug_info    0x00012818     0x1a5b bin\src\usbd_conf.o
 .debug_info    0x00014273      0x4e5 bin\src\usbd_desc.o

.debug_abbrev   0x00000000     0x33f9
 .debug_abbrev  0x00000000       0x12 bin\drivers\cmsis\device\st\stm32f4xx\source\templates\gcc\startup_stm32f407xx.o
 .debug_abbrev  0x00000012      0x101 bin\drivers\cmsis\device\st\stm32f4xx\source\templates\system_stm32f4xx.o
 .debug_abbrev  0x00000113      0x258 bin\drivers\stm32f4xx_hal_driver\src\stm32f4xx_hal.o
 .debug_abbrev  0x0000036b      0x2e6 bin\drivers\stm32f4xx_hal_driver\src\stm32f4xx_hal_cortex.o
 .debug_abbrev  0x00000651      0x1c6 bin\drivers\stm32f4xx_hal_driver\src\stm32f4xx_hal_gpio.o
 .debug_abbrev  0x00000817      0x330 bin\drivers\stm32f4xx_hal_driver\src\stm32f4xx_hal_i2c.o
 .debug_abbrev  0x00000b47      0x2b7 bin\drivers\stm32f4xx_hal_driver\src\stm32f4xx_hal_i2s_ex.o
 .debug_abbrev  0x00000dfe      0x2ec bin\drivers\stm32f4xx_hal_driver\src\stm32f4xx_hal_pcd.o
 .debug_abbrev  0x000010ea      0x16d bin\drivers\stm32f4xx_hal_driver\src\stm32f4xx_hal_pcd_ex.o
 .debug_abbrev  0x00001257      0x333 bin\drivers\stm32f4xx_hal_driver\src\stm32f4xx_hal_rcc.o
 .debug_abbrev  0x0000158a      0x215 bin\drivers\stm32f4xx_hal_driver\src\stm32f4xx_hal_rcc_ex.o
 .debug_abbrev  0x0000179f      0x2db bin\drivers\stm32f4xx_hal_driver\src\stm32f4xx_hal_spi.o
 .debug_abbrev  0x00001a7a      0x355 bin\drivers\stm32f4xx_hal_driver\src\stm32f4xx_ll_usb.o
 .debug_abbrev  0x00001dcf      0x20b bin\middlewares\st\stm32_usb_device_library\class\hid\src\usbd_hid.o
 .debug_abbrev  0x00001fda      0x26d bin\middlewares\st\stm32_usb_device_library\core\src\usbd_core.o
 .debug_abbrev  0x00002247      0x31b bin\middlewares\st\stm32_usb_device_library\core\src\usbd_ctlreq.o
 .debug_abbrev  0x00002562      0x16a bin\middlewares\st\stm32_usb_device_library\core\src\usbd_ioreq.o
 .debug_abbrev  0x000026cc      0x3cf bin\src\main.o
 .debug_abbrev  0x00002a9b      0x1be bin\src\stm32f4xx_hal_msp.o
 .debug_abbrev  0x00002c59      0x195 bin\src\stm32f4xx_it.o
 .debug_abbrev  0x00002dee      0x17c bin\src\usb_device.o
 .debug_abbrev  0x00002f6a      0x2cb bin\src\usbd_conf.o
 .debug_abbrev  0x00003235      0x1c4 bin\src\usbd_desc.o

.debug_aranges  0x00000000      0xd38
 .debug_aranges
                0x00000000       0x28 bin\drivers\cmsis\device\st\stm32f4xx\source\templates\gcc\startup_stm32f407xx.o
 .debug_aranges
                0x00000028       0x28 bin\drivers\cmsis\device\st\stm32f4xx\source\templates\system_stm32f4xx.o
 .debug_aranges
                0x00000050       0xc0 bin\drivers\stm32f4xx_hal_driver\src\stm32f4xx_hal.o
 .debug_aranges
                0x00000110       0x98 bin\drivers\stm32f4xx_hal_driver\src\stm32f4xx_hal_cortex.o
 .debug_aranges
                0x000001a8       0x58 bin\drivers\stm32f4xx_hal_driver\src\stm32f4xx_hal_gpio.o
 .debug_aranges
                0x00000200      0x1d8 bin\drivers\stm32f4xx_hal_driver\src\stm32f4xx_hal_i2c.o
 .debug_aranges
                0x000003d8       0x78 bin\drivers\stm32f4xx_hal_driver\src\stm32f4xx_hal_i2s_ex.o
 .debug_aranges
                0x00000450      0x118 bin\drivers\stm32f4xx_hal_driver\src\stm32f4xx_hal_pcd.o
 .debug_aranges
                0x00000568       0x28 bin\drivers\stm32f4xx_hal_driver\src\stm32f4xx_hal_pcd_ex.o
 .debug_aranges
                0x00000590       0x88 bin\drivers\stm32f4xx_hal_driver\src\stm32f4xx_hal_rcc.o
 .debug_aranges
                0x00000618       0x30 bin\drivers\stm32f4xx_hal_driver\src\stm32f4xx_hal_rcc_ex.o
 .debug_aranges
                0x00000648      0x190 bin\drivers\stm32f4xx_hal_driver\src\stm32f4xx_hal_spi.o
 .debug_aranges
                0x000007d8      0x180 bin\drivers\stm32f4xx_hal_driver\src\stm32f4xx_ll_usb.o
 .debug_aranges
                0x00000958       0x58 bin\middlewares\st\stm32_usb_device_library\class\hid\src\usbd_hid.o
 .debug_aranges
                0x000009b0       0xb8 bin\middlewares\st\stm32_usb_device_library\core\src\usbd_core.o
 .debug_aranges
                0x00000a68       0x48 bin\middlewares\st\stm32_usb_device_library\core\src\usbd_ctlreq.o
 .debug_aranges
                0x00000ab0       0x50 bin\middlewares\st\stm32_usb_device_library\core\src\usbd_ioreq.o
 .debug_aranges
                0x00000b00       0x58 bin\src\main.o
 .debug_aranges
                0x00000b58       0x50 bin\src\stm32f4xx_hal_msp.o
 .debug_aranges
                0x00000ba8       0x28 bin\src\stm32f4xx_it.o
 .debug_aranges
                0x00000bd0       0x20 bin\src\usb_device.o
 .debug_aranges
                0x00000bf0       0xf8 bin\src\usbd_conf.o
 .debug_aranges
                0x00000ce8       0x50 bin\src\usbd_desc.o

.debug_ranges   0x00000000     0x13c0
 .debug_ranges  0x00000000       0x20 bin\drivers\cmsis\device\st\stm32f4xx\source\templates\gcc\startup_stm32f407xx.o
 .debug_ranges  0x00000020       0x18 bin\drivers\cmsis\device\st\stm32f4xx\source\templates\system_stm32f4xx.o
 .debug_ranges  0x00000038       0xb0 bin\drivers\stm32f4xx_hal_driver\src\stm32f4xx_hal.o
 .debug_ranges  0x000000e8      0x140 bin\drivers\stm32f4xx_hal_driver\src\stm32f4xx_hal_cortex.o
 .debug_ranges  0x00000228       0x60 bin\drivers\stm32f4xx_hal_driver\src\stm32f4xx_hal_gpio.o
 .debug_ranges  0x00000288      0x4a8 bin\drivers\stm32f4xx_hal_driver\src\stm32f4xx_hal_i2c.o
 .debug_ranges  0x00000730       0x68 bin\drivers\stm32f4xx_hal_driver\src\stm32f4xx_hal_i2s_ex.o
 .debug_ranges  0x00000798      0x108 bin\drivers\stm32f4xx_hal_driver\src\stm32f4xx_hal_pcd.o
 .debug_ranges  0x000008a0       0x18 bin\drivers\stm32f4xx_hal_driver\src\stm32f4xx_hal_pcd_ex.o
 .debug_ranges  0x000008b8      0x1a0 bin\drivers\stm32f4xx_hal_driver\src\stm32f4xx_hal_rcc.o
 .debug_ranges  0x00000a58       0x50 bin\drivers\stm32f4xx_hal_driver\src\stm32f4xx_hal_rcc_ex.o
 .debug_ranges  0x00000aa8      0x218 bin\drivers\stm32f4xx_hal_driver\src\stm32f4xx_hal_spi.o
 .debug_ranges  0x00000cc0      0x190 bin\drivers\stm32f4xx_hal_driver\src\stm32f4xx_ll_usb.o
 .debug_ranges  0x00000e50       0x48 bin\middlewares\st\stm32_usb_device_library\class\hid\src\usbd_hid.o
 .debug_ranges  0x00000e98       0xa8 bin\middlewares\st\stm32_usb_device_library\core\src\usbd_core.o
 .debug_ranges  0x00000f40       0xe0 bin\middlewares\st\stm32_usb_device_library\core\src\usbd_ctlreq.o
 .debug_ranges  0x00001020       0x40 bin\middlewares\st\stm32_usb_device_library\core\src\usbd_ioreq.o
 .debug_ranges  0x00001060      0x100 bin\src\main.o
 .debug_ranges  0x00001160       0x90 bin\src\stm32f4xx_hal_msp.o
 .debug_ranges  0x000011f0       0x18 bin\src\stm32f4xx_it.o
 .debug_ranges  0x00001208       0x10 bin\src\usb_device.o
 .debug_ranges  0x00001218      0x108 bin\src\usbd_conf.o
 .debug_ranges  0x00001320       0xa0 bin\src\usbd_desc.o

.debug_loc      0x00000000     0xb9f0
 .debug_loc     0x00000000      0x151 bin\drivers\cmsis\device\st\stm32f4xx\source\templates\system_stm32f4xx.o
 .debug_loc     0x00000151       0x90 bin\drivers\stm32f4xx_hal_driver\src\stm32f4xx_hal.o
 .debug_loc     0x000001e1      0x582 bin\drivers\stm32f4xx_hal_driver\src\stm32f4xx_hal_cortex.o
 .debug_loc     0x00000763      0x4cb bin\drivers\stm32f4xx_hal_driver\src\stm32f4xx_hal_gpio.o
 .debug_loc     0x00000c2e     0x3097 bin\drivers\stm32f4xx_hal_driver\src\stm32f4xx_hal_i2c.o
 .debug_loc     0x00003cc5      0xfdb bin\drivers\stm32f4xx_hal_driver\src\stm32f4xx_hal_i2s_ex.o
 .debug_loc     0x00004ca0      0xd6b bin\drivers\stm32f4xx_hal_driver\src\stm32f4xx_hal_pcd.o
 .debug_loc     0x00005a0b       0xff bin\drivers\stm32f4xx_hal_driver\src\stm32f4xx_hal_pcd_ex.o
 .debug_loc     0x00005b0a      0x68e bin\drivers\stm32f4xx_hal_driver\src\stm32f4xx_hal_rcc.o
 .debug_loc     0x00006198      0x19a bin\drivers\stm32f4xx_hal_driver\src\stm32f4xx_hal_rcc_ex.o
 .debug_loc     0x00006332     0x164a bin\drivers\stm32f4xx_hal_driver\src\stm32f4xx_hal_spi.o
 .debug_loc     0x0000797c     0x1b01 bin\drivers\stm32f4xx_hal_driver\src\stm32f4xx_ll_usb.o
 .debug_loc     0x0000947d      0x50b bin\middlewares\st\stm32_usb_device_library\class\hid\src\usbd_hid.o
 .debug_loc     0x00009988      0x769 bin\middlewares\st\stm32_usb_device_library\core\src\usbd_core.o
 .debug_loc     0x0000a0f1      0xab2 bin\middlewares\st\stm32_usb_device_library\core\src\usbd_ctlreq.o
 .debug_loc     0x0000aba3      0x23c bin\middlewares\st\stm32_usb_device_library\core\src\usbd_ioreq.o
 .debug_loc     0x0000addf      0x19e bin\src\main.o
 .debug_loc     0x0000af7d       0xc6 bin\src\stm32f4xx_hal_msp.o
 .debug_loc     0x0000b043      0x73a bin\src\usbd_conf.o
 .debug_loc     0x0000b77d      0x273 bin\src\usbd_desc.o

.debug_str      0x00000000     0x4346
 .debug_str     0x00000000      0x31c bin\drivers\cmsis\device\st\stm32f4xx\source\templates\system_stm32f4xx.o
                                0x381 (size before relaxing)
 .debug_str     0x0000031c      0x7e2 bin\drivers\stm32f4xx_hal_driver\src\stm32f4xx_hal.o
                                0xa7e (size before relaxing)
 .debug_str     0x00000afe      0x339 bin\drivers\stm32f4xx_hal_driver\src\stm32f4xx_hal_cortex.o
                                0xbc8 (size before relaxing)
 .debug_str     0x00000e37      0x1d5 bin\drivers\stm32f4xx_hal_driver\src\stm32f4xx_hal_gpio.o
                                0x4d0 (size before relaxing)
 .debug_str     0x0000100c      0xc7e bin\drivers\stm32f4xx_hal_driver\src\stm32f4xx_hal_i2c.o
                                0xf1a (size before relaxing)
 .debug_str     0x00001c8a      0x3a2 bin\drivers\stm32f4xx_hal_driver\src\stm32f4xx_hal_i2s_ex.o
                                0x934 (size before relaxing)
 .debug_str     0x0000202c      0x9a4 bin\drivers\stm32f4xx_hal_driver\src\stm32f4xx_hal_pcd.o
                                0xbec (size before relaxing)
 .debug_str     0x000029d0       0x6f bin\drivers\stm32f4xx_hal_driver\src\stm32f4xx_hal_pcd_ex.o
                                0x55c (size before relaxing)
 .debug_str     0x00002a3f      0x299 bin\drivers\stm32f4xx_hal_driver\src\stm32f4xx_hal_rcc.o
                                0x6ab (size before relaxing)
 .debug_str     0x00002cd8       0xf2 bin\drivers\stm32f4xx_hal_driver\src\stm32f4xx_hal_rcc_ex.o
                                0x430 (size before relaxing)
 .debug_str     0x00002dca      0x570 bin\drivers\stm32f4xx_hal_driver\src\stm32f4xx_hal_spi.o
                                0xad2 (size before relaxing)
 .debug_str     0x0000333a      0x3ad bin\drivers\stm32f4xx_hal_driver\src\stm32f4xx_ll_usb.o
                                0xb80 (size before relaxing)
 .debug_str     0x000036e7      0x561 bin\middlewares\st\stm32_usb_device_library\class\hid\src\usbd_hid.o
                                0x789 (size before relaxing)
 .debug_str     0x00003c48      0x2a1 bin\middlewares\st\stm32_usb_device_library\core\src\usbd_core.o
                                0x821 (size before relaxing)
 .debug_str     0x00003ee9      0x10f bin\middlewares\st\stm32_usb_device_library\core\src\usbd_ctlreq.o
                                0x73b (size before relaxing)
 .debug_str     0x00003ff8       0x76 bin\middlewares\st\stm32_usb_device_library\core\src\usbd_ioreq.o
                                0x668 (size before relaxing)
 .debug_str     0x0000406e      0x10d bin\src\main.o
                               0x1776 (size before relaxing)
 .debug_str     0x0000417b       0x2a bin\src\stm32f4xx_hal_msp.o
                               0x10aa (size before relaxing)
 .debug_str     0x000041a5       0x45 bin\src\stm32f4xx_it.o
                                0x526 (size before relaxing)
 .debug_str     0x000041ea       0x19 bin\src\usb_device.o
                                0x5bc (size before relaxing)
 .debug_str     0x00004203       0x38 bin\src\usbd_conf.o
                               0x1450 (size before relaxing)
 .debug_str     0x0000423b      0x10b bin\src\usbd_desc.o
                                0x3c8 (size before relaxing)

.comment        0x00000000       0x46
 .comment       0x00000000       0x46 bin\drivers\cmsis\device\st\stm32f4xx\source\templates\system_stm32f4xx.o
                                 0x47 (size before relaxing)
 .comment       0x00000000       0x47 bin\drivers\stm32f4xx_hal_driver\src\stm32f4xx_hal.o
 .comment       0x00000000       0x47 bin\drivers\stm32f4xx_hal_driver\src\stm32f4xx_hal_cortex.o
 .comment       0x00000000       0x47 bin\drivers\stm32f4xx_hal_driver\src\stm32f4xx_hal_gpio.o
 .comment       0x00000000       0x47 bin\drivers\stm32f4xx_hal_driver\src\stm32f4xx_hal_i2c.o
 .comment       0x00000000       0x47 bin\drivers\stm32f4xx_hal_driver\src\stm32f4xx_hal_i2s_ex.o
 .comment       0x00000000       0x47 bin\drivers\stm32f4xx_hal_driver\src\stm32f4xx_hal_pcd.o
 .comment       0x00000000       0x47 bin\drivers\stm32f4xx_hal_driver\src\stm32f4xx_hal_pcd_ex.o
 .comment       0x00000000       0x47 bin\drivers\stm32f4xx_hal_driver\src\stm32f4xx_hal_rcc.o
 .comment       0x00000000       0x47 bin\drivers\stm32f4xx_hal_driver\src\stm32f4xx_hal_rcc_ex.o
 .comment       0x00000000       0x47 bin\drivers\stm32f4xx_hal_driver\src\stm32f4xx_hal_spi.o
 .comment       0x00000000       0x47 bin\drivers\stm32f4xx_hal_driver\src\stm32f4xx_ll_usb.o
 .comment       0x00000000       0x47 bin\middlewares\st\stm32_usb_device_library\class\hid\src\usbd_hid.o
 .comment       0x00000000       0x47 bin\middlewares\st\stm32_usb_device_library\core\src\usbd_core.o
 .comment       0x00000000       0x47 bin\middlewares\st\stm32_usb_device_library\core\src\usbd_ctlreq.o
 .comment       0x00000000       0x47 bin\middlewares\st\stm32_usb_device_library\core\src\usbd_ioreq.o
 .comment       0x00000000       0x47 bin\src\main.o
 .comment       0x00000000       0x47 bin\src\stm32f4xx_hal_msp.o
 .comment       0x00000000       0x47 bin\src\stm32f4xx_it.o
 .comment       0x00000000       0x47 bin\src\usb_device.o
 .comment       0x00000000       0x47 bin\src\usbd_conf.o
 .comment       0x00000000       0x47 bin\src\usbd_desc.o

.debug_frame    0x00000000     0x2450
 .debug_frame   0x00000000       0x38 bin\drivers\cmsis\device\st\stm32f4xx\source\templates\system_stm32f4xx.o
 .debug_frame   0x00000038      0x184 bin\drivers\stm32f4xx_hal_driver\src\stm32f4xx_hal.o
 .debug_frame   0x000001bc      0x144 bin\drivers\stm32f4xx_hal_driver\src\stm32f4xx_hal_cortex.o
 .debug_frame   0x00000300       0xc8 bin\drivers\stm32f4xx_hal_driver\src\stm32f4xx_hal_gpio.o
 .debug_frame   0x000003c8      0x634 bin\drivers\stm32f4xx_hal_driver\src\stm32f4xx_hal_i2c.o
 .debug_frame   0x000009fc      0x148 bin\drivers\stm32f4xx_hal_driver\src\stm32f4xx_hal_i2s_ex.o
 .debug_frame   0x00000b44      0x2b8 bin\drivers\stm32f4xx_hal_driver\src\stm32f4xx_hal_pcd.o
 .debug_frame   0x00000dfc       0x38 bin\drivers\stm32f4xx_hal_driver\src\stm32f4xx_hal_pcd_ex.o
 .debug_frame   0x00000e34      0x140 bin\drivers\stm32f4xx_hal_driver\src\stm32f4xx_hal_rcc.o
 .debug_frame   0x00000f74       0x60 bin\drivers\stm32f4xx_hal_driver\src\stm32f4xx_hal_rcc_ex.o
 .debug_frame   0x00000fd4      0x44c bin\drivers\stm32f4xx_hal_driver\src\stm32f4xx_hal_spi.o
 .debug_frame   0x00001420      0x420 bin\drivers\stm32f4xx_hal_driver\src\stm32f4xx_ll_usb.o
 .debug_frame   0x00001840       0xb8 bin\middlewares\st\stm32_usb_device_library\class\hid\src\usbd_hid.o
 .debug_frame   0x000018f8      0x1bc bin\middlewares\st\stm32_usb_device_library\core\src\usbd_core.o
 .debug_frame   0x00001ab4       0xa4 bin\middlewares\st\stm32_usb_device_library\core\src\usbd_ctlreq.o
 .debug_frame   0x00001b58       0xc0 bin\middlewares\st\stm32_usb_device_library\core\src\usbd_ioreq.o
 .debug_frame   0x00001c18      0x108 bin\src\main.o
 .debug_frame   0x00001d20       0xbc bin\src\stm32f4xx_hal_msp.o
 .debug_frame   0x00001ddc       0x38 bin\src\stm32f4xx_it.o
 .debug_frame   0x00001e14       0x28 bin\src\usb_device.o
 .debug_frame   0x00001e3c      0x260 bin\src\usbd_conf.o
 .debug_frame   0x0000209c       0xa8 bin\src\usbd_desc.o
 .debug_frame   0x00002144       0x28 c:/appz/embitz/0.42/share/em_armgcc/bin/../lib/gcc/arm-none-eabi/4.8.4/../../../../arm-none-eabi/lib/armv7e-m/fpu\libm.a(lib_a-s_cos.o)
 .debug_frame   0x0000216c       0x28 c:/appz/embitz/0.42/share/em_armgcc/bin/../lib/gcc/arm-none-eabi/4.8.4/../../../../arm-none-eabi/lib/armv7e-m/fpu\libm.a(lib_a-s_sin.o)
 .debug_frame   0x00002194       0x38 c:/appz/embitz/0.42/share/em_armgcc/bin/../lib/gcc/arm-none-eabi/4.8.4/../../../../arm-none-eabi/lib/armv7e-m/fpu\libm.a(lib_a-e_rem_pio2.o)
 .debug_frame   0x000021cc       0x40 c:/appz/embitz/0.42/share/em_armgcc/bin/../lib/gcc/arm-none-eabi/4.8.4/../../../../arm-none-eabi/lib/armv7e-m/fpu\libm.a(lib_a-k_cos.o)
 .debug_frame   0x0000220c       0x3c c:/appz/embitz/0.42/share/em_armgcc/bin/../lib/gcc/arm-none-eabi/4.8.4/../../../../arm-none-eabi/lib/armv7e-m/fpu\libm.a(lib_a-k_rem_pio2.o)
 .debug_frame   0x00002248       0x40 c:/appz/embitz/0.42/share/em_armgcc/bin/../lib/gcc/arm-none-eabi/4.8.4/../../../../arm-none-eabi/lib/armv7e-m/fpu\libm.a(lib_a-k_sin.o)
 .debug_frame   0x00002288       0x20 c:/appz/embitz/0.42/share/em_armgcc/bin/../lib/gcc/arm-none-eabi/4.8.4/../../../../arm-none-eabi/lib/armv7e-m/fpu\libm.a(lib_a-s_fabs.o)
 .debug_frame   0x000022a8       0x38 c:/appz/embitz/0.42/share/em_armgcc/bin/../lib/gcc/arm-none-eabi/4.8.4/../../../../arm-none-eabi/lib/armv7e-m/fpu\libm.a(lib_a-s_floor.o)
 .debug_frame   0x000022e0       0x2c c:/appz/embitz/0.42/share/em_armgcc/bin/../lib/gcc/arm-none-eabi/4.8.4/../../../../arm-none-eabi/lib/armv7e-m/fpu\libm.a(lib_a-s_scalbn.o)
 .debug_frame   0x0000230c       0x28 c:/appz/embitz/0.42/share/em_armgcc/bin/../lib/gcc/arm-none-eabi/4.8.4/../../../../arm-none-eabi/lib/armv7e-m/fpu\libm.a(lib_a-s_copysign.o)
 .debug_frame   0x00002334       0x30 c:/appz/embitz/0.42/share/em_armgcc/bin/../lib/gcc/arm-none-eabi/4.8.4/../../../../arm-none-eabi/lib/armv7e-m/fpu\libg_n.a(lib_a-malloc.o)
 .debug_frame   0x00002364       0x2c c:/appz/embitz/0.42/share/em_armgcc/bin/../lib/gcc/arm-none-eabi/4.8.4/../../../../arm-none-eabi/lib/armv7e-m/fpu\libg_n.a(lib_a-nano-freer.o)
 .debug_frame   0x00002390       0x2c c:/appz/embitz/0.42/share/em_armgcc/bin/../lib/gcc/arm-none-eabi/4.8.4/../../../../arm-none-eabi/lib/armv7e-m/fpu\libg_n.a(lib_a-nano-mallocr.o)
 .debug_frame   0x000023bc       0x2c c:/appz/embitz/0.42/share/em_armgcc/bin/../lib/gcc/arm-none-eabi/4.8.4/../../../../arm-none-eabi/lib/armv7e-m/fpu\libg_n.a(lib_a-sbrkr.o)
 .debug_frame   0x000023e8       0x48 c:/appz/embitz/0.42/share/em_armgcc/bin/../lib/gcc/arm-none-eabi/4.8.4/../../../../arm-none-eabi/lib/armv7e-m/fpu\libg_n.a(lib_a-reent.o)
 .debug_frame   0x00002430       0x20 c:/appz/embitz/0.42/share/em_armgcc/bin/../lib/gcc/arm-none-eabi/4.8.4/../../../../arm-none-eabi/lib/armv7e-m/fpu\libnosys_s.a(sbrk.o)
