Archive member included because of file (symbol)

c:/appz/embitz/0.42/share/em_armgcc/bin/../lib/gcc/arm-none-eabi/4.8.4/../../../../arm-none-eabi/lib/armv7e-m/fpu\libc.a(lib_a-exit.o)
                              c:/appz/embitz/0.42/share/em_armgcc/bin/../lib/gcc/arm-none-eabi/4.8.4/../../../../arm-none-eabi/lib/armv7e-m/fpu/rdimon-crt0.o (exit)
c:/appz/embitz/0.42/share/em_armgcc/bin/../lib/gcc/arm-none-eabi/4.8.4/../../../../arm-none-eabi/lib/armv7e-m/fpu\libc.a(lib_a-impure.o)
                              c:/appz/embitz/0.42/share/em_armgcc/bin/../lib/gcc/arm-none-eabi/4.8.4/../../../../arm-none-eabi/lib/armv7e-m/fpu\libc.a(lib_a-exit.o) (_global_impure_ptr)
c:/appz/embitz/0.42/share/em_armgcc/bin/../lib/gcc/arm-none-eabi/4.8.4/../../../../arm-none-eabi/lib/armv7e-m/fpu\libc.a(lib_a-init.o)
                              c:/appz/embitz/0.42/share/em_armgcc/bin/../lib/gcc/arm-none-eabi/4.8.4/../../../../arm-none-eabi/lib/armv7e-m/fpu/rdimon-crt0.o (__libc_init_array)
c:/appz/embitz/0.42/share/em_armgcc/bin/../lib/gcc/arm-none-eabi/4.8.4/../../../../arm-none-eabi/lib/armv7e-m/fpu\libc.a(lib_a-memset.o)
                              c:/appz/embitz/0.42/share/em_armgcc/bin/../lib/gcc/arm-none-eabi/4.8.4/../../../../arm-none-eabi/lib/armv7e-m/fpu/rdimon-crt0.o (memset)
c:/appz/embitz/0.42/share/em_armgcc/bin/../lib/gcc/arm-none-eabi/4.8.4/../../../../arm-none-eabi/lib/armv7e-m/fpu\libc.a(lib_a-__call_atexit.o)
                              c:/appz/embitz/0.42/share/em_armgcc/bin/../lib/gcc/arm-none-eabi/4.8.4/../../../../arm-none-eabi/lib/armv7e-m/fpu\libc.a(lib_a-exit.o) (__call_exitprocs)
c:/appz/embitz/0.42/share/em_armgcc/bin/../lib/gcc/arm-none-eabi/4.8.4/../../../../arm-none-eabi/lib/armv7e-m/fpu\libc.a(lib_a-atexit.o)
                              c:/appz/embitz/0.42/share/em_armgcc/bin/../lib/gcc/arm-none-eabi/4.8.4/../../../../arm-none-eabi/lib/armv7e-m/fpu\libc.a(lib_a-__call_atexit.o) (atexit)
c:/appz/embitz/0.42/share/em_armgcc/bin/../lib/gcc/arm-none-eabi/4.8.4/../../../../arm-none-eabi/lib/armv7e-m/fpu\libc.a(lib_a-fini.o)
                              c:/appz/embitz/0.42/share/em_armgcc/bin/../lib/gcc/arm-none-eabi/4.8.4/../../../../arm-none-eabi/lib/armv7e-m/fpu\libc.a(lib_a-__call_atexit.o) (__libc_fini_array)
c:/appz/embitz/0.42/share/em_armgcc/bin/../lib/gcc/arm-none-eabi/4.8.4/../../../../arm-none-eabi/lib/armv7e-m/fpu\libc.a(lib_a-__atexit.o)
                              c:/appz/embitz/0.42/share/em_armgcc/bin/../lib/gcc/arm-none-eabi/4.8.4/../../../../arm-none-eabi/lib/armv7e-m/fpu\libc.a(lib_a-atexit.o) (__register_exitproc)
c:/appz/embitz/0.42/share/em_armgcc/bin/../lib/gcc/arm-none-eabi/4.8.4/../../../../arm-none-eabi/lib/armv7e-m/fpu\librdimon_n.a(rdimon-syscalls.o)
                              c:/appz/embitz/0.42/share/em_armgcc/bin/../lib/gcc/arm-none-eabi/4.8.4/../../../../arm-none-eabi/lib/armv7e-m/fpu/rdimon-crt0.o (initialise_monitor_handles)
c:/appz/embitz/0.42/share/em_armgcc/bin/../lib/gcc/arm-none-eabi/4.8.4/../../../../arm-none-eabi/lib/armv7e-m/fpu\librdimon_n.a(rdimon-_exit.o)
                              c:/appz/embitz/0.42/share/em_armgcc/bin/../lib/gcc/arm-none-eabi/4.8.4/../../../../arm-none-eabi/lib/armv7e-m/fpu\libc.a(lib_a-exit.o) (_exit)
c:/appz/embitz/0.42/share/em_armgcc/bin/../lib/gcc/arm-none-eabi/4.8.4/../../../../arm-none-eabi/lib/armv7e-m/fpu\librdimon_n.a(rdimon-_kill.o)
                              c:/appz/embitz/0.42/share/em_armgcc/bin/../lib/gcc/arm-none-eabi/4.8.4/../../../../arm-none-eabi/lib/armv7e-m/fpu\librdimon_n.a(rdimon-_exit.o) (_kill)
c:/appz/embitz/0.42/share/em_armgcc/bin/../lib/gcc/arm-none-eabi/4.8.4/../../../../arm-none-eabi/lib/armv7e-m/fpu\libg_n.a(lib_a-errno.o)
                              c:/appz/embitz/0.42/share/em_armgcc/bin/../lib/gcc/arm-none-eabi/4.8.4/../../../../arm-none-eabi/lib/armv7e-m/fpu\librdimon_n.a(rdimon-syscalls.o) (__errno)
c:/appz/embitz/0.42/share/em_armgcc/bin/../lib/gcc/arm-none-eabi/4.8.4/../../../../arm-none-eabi/lib/armv7e-m/fpu\libg_n.a(lib_a-findfp.o)
                              c:/appz/embitz/0.42/share/em_armgcc/bin/../lib/gcc/arm-none-eabi/4.8.4/../../../../arm-none-eabi/lib/armv7e-m/fpu\librdimon_n.a(rdimon-syscalls.o) (__sinit)
c:/appz/embitz/0.42/share/em_armgcc/bin/../lib/gcc/arm-none-eabi/4.8.4/../../../../arm-none-eabi/lib/armv7e-m/fpu\libg_n.a(lib_a-fwalk.o)
                              c:/appz/embitz/0.42/share/em_armgcc/bin/../lib/gcc/arm-none-eabi/4.8.4/../../../../arm-none-eabi/lib/armv7e-m/fpu\libg_n.a(lib_a-findfp.o) (_fwalk)
c:/appz/embitz/0.42/share/em_armgcc/bin/../lib/gcc/arm-none-eabi/4.8.4/../../../../arm-none-eabi/lib/armv7e-m/fpu\libg_n.a(lib_a-nano-mallocr.o)
                              c:/appz/embitz/0.42/share/em_armgcc/bin/../lib/gcc/arm-none-eabi/4.8.4/../../../../arm-none-eabi/lib/armv7e-m/fpu\libg_n.a(lib_a-findfp.o) (_malloc_r)
[...]
Memory Configuration

Name             Origin             Length             Attributes
RAM              0x20000000         0x00020000         xrw
CCMRAM           0x10000000         0x00010000         rw
FLASH            0x08000000         0x00100000         xr
*default*        0x00000000         0xffffffff

Linker script and memory map

LOAD c:/appz/embitz/0.42/share/em_armgcc/bin/../lib/gcc/arm-none-eabi/4.8.4/armv7e-m/fpu/crti.o
LOAD c:/appz/embitz/0.42/share/em_armgcc/bin/../lib/gcc/arm-none-eabi/4.8.4/armv7e-m/fpu/crtbegin.o
LOAD c:/appz/embitz/0.42/share/em_armgcc/bin/../lib/gcc/arm-none-eabi/4.8.4/../../../../arm-none-eabi/lib/armv7e-m/fpu/rdimon-crt0.o
                0x00000000                __HEAP_SIZE = 0x0
                0x00000100                __STACK_SIZE = 0x100
                0x20020000                _estack = 0x20020000
                0x00000200                _Min_Heap_Size = 0x200
                0x00000400                _Min_Stack_Size = 0x400

.isr_vector     0x08000000      0x188
                0x08000000                . = ALIGN (0x4)
 *(.isr_vector)
 .isr_vector    0x08000000      0x188 bin\cmsis\device\st\stm32f4xx\source\templates\gcc\startup_stm32f407xx.o
                0x08000000                g_pfnVectors
                0x08000188                . = ALIGN (0x4)

.text           0x08000188     0x2d70
                0x08000188                . = ALIGN (0x4)
 *(.text)
 .text          0x08000188       0x54 c:/appz/embitz/0.42/share/em_armgcc/bin/../lib/gcc/arm-none-eabi/4.8.4/armv7e-m/fpu/crtbegin.o
 *(.text*)
 .text.__libc_init_array
                0x080001dc       0x50 c:/appz/embitz/0.42/share/em_armgcc/bin/../lib/gcc/arm-none-eabi/4.8.4/../../../../arm-none-eabi/lib/armv7e-m/fpu\libc.a(lib_a-init.o)
                0x080001dc                __libc_init_array
 .text.memset   0x0800022c       0x94 c:/appz/embitz/0.42/share/em_armgcc/bin/../lib/gcc/arm-none-eabi/4.8.4/../../../../arm-none-eabi/lib/armv7e-m/fpu\libc.a(lib_a-memset.o)
                0x0800022c                memset
 .text.startup.register_fini
                0x080002c0       0x14 c:/appz/embitz/0.42/share/em_armgcc/bin/../lib/gcc/arm-none-eabi/4.8.4/../../../../arm-none-eabi/lib/armv7e-m/fpu\libc.a(lib_a-__call_atexit.o)
 .text.atexit   0x080002d4        0xc c:/appz/embitz/0.42/share/em_armgcc/bin/../lib/gcc/arm-none-eabi/4.8.4/../../../../arm-none-eabi/lib/armv7e-m/fpu\libc.a(lib_a-atexit.o)
                0x080002d4                atexit
 .text.__libc_fini_array
                0x080002e0       0x30 c:/appz/embitz/0.42/share/em_armgcc/bin/../lib/gcc/arm-none-eabi/4.8.4/../../../../arm-none-eabi/lib/armv7e-m/fpu\libc.a(lib_a-fini.o)
                0x080002e0                __libc_fini_array
 .text.__register_exitproc
                0x08000310       0xa8 c:/appz/embitz/0.42/share/em_armgcc/bin/../lib/gcc/arm-none-eabi/4.8.4/../../../../arm-none-eabi/lib/armv7e-m/fpu\libc.a(lib_a-__atexit.o)
                0x08000310                __register_exitproc
 .text.Reset_Handler
                0x080003b8       0x50 bin\cmsis\device\st\stm32f4xx\source\templates\gcc\startup_stm32f407xx.o
                0x080003b8                Reset_Handler
 .text.Default_Handler
                0x08000408        0x2 bin\cmsis\device\st\stm32f4xx\source\templates\gcc\startup_stm32f407xx.o
                0x08000408                RTC_Alarm_IRQHandler
                0x08000408                HASH_RNG_IRQHandler
                0x08000408                EXTI2_IRQHandler
                0x08000408                TIM8_CC_IRQHandler
                0x08000408                DebugMon_Handler
                0x08000408                TIM1_CC_IRQHandler
                0x08000408                DMA2_Stream5_IRQHandler
                0x08000408                HardFault_Handler
                0x08000408                DMA1_Stream5_IRQHandler
                0x08000408                PVD_IRQHandler
                0x08000408                SDIO_IRQHandler
                0x08000408                TAMP_STAMP_IRQHandler
                0x08000408                PendSV_Handler
                0x08000408                NMI_Handler
                0x08000408                CAN2_RX1_IRQHandler
                0x08000408                EXTI3_IRQHandler
                0x08000408                TIM8_TRG_COM_TIM14_IRQHandler
                0x08000408                TIM1_UP_TIM10_IRQHandler
                0x08000408                TIM8_UP_TIM13_IRQHandler
                0x08000408                I2C3_ER_IRQHandler
                0x08000408                EXTI0_IRQHandler
                0x08000408                I2C2_EV_IRQHandler
                0x08000408                DMA1_Stream2_IRQHandler
                0x08000408                CAN1_RX0_IRQHandler
                0x08000408                FPU_IRQHandler
                0x08000408                OTG_HS_WKUP_IRQHandler
                0x08000408                UsageFault_Handler
                0x08000408                CAN2_SCE_IRQHandler
                0x08000408                DMA2_Stream2_IRQHandler
                0x08000408                SPI1_IRQHandler
                0x08000408                TIM6_DAC_IRQHandler
                0x08000408                TIM1_BRK_TIM9_IRQHandler
                0x08000408                DCMI_IRQHandler
                0x08000408                CAN2_RX0_IRQHandler
                0x08000408                DMA2_Stream3_IRQHandler
                0x08000408                USART6_IRQHandler
                0x08000408                USART3_IRQHandler
                0x08000408                CAN1_RX1_IRQHandler
                0x08000408                UART5_IRQHandler
                0x08000408                DMA2_Stream0_IRQHandler
                0x08000408                TIM4_IRQHandler
                0x08000408                I2C1_EV_IRQHandler
                0x08000408                DMA1_Stream6_IRQHandler
                0x08000408                DMA1_Stream1_IRQHandler
                0x08000408                UART4_IRQHandler
                0x08000408                TIM3_IRQHandler
                0x08000408                RCC_IRQHandler
                0x08000408                TIM8_BRK_TIM12_IRQHandler
                0x08000408                Default_Handler
                0x08000408                EXTI15_10_IRQHandler
                0x08000408                ADC_IRQHandler
                0x08000408                DMA1_Stream7_IRQHandler
                0x08000408                TIM7_IRQHandler
                0x08000408                CAN2_TX_IRQHandler
                0x08000408                TIM5_IRQHandler
                0x08000408                DMA2_Stream7_IRQHandler
                0x08000408                I2C3_EV_IRQHandler
                0x08000408                EXTI9_5_IRQHandler
                0x08000408                RTC_WKUP_IRQHandler
                0x08000408                ETH_WKUP_IRQHandler
                0x08000408                SPI2_IRQHandler
                0x08000408                OTG_HS_EP1_IN_IRQHandler
                0x08000408                MemManage_Handler
                0x08000408                DMA1_Stream0_IRQHandler
                0x08000408                CAN1_TX_IRQHandler
                0x08000408                SVC_Handler
                0x08000408                EXTI4_IRQHandler
                0x08000408                FSMC_IRQHandler
                0x08000408                ETH_IRQHandler
                0x08000408                OTG_HS_EP1_OUT_IRQHandler
                0x08000408                WWDG_IRQHandler
                0x08000408                OTG_FS_WKUP_IRQHandler
                0x08000408                TIM1_TRG_COM_TIM11_IRQHandler
                0x08000408                OTG_HS_IRQHandler
                0x08000408                EXTI1_IRQHandler
                0x08000408                USART2_IRQHandler
                0x08000408                I2C2_ER_IRQHandler
                0x08000408                DMA2_Stream1_IRQHandler
                0x08000408                CAN1_SCE_IRQHandler
                0x08000408                FLASH_IRQHandler
                0x08000408                DMA2_Stream4_IRQHandler
                0x08000408                BusFault_Handler
                0x08000408                USART1_IRQHandler
                0x08000408                OTG_FS_IRQHandler
                0x08000408                SPI3_IRQHandler
                0x08000408                DMA1_Stream4_IRQHandler
                0x08000408                I2C1_ER_IRQHandler
                0x08000408                DMA2_Stream6_IRQHandler
                0x08000408                DMA1_Stream3_IRQHandler
 *fill*         0x0800040a        0x2 
 .text.SystemInit
                0x0800040c       0x50 bin\cmsis\device\st\stm32f4xx\source\templates\system_stm32f4xx.o
                0x0800040c                SystemInit
 .text.HAL_InitTick
                0x0800045c       0x2c bin\drivers\stm32f4xx_hal_driver\src\stm32f4xx_hal.o
                0x0800045c                HAL_InitTick
 .text.HAL_Init
                0x08000488       0x34 bin\drivers\stm32f4xx_hal_driver\src\stm32f4xx_hal.o
                0x08000488                HAL_Init
 .text.HAL_IncTick
                0x080004bc       0x10 bin\drivers\stm32f4xx_hal_driver\src\stm32f4xx_hal.o
                0x080004bc                HAL_IncTick
 .text.HAL_GetTick
                0x080004cc        0xc bin\drivers\stm32f4xx_hal_driver\src\stm32f4xx_hal.o
                0x080004cc                HAL_GetTick
 .text.HAL_Delay
                0x080004d8       0x1c bin\drivers\stm32f4xx_hal_driver\src\stm32f4xx_hal.o
                0x080004d8                HAL_Delay
 .text.HAL_NVIC_SetPriorityGrouping
                0x080004f4       0x24 bin\drivers\stm32f4xx_hal_driver\src\stm32f4xx_hal_cortex.o
                0x080004f4                HAL_NVIC_SetPriorityGrouping
 .text.HAL_NVIC_SetPriority
                0x08000518       0x70 bin\drivers\stm32f4xx_hal_driver\src\stm32f4xx_hal_cortex.o
                0x08000518                HAL_NVIC_SetPriority
 .text.HAL_NVIC_EnableIRQ
                0x08000588       0x18 bin\drivers\stm32f4xx_hal_driver\src\stm32f4xx_hal_cortex.o
                0x08000588                HAL_NVIC_EnableIRQ
 .text.HAL_SYSTICK_Config
                0x080005a0       0x38 bin\drivers\stm32f4xx_hal_driver\src\stm32f4xx_hal_cortex.o
                0x080005a0                HAL_SYSTICK_Config
 .text.HAL_SYSTICK_CLKSourceConfig
                0x080005d8       0x18 bin\drivers\stm32f4xx_hal_driver\src\stm32f4xx_hal_cortex.o
                0x080005d8                HAL_SYSTICK_CLKSourceConfig
 .text.HAL_SYSTICK_Callback
                0x080005f0        0x4 bin\drivers\stm32f4xx_hal_driver\src\stm32f4xx_hal_cortex.o
                0x080005f0                HAL_SYSTICK_Callback
 .text.HAL_SYSTICK_IRQHandler
                0x080005f4        0x8 bin\drivers\stm32f4xx_hal_driver\src\stm32f4xx_hal_cortex.o
                0x080005f4                HAL_SYSTICK_IRQHandler
 .text.HAL_GPIO_Init
                0x080005fc      0x1f0 bin\drivers\stm32f4xx_hal_driver\src\stm32f4xx_hal_gpio.o
                0x080005fc                HAL_GPIO_Init
 .text.HAL_GPIO_ReadPin
                0x080007ec        0xc bin\drivers\stm32f4xx_hal_driver\src\stm32f4xx_hal_gpio.o
                0x080007ec                HAL_GPIO_ReadPin
 .text.HAL_GPIO_WritePin
                0x080007f8        0x8 bin\drivers\stm32f4xx_hal_driver\src\stm32f4xx_hal_gpio.o
                0x080007f8                HAL_GPIO_WritePin
 .text.HAL_GPIO_TogglePin
                0x08000800        0x8 bin\drivers\stm32f4xx_hal_driver\src\stm32f4xx_hal_gpio.o
                0x08000800                HAL_GPIO_TogglePin
 .text.HAL_I2C_Init
                0x08000808       0xfc bin\drivers\stm32f4xx_hal_driver\src\stm32f4xx_hal_i2c.o
                0x08000808                HAL_I2C_Init
 .text.I2S_GetInputClock
                0x08000904       0x50 bin\drivers\stm32f4xx_hal_driver\src\stm32f4xx_hal_i2s_ex.o
                0x08000904                I2S_GetInputClock
 .text.HAL_I2S_Init
                0x08000954      0x144 bin\drivers\stm32f4xx_hal_driver\src\stm32f4xx_hal_i2s_ex.o
                0x08000954                HAL_I2S_Init
 .text.HAL_RCC_OscConfig
                0x08000a98      0x31c bin\drivers\stm32f4xx_hal_driver\src\stm32f4xx_hal_rcc.o
                0x08000a98                HAL_RCC_OscConfig
 .text.HAL_RCC_GetSysClockFreq
                0x08000db4       0x84 bin\drivers\stm32f4xx_hal_driver\src\stm32f4xx_hal_rcc.o
                0x08000db4                HAL_RCC_GetSysClockFreq
 .text.HAL_RCC_ClockConfig
                0x08000e38      0x170 bin\drivers\stm32f4xx_hal_driver\src\stm32f4xx_hal_rcc.o
                0x08000e38                HAL_RCC_ClockConfig
 .text.HAL_RCC_GetHCLKFreq
                0x08000fa8        0xc bin\drivers\stm32f4xx_hal_driver\src\stm32f4xx_hal_rcc.o
                0x08000fa8                HAL_RCC_GetHCLKFreq
 .text.HAL_RCC_GetPCLK1Freq
                0x08000fb4       0x30 bin\drivers\stm32f4xx_hal_driver\src\stm32f4xx_hal_rcc.o
                0x08000fb4                HAL_RCC_GetPCLK1Freq
 .text.HAL_RCCEx_PeriphCLKConfig
                0x08000fe4      0x15c bin\drivers\stm32f4xx_hal_driver\src\stm32f4xx_hal_rcc_ex.o
                0x08000fe4                HAL_RCCEx_PeriphCLKConfig
 .text.HAL_SPI_Init
                0x08001140       0xac bin\drivers\stm32f4xx_hal_driver\src\stm32f4xx_hal_spi.o
                0x08001140                HAL_SPI_Init
 .text.HAL_TIM_Base_Start_IT
                0x080011ec       0x1c bin\drivers\stm32f4xx_hal_driver\src\stm32f4xx_hal_tim.o
                0x080011ec                HAL_TIM_Base_Start_IT
 .text.HAL_TIM_ConfigClockSource
                0x08001208      0x1a0 bin\drivers\stm32f4xx_hal_driver\src\stm32f4xx_hal_tim.o
                0x08001208                HAL_TIM_ConfigClockSource
 .text.HAL_TIM_OC_DelayElapsedCallback
                0x080013a8        0x4 bin\drivers\stm32f4xx_hal_driver\src\stm32f4xx_hal_tim.o
                0x080013a8                HAL_TIM_OC_DelayElapsedCallback
 .text.HAL_TIM_IC_CaptureCallback
                0x080013ac        0x4 bin\drivers\stm32f4xx_hal_driver\src\stm32f4xx_hal_tim.o
                0x080013ac                HAL_TIM_IC_CaptureCallback
 .text.HAL_TIM_PWM_PulseFinishedCallback
                0x080013b0        0x4 bin\drivers\stm32f4xx_hal_driver\src\stm32f4xx_hal_tim.o
                0x080013b0                HAL_TIM_PWM_PulseFinishedCallback
 .text.HAL_TIM_TriggerCallback
                0x080013b4        0x4 bin\drivers\stm32f4xx_hal_driver\src\stm32f4xx_hal_tim.o
                0x080013b4                HAL_TIM_TriggerCallback
 .text.HAL_TIM_IRQHandler
                0x080013b8      0x15c bin\drivers\stm32f4xx_hal_driver\src\stm32f4xx_hal_tim.o
                0x080013b8                HAL_TIM_IRQHandler
 .text.TIM_Base_SetConfig
                0x08001514       0xd0 bin\drivers\stm32f4xx_hal_driver\src\stm32f4xx_hal_tim.o
                0x08001514                TIM_Base_SetConfig
 .text.HAL_TIM_Base_Init
                0x080015e4       0x38 bin\drivers\stm32f4xx_hal_driver\src\stm32f4xx_hal_tim.o
                0x080015e4                HAL_TIM_Base_Init
 .text.HAL_TIMEx_MasterConfigSynchronization
                0x0800161c       0x58 bin\drivers\stm32f4xx_hal_driver\src\stm32f4xx_hal_tim_ex.o
                0x0800161c                HAL_TIMEx_MasterConfigSynchronization
 .text.HAL_TIMEx_CommutationCallback
                0x08001674        0x4 bin\drivers\stm32f4xx_hal_driver\src\stm32f4xx_hal_tim_ex.o
                0x08001674                HAL_TIMEx_CommutationCallback
 .text.HAL_TIMEx_BreakCallback
                0x08001678        0x4 bin\drivers\stm32f4xx_hal_driver\src\stm32f4xx_hal_tim_ex.o
                0x08001678                HAL_TIMEx_BreakCallback
 .text.SystemClock_Config
                0x0800167c       0xc4 bin\src\main.o
                0x0800167c                SystemClock_Config
 .text.startup.main
                0x08001740      0x3bc bin\src\main.o
                0x08001740                main
 .text.HAL_TIM_PeriodElapsedCallback
                0x08001afc      0x114 bin\src\main.o
                0x08001afc                HAL_TIM_PeriodElapsedCallback
 .text.HAL_MspInit
                0x08001c10       0x60 bin\src\stm32f4xx_hal_msp.o
                0x08001c10                HAL_MspInit
 .text.HAL_I2C_MspInit
                0x08001c70       0x58 bin\src\stm32f4xx_hal_msp.o
                0x08001c70                HAL_I2C_MspInit
 .text.HAL_I2S_MspInit
                0x08001cc8       0x68 bin\src\stm32f4xx_hal_msp.o
                0x08001cc8                HAL_I2S_MspInit
 .text.HAL_SPI_MspInit
                0x08001d30       0x50 bin\src\stm32f4xx_hal_msp.o
                0x08001d30                HAL_SPI_MspInit
 .text.HAL_TIM_Base_MspInit
                0x08001d80       0x40 bin\src\stm32f4xx_hal_msp.o
                0x08001d80                HAL_TIM_Base_MspInit
 .text.SysTick_Handler
                0x08001dc0       0x10 bin\src\stm32f4xx_it.o
                0x08001dc0                SysTick_Handler
 .text.TIM2_IRQHandler
                0x08001dd0        0xc bin\src\stm32f4xx_it.o
                0x08001dd0                TIM2_IRQHandler
 .text.findslot
                0x08001ddc       0x34 c:/appz/embitz/0.42/share/em_armgcc/bin/../lib/gcc/arm-none-eabi/4.8.4/../../../../arm-none-eabi/lib/armv7e-m/fpu\librdimon_n.a(rdimon-syscalls.o)
 .text.error    0x08001e10       0x1c c:/appz/embitz/0.42/share/em_armgcc/bin/../lib/gcc/arm-none-eabi/4.8.4/../../../../arm-none-eabi/lib/armv7e-m/fpu\librdimon_n.a(rdimon-syscalls.o)
 .text.checkerror
                0x08001e2c        0xa c:/appz/embitz/0.42/share/em_armgcc/bin/../lib/gcc/arm-none-eabi/4.8.4/../../../../arm-none-eabi/lib/armv7e-m/fpu\librdimon_n.a(rdimon-syscalls.o)
 .text._swiread
                0x08001e36       0x20 c:/appz/embitz/0.42/share/em_armgcc/bin/../lib/gcc/arm-none-eabi/4.8.4/../../../../arm-none-eabi/lib/armv7e-m/fpu\librdimon_n.a(rdimon-syscalls.o)
                0x08001e36                _swiread
 .text._read    0x08001e56       0x34 c:/appz/embitz/0.42/share/em_armgcc/bin/../lib/gcc/arm-none-eabi/4.8.4/../../../../arm-none-eabi/lib/armv7e-m/fpu\librdimon_n.a(rdimon-syscalls.o)
                0x08001e56                _read
 .text._swilseek
                0x08001e8a       0x7e c:/appz/embitz/0.42/share/em_armgcc/bin/../lib/gcc/arm-none-eabi/4.8.4/../../../../arm-none-eabi/lib/armv7e-m/fpu\librdimon_n.a(rdimon-syscalls.o)
                0x08001e8a                _swilseek
 .text._lseek   0x08001f08        0x4 c:/appz/embitz/0.42/share/em_armgcc/bin/../lib/gcc/arm-none-eabi/4.8.4/../../../../arm-none-eabi/lib/armv7e-m/fpu\librdimon_n.a(rdimon-syscalls.o)
                0x08001f08                _lseek
 .text._swiwrite
                0x08001f0c       0x20 c:/appz/embitz/0.42/share/em_armgcc/bin/../lib/gcc/arm-none-eabi/4.8.4/../../../../arm-none-eabi/lib/armv7e-m/fpu\librdimon_n.a(rdimon-syscalls.o)
                0x08001f0c                _swiwrite
 .text._write   0x08001f2c       0x42 c:/appz/embitz/0.42/share/em_armgcc/bin/../lib/gcc/arm-none-eabi/4.8.4/../../../../arm-none-eabi/lib/armv7e-m/fpu\librdimon_n.a(rdimon-syscalls.o)
                0x08001f2c                _write
 .text._swiclose
                0x08001f6e       0x1c c:/appz/embitz/0.42/share/em_armgcc/bin/../lib/gcc/arm-none-eabi/4.8.4/../../../../arm-none-eabi/lib/armv7e-m/fpu\librdimon_n.a(rdimon-syscalls.o)
                0x08001f6e                _swiclose
 *fill*         0x08001f8a        0x2 
 .text._close   0x08001f8c       0x48 c:/appz/embitz/0.42/share/em_armgcc/bin/../lib/gcc/arm-none-eabi/4.8.4/../../../../arm-none-eabi/lib/armv7e-m/fpu\librdimon_n.a(rdimon-syscalls.o)
                0x08001f8c                _close
 .text._sbrk    0x08001fd4       0x34 c:/appz/embitz/0.42/share/em_armgcc/bin/../lib/gcc/arm-none-eabi/4.8.4/../../../../arm-none-eabi/lib/armv7e-m/fpu\librdimon_n.a(rdimon-syscalls.o)
                0x08001fd4                _sbrk
 .text._swistat
                0x08002008       0x42 c:/appz/embitz/0.42/share/em_armgcc/bin/../lib/gcc/arm-none-eabi/4.8.4/../../../../arm-none-eabi/lib/armv7e-m/fpu\librdimon_n.a(rdimon-syscalls.o)
                0x08002008                _swistat
 .text._fstat   0x0800204a       0x1c c:/appz/embitz/0.42/share/em_armgcc/bin/../lib/gcc/arm-none-eabi/4.8.4/../../../../arm-none-eabi/lib/armv7e-m/fpu\librdimon_n.a(rdimon-syscalls.o)
                0x0800204a                _fstat
 .text._isatty  0x08002066       0x38 c:/appz/embitz/0.42/share/em_armgcc/bin/../lib/gcc/arm-none-eabi/4.8.4/../../../../arm-none-eabi/lib/armv7e-m/fpu\librdimon_n.a(rdimon-syscalls.o)
                0x08002066                _isatty
 *fill*         0x0800209e        0x2 
 .text.__errno  0x080020a0        0xc c:/appz/embitz/0.42/share/em_armgcc/bin/../lib/gcc/arm-none-eabi/4.8.4/../../../../arm-none-eabi/lib/armv7e-m/fpu\libg_n.a(lib_a-errno.o)
                0x080020a0                __errno
 .text._cleanup_r
                0x080020ac       0x32 c:/appz/embitz/0.42/share/em_armgcc/bin/../lib/gcc/arm-none-eabi/4.8.4/../../../../arm-none-eabi/lib/armv7e-m/fpu\libg_n.a(lib_a-findfp.o)
                0x080020ac                _cleanup_r
 *fill*         0x080020de        0x2 
 .text.std.isra.0
                0x080020e0       0x48 c:/appz/embitz/0.42/share/em_armgcc/bin/../lib/gcc/arm-none-eabi/4.8.4/../../../../arm-none-eabi/lib/armv7e-m/fpu\libg_n.a(lib_a-findfp.o)
 .text.__sfmoreglue
                0x08002128       0x2c c:/appz/embitz/0.42/share/em_armgcc/bin/../lib/gcc/arm-none-eabi/4.8.4/../../../../arm-none-eabi/lib/armv7e-m/fpu\libg_n.a(lib_a-findfp.o)
                0x08002128                __sfmoreglue
 .text.__sinit  0x08002154       0x60 c:/appz/embitz/0.42/share/em_armgcc/bin/../lib/gcc/arm-none-eabi/4.8.4/../../../../arm-none-eabi/lib/armv7e-m/fpu\libg_n.a(lib_a-findfp.o)
                0x08002154                __sinit
 .text.__sfp    0x080021b4       0x74 c:/appz/embitz/0.42/share/em_armgcc/bin/../lib/gcc/arm-none-eabi/4.8.4/../../../../arm-none-eabi/lib/armv7e-m/fpu\libg_n.a(lib_a-findfp.o)
                0x080021b4                __sfp
 .text._malloc_r
                0x08002228       0xa8 c:/appz/embitz/0.42/share/em_armgcc/bin/../lib/gcc/arm-none-eabi/4.8.4/../../../../arm-none-eabi/lib/armv7e-m/fpu\libg_n.a(lib_a-nano-mallocr.o)
                0x08002228                _malloc_r
 .text.printf   0x080022d0       0x30 c:/appz/embitz/0.42/share/em_armgcc/bin/../lib/gcc/arm-none-eabi/4.8.4/../../../../arm-none-eabi/lib/armv7e-m/fpu\libg_n.a(lib_a-printf.o)
                0x080022d0                iprintf
                0x080022d0                printf
 .text._puts_r  0x08002300       0xc0 c:/appz/embitz/0.42/share/em_armgcc/bin/../lib/gcc/arm-none-eabi/4.8.4/../../../../arm-none-eabi/lib/armv7e-m/fpu\libg_n.a(lib_a-puts.o)
                0x08002300                _puts_r
 .text.puts     0x080023c0       0x10 c:/appz/embitz/0.42/share/em_armgcc/bin/../lib/gcc/arm-none-eabi/4.8.4/../../../../arm-none-eabi/lib/armv7e-m/fpu\libg_n.a(lib_a-puts.o)
                0x080023c0                puts
 .text._sbrk_r  0x080023d0       0x20 c:/appz/embitz/0.42/share/em_armgcc/bin/../lib/gcc/arm-none-eabi/4.8.4/../../../../arm-none-eabi/lib/armv7e-m/fpu\libg_n.a(lib_a-sbrkr.o)
                0x080023d0                _sbrk_r
 .text.__sread  0x080023f0       0x22 c:/appz/embitz/0.42/share/em_armgcc/bin/../lib/gcc/arm-none-eabi/4.8.4/../../../../arm-none-eabi/lib/armv7e-m/fpu\libg_n.a(lib_a-stdio.o)
                0x080023f0                __sread
 .text.__swrite
                0x08002412       0x38 c:/appz/embitz/0.42/share/em_armgcc/bin/../lib/gcc/arm-none-eabi/4.8.4/../../../../arm-none-eabi/lib/armv7e-m/fpu\libg_n.a(lib_a-stdio.o)
                0x08002412                __swrite
 .text.__sseek  0x0800244a       0x24 c:/appz/embitz/0.42/share/em_armgcc/bin/../lib/gcc/arm-none-eabi/4.8.4/../../../../arm-none-eabi/lib/armv7e-m/fpu\libg_n.a(lib_a-stdio.o)
                0x0800244a                __sseek
 .text.__sclose
                0x0800246e        0x8 c:/appz/embitz/0.42/share/em_armgcc/bin/../lib/gcc/arm-none-eabi/4.8.4/../../../../arm-none-eabi/lib/armv7e-m/fpu\libg_n.a(lib_a-stdio.o)
                0x0800246e                __sclose
 .text.strlen   0x08002476       0x10 c:/appz/embitz/0.42/share/em_armgcc/bin/../lib/gcc/arm-none-eabi/4.8.4/../../../../arm-none-eabi/lib/armv7e-m/fpu\libg_n.a(lib_a-strlen.o)
                0x08002476                strlen
 .text.__sfputc_r
                0x08002486       0x2c c:/appz/embitz/0.42/share/em_armgcc/bin/../lib/gcc/arm-none-eabi/4.8.4/../../../../arm-none-eabi/lib/armv7e-m/fpu\libg_n.a(lib_a-vfprintf.o)
 .text.__sfputs_r
                0x080024b2       0x24 c:/appz/embitz/0.42/share/em_armgcc/bin/../lib/gcc/arm-none-eabi/4.8.4/../../../../arm-none-eabi/lib/armv7e-m/fpu\libg_n.a(lib_a-vfprintf.o)
                0x080024b2                __sfputs_r
 *fill*         0x080024d6        0x2 
 .text._vfprintf_r
                0x080024d8      0x208 c:/appz/embitz/0.42/share/em_armgcc/bin/../lib/gcc/arm-none-eabi/4.8.4/../../../../arm-none-eabi/lib/armv7e-m/fpu\libg_n.a(lib_a-vfprintf.o)
                0x080024d8                _vfprintf_r
                0x080024d8                _vfiprintf_r
 .text._printf_common
                0x080026e0       0xe4 c:/appz/embitz/0.42/share/em_armgcc/bin/../lib/gcc/arm-none-eabi/4.8.4/../../../../arm-none-eabi/lib/armv7e-m/fpu\libg_n.a(lib_a-vfprintf_i.o)
                0x080026e0                _printf_common
 .text._printf_i
                0x080027c4      0x228 c:/appz/embitz/0.42/share/em_armgcc/bin/../lib/gcc/arm-none-eabi/4.8.4/../../../../arm-none-eabi/lib/armv7e-m/fpu\libg_n.a(lib_a-vfprintf_i.o)
                0x080027c4                _printf_i
 .text.__swbuf_r
                0x080029ec       0xa8 c:/appz/embitz/0.42/share/em_armgcc/bin/../lib/gcc/arm-none-eabi/4.8.4/../../../../arm-none-eabi/lib/armv7e-m/fpu\libg_n.a(lib_a-wbuf.o)
                0x080029ec                __swbuf_r
 .text._write_r
                0x08002a94       0x24 c:/appz/embitz/0.42/share/em_armgcc/bin/../lib/gcc/arm-none-eabi/4.8.4/../../../../arm-none-eabi/lib/armv7e-m/fpu\libg_n.a(lib_a-writer.o)
                0x08002a94                _write_r
 .text.__swsetup_r
                0x08002ab8       0xdc c:/appz/embitz/0.42/share/em_armgcc/bin/../lib/gcc/arm-none-eabi/4.8.4/../../../../arm-none-eabi/lib/armv7e-m/fpu\libg_n.a(lib_a-wsetup.o)
                0x08002ab8                __swsetup_r
 .text._close_r
                0x08002b94       0x20 c:/appz/embitz/0.42/share/em_armgcc/bin/../lib/gcc/arm-none-eabi/4.8.4/../../../../arm-none-eabi/lib/armv7e-m/fpu\libg_n.a(lib_a-closer.o)
                0x08002b94                _close_r
 .text.__sflush_r
                0x08002bb4      0x106 c:/appz/embitz/0.42/share/em_armgcc/bin/../lib/gcc/arm-none-eabi/4.8.4/../../../../arm-none-eabi/lib/armv7e-m/fpu\libg_n.a(lib_a-fflush.o)
                0x08002bb4                __sflush_r
 *fill*         0x08002cba        0x2 
 .text._fflush_r
                0x08002cbc       0x54 c:/appz/embitz/0.42/share/em_armgcc/bin/../lib/gcc/arm-none-eabi/4.8.4/../../../../arm-none-eabi/lib/armv7e-m/fpu\libg_n.a(lib_a-fflush.o)
                0x08002cbc                _fflush_r
 .text._lseek_r
                0x08002d10       0x24 c:/appz/embitz/0.42/share/em_armgcc/bin/../lib/gcc/arm-none-eabi/4.8.4/../../../../arm-none-eabi/lib/armv7e-m/fpu\libg_n.a(lib_a-lseekr.o)
                0x08002d10                _lseek_r
 .text.__smakebuf_r
                0x08002d34       0x9c c:/appz/embitz/0.42/share/em_armgcc/bin/../lib/gcc/arm-none-eabi/4.8.4/../../../../arm-none-eabi/lib/armv7e-m/fpu\libg_n.a(lib_a-makebuf.o)
                0x08002d34                __smakebuf_r
 .text.memchr   0x08002dd0       0x1e c:/appz/embitz/0.42/share/em_armgcc/bin/../lib/gcc/arm-none-eabi/4.8.4/../../../../arm-none-eabi/lib/armv7e-m/fpu\libg_n.a(lib_a-memchr-stub.o)
                0x08002dd0                memchr
 *fill*         0x08002dee        0x2 
 .text._free_r  0x08002df0       0x88 c:/appz/embitz/0.42/share/em_armgcc/bin/../lib/gcc/arm-none-eabi/4.8.4/../../../../arm-none-eabi/lib/armv7e-m/fpu\libg_n.a(lib_a-nano-freer.o)
                0x08002df0                _free_r
 .text._read_r  0x08002e78       0x24 c:/appz/embitz/0.42/share/em_armgcc/bin/../lib/gcc/arm-none-eabi/4.8.4/../../../../arm-none-eabi/lib/armv7e-m/fpu\libg_n.a(lib_a-readr.o)
                0x08002e78                _read_r
 .text._fstat_r
                0x08002e9c       0x24 c:/appz/embitz/0.42/share/em_armgcc/bin/../lib/gcc/arm-none-eabi/4.8.4/../../../../arm-none-eabi/lib/armv7e-m/fpu\libg_n.a(lib_a-fstatr.o)
                0x08002e9c                _fstat_r
 .text._isatty_r
                0x08002ec0       0x20 c:/appz/embitz/0.42/share/em_armgcc/bin/../lib/gcc/arm-none-eabi/4.8.4/../../../../arm-none-eabi/lib/armv7e-m/fpu\libg_n.a(lib_a-isattyr.o)
                0x08002ec0                _isatty_r
 *(.glue_7)
 .glue_7        0x00000000        0x0 linker stubs
 *(.glue_7t)
 .glue_7t       0x00000000        0x0 linker stubs
 *(.eh_frame)
 .eh_frame      0x08002ee0        0x0 c:/appz/embitz/0.42/share/em_armgcc/bin/../lib/gcc/arm-none-eabi/4.8.4/armv7e-m/fpu/crtbegin.o
 *(.init)
 .init          0x08002ee0        0x4 c:/appz/embitz/0.42/share/em_armgcc/bin/../lib/gcc/arm-none-eabi/4.8.4/armv7e-m/fpu/crti.o
                0x08002ee0                _init
 .init          0x08002ee4        0x8 c:/appz/embitz/0.42/share/em_armgcc/bin/../lib/gcc/arm-none-eabi/4.8.4/armv7e-m/fpu/crtn.o
 *(.fini)
 .fini          0x08002eec        0x4 c:/appz/embitz/0.42/share/em_armgcc/bin/../lib/gcc/arm-none-eabi/4.8.4/armv7e-m/fpu/crti.o
                0x08002eec                _fini
 .fini          0x08002ef0        0x8 c:/appz/embitz/0.42/share/em_armgcc/bin/../lib/gcc/arm-none-eabi/4.8.4/armv7e-m/fpu/crtn.o
                0x08002ef8                . = ALIGN (0x4)
                0x08002ef8                _etext = .

.vfp11_veneer   0x08002ef8        0x0
 .vfp11_veneer  0x00000000        0x0 linker stubs

.v4_bx          0x08002ef8        0x0
 .v4_bx         0x00000000        0x0 linker stubs

.iplt           0x08002ef8        0x0
 .iplt          0x00000000        0x0 c:/appz/embitz/0.42/share/em_armgcc/bin/../lib/gcc/arm-none-eabi/4.8.4/armv7e-m/fpu/crtbegin.o

.rodata         0x08002ef8      0x14c
                0x08002ef8                . = ALIGN (0x4)
 *(.rodata)
 .rodata        0x08002ef8       0x14 bin\src\main.o
 *(.rodata*)
 .rodata.str1.4
                0x08002f0c        0x2 c:/appz/embitz/0.42/share/em_armgcc/bin/../lib/gcc/arm-none-eabi/4.8.4/../../../../arm-none-eabi/lib/armv7e-m/fpu\libc.a(lib_a-impure.o)
                                  0x4 (size before relaxing)
 *fill*         0x08002f0e        0x2 
 .rodata._global_impure_ptr
                0x08002f10        0x4 c:/appz/embitz/0.42/share/em_armgcc/bin/../lib/gcc/arm-none-eabi/4.8.4/../../../../arm-none-eabi/lib/armv7e-m/fpu\libc.a(lib_a-impure.o)
                0x08002f10                _global_impure_ptr
 .rodata.APBAHBPrescTable
                0x08002f14       0x10 bin\drivers\stm32f4xx_hal_driver\src\stm32f4xx_hal_rcc.o
                0x08002f14                APBAHBPrescTable
 .rodata.keyboard.7826
                0x08002f24       0x40 bin\src\main.o
 .rodata.str1.4
                0x08002f64       0x4c bin\src\main.o
 .rodata.__sf_fake_stdin
                0x08002fb0       0x20 c:/appz/embitz/0.42/share/em_armgcc/bin/../lib/gcc/arm-none-eabi/4.8.4/../../../../arm-none-eabi/lib/armv7e-m/fpu\libg_n.a(lib_a-findfp.o)
                0x08002fb0                __sf_fake_stdin
 .rodata.__sf_fake_stdout
                0x08002fd0       0x20 c:/appz/embitz/0.42/share/em_armgcc/bin/../lib/gcc/arm-none-eabi/4.8.4/../../../../arm-none-eabi/lib/armv7e-m/fpu\libg_n.a(lib_a-findfp.o)
                0x08002fd0                __sf_fake_stdout
 .rodata.__sf_fake_stderr
                0x08002ff0       0x20 c:/appz/embitz/0.42/share/em_armgcc/bin/../lib/gcc/arm-none-eabi/4.8.4/../../../../arm-none-eabi/lib/armv7e-m/fpu\libg_n.a(lib_a-findfp.o)
                0x08002ff0                __sf_fake_stderr
 .rodata.str1.1
                0x08003010       0x11 c:/appz/embitz/0.42/share/em_armgcc/bin/../lib/gcc/arm-none-eabi/4.8.4/../../../../arm-none-eabi/lib/armv7e-m/fpu\libg_n.a(lib_a-vfprintf.o)
 .rodata.str1.1
                0x08003021       0x22 c:/appz/embitz/0.42/share/em_armgcc/bin/../lib/gcc/arm-none-eabi/4.8.4/../../../../arm-none-eabi/lib/armv7e-m/fpu\libg_n.a(lib_a-vfprintf_i.o)
                0x08003044                . = ALIGN (0x4)
 *fill*         0x08003043        0x1 

.rel.dyn        0x08003044        0x0
 .rel.iplt      0x00000000        0x0 c:/appz/embitz/0.42/share/em_armgcc/bin/../lib/gcc/arm-none-eabi/4.8.4/armv7e-m/fpu/crtbegin.o

.ARM.extab
 *(.ARM.extab* .gnu.linkonce.armextab.*)

.ARM            0x08003044        0x0
                0x08003044                __exidx_start = .
 *(.ARM.exidx*)
                0x08003044                __exidx_end = .

.preinit_array  0x08003044        0x0
                0x08003044                PROVIDE (__preinit_array_start, .)
 *(.preinit_array*)
                0x08003044                PROVIDE (__preinit_array_end, .)

.init_array     0x08003044        0x8
                0x08003044                PROVIDE (__init_array_start, .)
 *(SORT(.init_array.*))
 .init_array.00000
                0x08003044        0x4 c:/appz/embitz/0.42/share/em_armgcc/bin/../lib/gcc/arm-none-eabi/4.8.4/../../../../arm-none-eabi/lib/armv7e-m/fpu\libc.a(lib_a-__call_atexit.o)
 *(.init_array*)
 .init_array    0x08003048        0x4 c:/appz/embitz/0.42/share/em_armgcc/bin/../lib/gcc/arm-none-eabi/4.8.4/armv7e-m/fpu/crtbegin.o
                0x0800304c                PROVIDE (__init_array_end, .)

.fini_array     0x0800304c        0x4
                0x0800304c                PROVIDE (__fini_array_start, .)
 *(SORT(.fini_array.*))
 *(.fini_array*)
 .fini_array    0x0800304c        0x4 c:/appz/embitz/0.42/share/em_armgcc/bin/../lib/gcc/arm-none-eabi/4.8.4/armv7e-m/fpu/crtbegin.o
                0x08003050                PROVIDE (__fini_array_end, .)
                0x08003050                _sidata = LOADADDR (.data)

.data           0x20000000      0x434 load address 0x08003050
                0x20000000                . = ALIGN (0x4)
                0x20000000                _sdata = .
 *(.data)
 *(.data*)
 .data.impure_data
                0x20000000      0x428 c:/appz/embitz/0.42/share/em_armgcc/bin/../lib/gcc/arm-none-eabi/4.8.4/../../../../arm-none-eabi/lib/armv7e-m/fpu\libc.a(lib_a-impure.o)
 .data._impure_ptr
                0x20000428        0x4 c:/appz/embitz/0.42/share/em_armgcc/bin/../lib/gcc/arm-none-eabi/4.8.4/../../../../arm-none-eabi/lib/armv7e-m/fpu\libc.a(lib_a-impure.o)
                0x20000428                _impure_ptr
 .data.SystemCoreClock
                0x2000042c        0x4 bin\cmsis\device\st\stm32f4xx\source\templates\system_stm32f4xx.o
                0x2000042c                SystemCoreClock
 .data.key      0x20000430        0x4 bin\src\main.o
                0x20000434                . = ALIGN (0x4)
                0x20000434                _edata = .
                0x08003484                _siccmram = LOADADDR (.ccmram)

.jcr            0x20000434        0x0 load address 0x08003484
 .jcr           0x20000434        0x0 c:/appz/embitz/0.42/share/em_armgcc/bin/../lib/gcc/arm-none-eabi/4.8.4/armv7e-m/fpu/crtbegin.o

.igot.plt       0x20000434        0x0 load address 0x08003484
 .igot.plt      0x00000000        0x0 c:/appz/embitz/0.42/share/em_armgcc/bin/../lib/gcc/arm-none-eabi/4.8.4/armv7e-m/fpu/crtbegin.o

.ccmram         0x10000000        0x0 load address 0x08003484
                0x10000000                . = ALIGN (0x4)
                0x10000000                _sccmram = .
 *(.ccmram)
 *(.ccmram*)
                0x10000000                . = ALIGN (0x4)
                0x10000000                _eccmram = .
                0x10000000                . = ALIGN (0x4)

.bss            0x20000434      0x218
                0x20000434                _sbss = .
                0x20000434                __bss_start__ = _sbss
 *(.bss)
 .bss           0x20000434       0x1c c:/appz/embitz/0.42/share/em_armgcc/bin/../lib/gcc/arm-none-eabi/4.8.4/armv7e-m/fpu/crtbegin.o
 *(.bss*)
 .bss.delay.7784
                0x20000450        0x4 bin\src\main.o
 .bss.row.7825  0x20000454        0x4 bin\src\main.o
 .bss.stisknuto.7780
                0x20000458       0x14 bin\src\main.o
 .bss.heap_end.5781
                0x2000046c        0x4 c:/appz/embitz/0.42/share/em_armgcc/bin/../lib/gcc/arm-none-eabi/4.8.4/../../../../arm-none-eabi/lib/armv7e-m/fpu\librdimon_n.a(rdimon-syscalls.o)
 .bss.openfiles
                0x20000470       0xa0 c:/appz/embitz/0.42/share/em_armgcc/bin/../lib/gcc/arm-none-eabi/4.8.4/../../../../arm-none-eabi/lib/armv7e-m/fpu\librdimon_n.a(rdimon-syscalls.o)
 .bss.__malloc_sbrk_start
                0x20000510        0x4 c:/appz/embitz/0.42/share/em_armgcc/bin/../lib/gcc/arm-none-eabi/4.8.4/../../../../arm-none-eabi/lib/armv7e-m/fpu\libg_n.a(lib_a-nano-mallocr.o)
                0x20000510                __malloc_sbrk_start
 .bss.__malloc_free_list
                0x20000514        0x4 c:/appz/embitz/0.42/share/em_armgcc/bin/../lib/gcc/arm-none-eabi/4.8.4/../../../../arm-none-eabi/lib/armv7e-m/fpu\libg_n.a(lib_a-nano-mallocr.o)
                0x20000514                __malloc_free_list
 *(COMMON)
 COMMON         0x20000518        0x4 bin\drivers\stm32f4xx_hal_driver\src\stm32f4xx_hal.o
                0x20000518                uwTick
 COMMON         0x2000051c      0x12c bin\src\main.o
                0x2000051c                hi2c1
                0x20000570                hspi1
                0x200005c8                htim2
                0x20000604                hi2s3
 COMMON         0x20000648        0x4 c:/appz/embitz/0.42/share/em_armgcc/bin/../lib/gcc/arm-none-eabi/4.8.4/../../../../arm-none-eabi/lib/armv7e-m/fpu\libg_n.a(lib_a-reent.o)
                0x20000648                errno
                0x2000064c                . = ALIGN (0x4)
                0x2000064c                _ebss = .
                0x2000064c                __bss_end__ = _ebss

._user_heap_stack
                0x2000064c      0x604
                0x20000650                . = ALIGN (0x8)
 *fill*         0x2000064c        0x4 
                0x20000650                PROVIDE (end, .)
                0x20000650                PROVIDE (_end, .)
                0x20000850                . = (. + _Min_Heap_Size)
 *fill*         0x20000650      0x200 
                0x20000c50                . = (. + _Min_Stack_Size)
 *fill*         0x20000850      0x400 
                0x20000c50                . = ALIGN (0x8)

/DISCARD/
 libc.a(*)
 libm.a(*)
 libgcc.a(*)

.ARM.attributes
                0x00000000       0x30
 *(.ARM.attributes)
 .ARM.attributes
                0x00000000       0x22 c:/appz/embitz/0.42/share/em_armgcc/bin/../lib/gcc/arm-none-eabi/4.8.4/armv7e-m/fpu/crti.o
 .ARM.attributes
                0x00000022       0x34 c:/appz/embitz/0.42/share/em_armgcc/bin/../lib/gcc/arm-none-eabi/4.8.4/armv7e-m/fpu/crtbegin.o
 .ARM.attributes
                0x00000056       0x21 bin\cmsis\device\st\stm32f4xx\source\templates\gcc\startup_stm32f407xx.o
 .ARM.attributes
                0x00000077       0x39 bin\cmsis\device\st\stm32f4xx\source\templates\system_stm32f4xx.o
 .ARM.attributes
                0x000000b0       0x39 bin\drivers\stm32f4xx_hal_driver\src\stm32f4xx_hal.o
 .ARM.attributes
                0x000000e9       0x39 bin\drivers\stm32f4xx_hal_driver\src\stm32f4xx_hal_cortex.o
 .ARM.attributes
                0x00000122       0x39 bin\drivers\stm32f4xx_hal_driver\src\stm32f4xx_hal_gpio.o
 .ARM.attributes
                0x0000015b       0x39 bin\drivers\stm32f4xx_hal_driver\src\stm32f4xx_hal_i2c.o
 .ARM.attributes
                0x00000194       0x39 bin\drivers\stm32f4xx_hal_driver\src\stm32f4xx_hal_i2s_ex.o
 .ARM.attributes
                0x000001cd       0x39 bin\drivers\stm32f4xx_hal_driver\src\stm32f4xx_hal_rcc.o
 .ARM.attributes
                0x00000206       0x39 bin\drivers\stm32f4xx_hal_driver\src\stm32f4xx_hal_rcc_ex.o
 .ARM.attributes
                0x0000023f       0x39 bin\drivers\stm32f4xx_hal_driver\src\stm32f4xx_hal_spi.o
 .ARM.attributes
                0x00000278       0x39 bin\drivers\stm32f4xx_hal_driver\src\stm32f4xx_hal_tim.o
 .ARM.attributes
                0x000002b1       0x39 bin\drivers\stm32f4xx_hal_driver\src\stm32f4xx_hal_tim_ex.o
 .ARM.attributes
                0x000002ea       0x39 bin\src\main.o
 .ARM.attributes
                0x00000323       0x39 bin\src\stm32f4xx_hal_msp.o
 .ARM.attributes
                0x0000035c       0x39 bin\src\stm32f4xx_it.o
 .ARM.attributes
                0x00000395       0x34 c:/appz/embitz/0.42/share/em_armgcc/bin/../lib/gcc/arm-none-eabi/4.8.4/../../../../arm-none-eabi/lib/armv7e-m/fpu\librdimon_n.a(rdimon-syscalls.o)
 .ARM.attributes
                0x000003c9       0x34 c:/appz/embitz/0.42/share/em_armgcc/bin/../lib/gcc/arm-none-eabi/4.8.4/../../../../arm-none-eabi/lib/armv7e-m/fpu\libg_n.a(lib_a-errno.o)
 .ARM.attributes
                0x000003fd       0x34 c:/appz/embitz/0.42/share/em_armgcc/bin/../lib/gcc/arm-none-eabi/4.8.4/../../../../arm-none-eabi/lib/armv7e-m/fpu\libg_n.a(lib_a-findfp.o)
 .ARM.attributes
                0x00000431       0x34 c:/appz/embitz/0.42/share/em_armgcc/bin/../lib/gcc/arm-none-eabi/4.8.4/../../../../arm-none-eabi/lib/armv7e-m/fpu\libg_n.a(lib_a-nano-mallocr.o)
 .ARM.attributes
                0x00000465       0x34 c:/appz/embitz/0.42/share/em_armgcc/bin/../lib/gcc/arm-none-eabi/4.8.4/../../../../arm-none-eabi/lib/armv7e-m/fpu\libg_n.a(lib_a-printf.o)
 .ARM.attributes
                0x00000499       0x34 c:/appz/embitz/0.42/share/em_armgcc/bin/../lib/gcc/arm-none-eabi/4.8.4/../../../../arm-none-eabi/lib/armv7e-m/fpu\libg_n.a(lib_a-puts.o)
 .ARM.attributes
                0x000004cd       0x34 c:/appz/embitz/0.42/share/em_armgcc/bin/../lib/gcc/arm-none-eabi/4.8.4/../../../../arm-none-eabi/lib/armv7e-m/fpu\libg_n.a(lib_a-sbrkr.o)
 .ARM.attributes
                0x00000501       0x34 c:/appz/embitz/0.42/share/em_armgcc/bin/../lib/gcc/arm-none-eabi/4.8.4/../../../../arm-none-eabi/lib/armv7e-m/fpu\libg_n.a(lib_a-stdio.o)
 .ARM.attributes
                0x00000535       0x34 c:/appz/embitz/0.42/share/em_armgcc/bin/../lib/gcc/arm-none-eabi/4.8.4/../../../../arm-none-eabi/lib/armv7e-m/fpu\libg_n.a(lib_a-strlen.o)
 .ARM.attributes
                0x00000569       0x34 c:/appz/embitz/0.42/share/em_armgcc/bin/../lib/gcc/arm-none-eabi/4.8.4/../../../../arm-none-eabi/lib/armv7e-m/fpu\libg_n.a(lib_a-vfprintf.o)
 .ARM.attributes
                0x0000059d       0x34 c:/appz/embitz/0.42/share/em_armgcc/bin/../lib/gcc/arm-none-eabi/4.8.4/../../../../arm-none-eabi/lib/armv7e-m/fpu\libg_n.a(lib_a-vfprintf_i.o)
 .ARM.attributes
                0x000005d1       0x34 c:/appz/embitz/0.42/share/em_armgcc/bin/../lib/gcc/arm-none-eabi/4.8.4/../../../../arm-none-eabi/lib/armv7e-m/fpu\libg_n.a(lib_a-wbuf.o)
 .ARM.attributes
                0x00000605       0x34 c:/appz/embitz/0.42/share/em_armgcc/bin/../lib/gcc/arm-none-eabi/4.8.4/../../../../arm-none-eabi/lib/armv7e-m/fpu\libg_n.a(lib_a-writer.o)
 .ARM.attributes
                0x00000639       0x34 c:/appz/embitz/0.42/share/em_armgcc/bin/../lib/gcc/arm-none-eabi/4.8.4/../../../../arm-none-eabi/lib/armv7e-m/fpu\libg_n.a(lib_a-wsetup.o)
 .ARM.attributes
                0x0000066d       0x34 c:/appz/embitz/0.42/share/em_armgcc/bin/../lib/gcc/arm-none-eabi/4.8.4/../../../../arm-none-eabi/lib/armv7e-m/fpu\libg_n.a(lib_a-closer.o)
 .ARM.attributes
                0x000006a1       0x34 c:/appz/embitz/0.42/share/em_armgcc/bin/../lib/gcc/arm-none-eabi/4.8.4/../../../../arm-none-eabi/lib/armv7e-m/fpu\libg_n.a(lib_a-fflush.o)
 .ARM.attributes
                0x000006d5       0x34 c:/appz/embitz/0.42/share/em_armgcc/bin/../lib/gcc/arm-none-eabi/4.8.4/../../../../arm-none-eabi/lib/armv7e-m/fpu\libg_n.a(lib_a-lseekr.o)
 .ARM.attributes
                0x00000709       0x34 c:/appz/embitz/0.42/share/em_armgcc/bin/../lib/gcc/arm-none-eabi/4.8.4/../../../../arm-none-eabi/lib/armv7e-m/fpu\libg_n.a(lib_a-makebuf.o)
 .ARM.attributes
                0x0000073d       0x34 c:/appz/embitz/0.42/share/em_armgcc/bin/../lib/gcc/arm-none-eabi/4.8.4/../../../../arm-none-eabi/lib/armv7e-m/fpu\libg_n.a(lib_a-memchr-stub.o)
 .ARM.attributes
                0x00000771       0x34 c:/appz/embitz/0.42/share/em_armgcc/bin/../lib/gcc/arm-none-eabi/4.8.4/../../../../arm-none-eabi/lib/armv7e-m/fpu\libg_n.a(lib_a-nano-freer.o)
 .ARM.attributes
                0x000007a5       0x34 c:/appz/embitz/0.42/share/em_armgcc/bin/../lib/gcc/arm-none-eabi/4.8.4/../../../../arm-none-eabi/lib/armv7e-m/fpu\libg_n.a(lib_a-readr.o)
 .ARM.attributes
                0x000007d9       0x34 c:/appz/embitz/0.42/share/em_armgcc/bin/../lib/gcc/arm-none-eabi/4.8.4/../../../../arm-none-eabi/lib/armv7e-m/fpu\libg_n.a(lib_a-reent.o)
 .ARM.attributes
                0x0000080d       0x34 c:/appz/embitz/0.42/share/em_armgcc/bin/../lib/gcc/arm-none-eabi/4.8.4/../../../../arm-none-eabi/lib/armv7e-m/fpu\libg_n.a(lib_a-fstatr.o)
 .ARM.attributes
                0x00000841       0x34 c:/appz/embitz/0.42/share/em_armgcc/bin/../lib/gcc/arm-none-eabi/4.8.4/../../../../arm-none-eabi/lib/armv7e-m/fpu\libg_n.a(lib_a-isattyr.o)
 .ARM.attributes
                0x00000875       0x22 c:/appz/embitz/0.42/share/em_armgcc/bin/../lib/gcc/arm-none-eabi/4.8.4/armv7e-m/fpu/crtn.o
LOAD bin\cmsis\device\st\stm32f4xx\source\templates\gcc\startup_stm32f407xx.o
LOAD bin\cmsis\device\st\stm32f4xx\source\templates\system_stm32f4xx.o
LOAD bin\drivers\stm32f4xx_hal_driver\src\stm32f4xx_hal.o
LOAD bin\drivers\stm32f4xx_hal_driver\src\stm32f4xx_hal_cortex.o
LOAD bin\drivers\stm32f4xx_hal_driver\src\stm32f4xx_hal_dma.o
LOAD bin\drivers\stm32f4xx_hal_driver\src\stm32f4xx_hal_dma_ex.o
LOAD bin\drivers\stm32f4xx_hal_driver\src\stm32f4xx_hal_flash.o
LOAD bin\drivers\stm32f4xx_hal_driver\src\stm32f4xx_hal_flash_ex.o
LOAD bin\drivers\stm32f4xx_hal_driver\src\stm32f4xx_hal_flash_ramfunc.o
LOAD bin\drivers\stm32f4xx_hal_driver\src\stm32f4xx_hal_gpio.o
LOAD bin\drivers\stm32f4xx_hal_driver\src\stm32f4xx_hal_i2c.o
LOAD bin\drivers\stm32f4xx_hal_driver\src\stm32f4xx_hal_i2c_ex.o
LOAD bin\drivers\stm32f4xx_hal_driver\src\stm32f4xx_hal_i2s.o
LOAD bin\drivers\stm32f4xx_hal_driver\src\stm32f4xx_hal_i2s_ex.o
LOAD bin\drivers\stm32f4xx_hal_driver\src\stm32f4xx_hal_pwr.o
LOAD bin\drivers\stm32f4xx_hal_driver\src\stm32f4xx_hal_pwr_ex.o
LOAD bin\drivers\stm32f4xx_hal_driver\src\stm32f4xx_hal_rcc.o
LOAD bin\drivers\stm32f4xx_hal_driver\src\stm32f4xx_hal_rcc_ex.o
LOAD bin\drivers\stm32f4xx_hal_driver\src\stm32f4xx_hal_spi.o
LOAD bin\drivers\stm32f4xx_hal_driver\src\stm32f4xx_hal_tim.o
LOAD bin\drivers\stm32f4xx_hal_driver\src\stm32f4xx_hal_tim_ex.o
LOAD bin\src\main.o
LOAD bin\src\stm32f4xx_hal_msp.o
LOAD bin\src\stm32f4xx_it.o
LOAD c:/appz/embitz/0.42/share/em_armgcc/bin/../lib/gcc/arm-none-eabi/4.8.4/../../../../arm-none-eabi/lib/armv7e-m/fpu\librdimon_n.a
START GROUP
LOAD c:/appz/embitz/0.42/share/em_armgcc/bin/../lib/gcc/arm-none-eabi/4.8.4/armv7e-m/fpu\libgcc.a
LOAD c:/appz/embitz/0.42/share/em_armgcc/bin/../lib/gcc/arm-none-eabi/4.8.4/../../../../arm-none-eabi/lib/armv7e-m/fpu\libg_n.a
LOAD c:/appz/embitz/0.42/share/em_armgcc/bin/../lib/gcc/arm-none-eabi/4.8.4/../../../../arm-none-eabi/lib/armv7e-m/fpu\libc_n.a
END GROUP
START GROUP
LOAD c:/appz/embitz/0.42/share/em_armgcc/bin/../lib/gcc/arm-none-eabi/4.8.4/armv7e-m/fpu\libgcc.a
LOAD c:/appz/embitz/0.42/share/em_armgcc/bin/../lib/gcc/arm-none-eabi/4.8.4/../../../../arm-none-eabi/lib/armv7e-m/fpu\libc_n.a
LOAD c:/appz/embitz/0.42/share/em_armgcc/bin/../lib/gcc/arm-none-eabi/4.8.4/../../../../arm-none-eabi/lib/armv7e-m/fpu\librdimon_n.a
LOAD c:/appz/embitz/0.42/share/em_armgcc/bin/../lib/gcc/arm-none-eabi/4.8.4/../../../../arm-none-eabi/lib/armv7e-m/fpu\libnosys_s.a
END GROUP
START GROUP
LOAD c:/appz/embitz/0.42/share/em_armgcc/bin/../lib/gcc/arm-none-eabi/4.8.4/armv7e-m/fpu\libgcc.a
LOAD c:/appz/embitz/0.42/share/em_armgcc/bin/../lib/gcc/arm-none-eabi/4.8.4/../../../../arm-none-eabi/lib/armv7e-m/fpu\libc_n.a
LOAD c:/appz/embitz/0.42/share/em_armgcc/bin/../lib/gcc/arm-none-eabi/4.8.4/../../../../arm-none-eabi/lib/armv7e-m/fpu\librdimon_n.a
END GROUP
LOAD c:/appz/embitz/0.42/share/em_armgcc/bin/../lib/gcc/arm-none-eabi/4.8.4/armv7e-m/fpu/crtend.o
LOAD c:/appz/embitz/0.42/share/em_armgcc/bin/../lib/gcc/arm-none-eabi/4.8.4/armv7e-m/fpu/crtn.o
OUTPUT(bin\MPOA.elf elf32-littlearm)

.debug_line     0x00000000     0x6651
 .debug_line    0x00000000       0xa3 bin\cmsis\device\st\stm32f4xx\source\templates\gcc\startup_stm32f407xx.o
 .debug_line    0x000000a3      0x1a4 bin\cmsis\device\st\stm32f4xx\source\templates\system_stm32f4xx.o
 .debug_line    0x00000247      0x360 bin\drivers\stm32f4xx_hal_driver\src\stm32f4xx_hal.o
 .debug_line    0x000005a7      0x3ca bin\drivers\stm32f4xx_hal_driver\src\stm32f4xx_hal_cortex.o
 .debug_line    0x00000971      0x39f bin\drivers\stm32f4xx_hal_driver\src\stm32f4xx_hal_gpio.o
 .debug_line    0x00000d10     0x158f bin\drivers\stm32f4xx_hal_driver\src\stm32f4xx_hal_i2c.o
 .debug_line    0x0000229f      0x712 bin\drivers\stm32f4xx_hal_driver\src\stm32f4xx_hal_i2s_ex.o
 .debug_line    0x000029b1      0x5ed bin\drivers\stm32f4xx_hal_driver\src\stm32f4xx_hal_rcc.o
 .debug_line    0x00002f9e      0x2f5 bin\drivers\stm32f4xx_hal_driver\src\stm32f4xx_hal_rcc_ex.o
 .debug_line    0x00003293      0xbf2 bin\drivers\stm32f4xx_hal_driver\src\stm32f4xx_hal_spi.o
 .debug_line    0x00003e85     0x15fc bin\drivers\stm32f4xx_hal_driver\src\stm32f4xx_hal_tim.o
 .debug_line    0x00005481      0x89c bin\drivers\stm32f4xx_hal_driver\src\stm32f4xx_hal_tim_ex.o
 .debug_line    0x00005d1d      0x428 bin\src\main.o
 .debug_line    0x00006145      0x332 bin\src\stm32f4xx_hal_msp.o
 .debug_line    0x00006477      0x1da bin\src\stm32f4xx_it.o

.debug_info     0x00000000    0x11217
 .debug_info    0x00000000       0x73 bin\cmsis\device\st\stm32f4xx\source\templates\gcc\startup_stm32f407xx.o
 .debug_info    0x00000073      0x4a5 bin\cmsis\device\st\stm32f4xx\source\templates\system_stm32f4xx.o
 .debug_info    0x00000518      0x912 bin\drivers\stm32f4xx_hal_driver\src\stm32f4xx_hal.o
 .debug_info    0x00000e2a      0xe72 bin\drivers\stm32f4xx_hal_driver\src\stm32f4xx_hal_cortex.o
 .debug_info    0x00001c9c      0x70a bin\drivers\stm32f4xx_hal_driver\src\stm32f4xx_hal_gpio.o
 .debug_info    0x000023a6     0x2f63 bin\drivers\stm32f4xx_hal_driver\src\stm32f4xx_hal_i2c.o
 .debug_info    0x00005309      0xe60 bin\drivers\stm32f4xx_hal_driver\src\stm32f4xx_hal_i2s_ex.o
 .debug_info    0x00006169      0xcaf bin\drivers\stm32f4xx_hal_driver\src\stm32f4xx_hal_rcc.o
 .debug_info    0x00006e18      0x561 bin\drivers\stm32f4xx_hal_driver\src\stm32f4xx_hal_rcc_ex.o
 .debug_info    0x00007379     0x17b1 bin\drivers\stm32f4xx_hal_driver\src\stm32f4xx_hal_spi.o
 .debug_info    0x00008b2a     0x37da bin\drivers\stm32f4xx_hal_driver\src\stm32f4xx_hal_tim.o
 .debug_info    0x0000c304     0x1597 bin\drivers\stm32f4xx_hal_driver\src\stm32f4xx_hal_tim_ex.o
 .debug_info    0x0000d89b     0x1ea4 bin\src\main.o
 .debug_info    0x0000f73f     0x14fe bin\src\stm32f4xx_hal_msp.o
 .debug_info    0x00010c3d      0x5da bin\src\stm32f4xx_it.o

.debug_abbrev   0x00000000     0x22d3
 .debug_abbrev  0x00000000       0x12 bin\cmsis\device\st\stm32f4xx\source\templates\gcc\startup_stm32f407xx.o
 .debug_abbrev  0x00000012      0x101 bin\cmsis\device\st\stm32f4xx\source\templates\system_stm32f4xx.o
 .debug_abbrev  0x00000113      0x258 bin\drivers\stm32f4xx_hal_driver\src\stm32f4xx_hal.o
 .debug_abbrev  0x0000036b      0x2e6 bin\drivers\stm32f4xx_hal_driver\src\stm32f4xx_hal_cortex.o
 .debug_abbrev  0x00000651      0x1c6 bin\drivers\stm32f4xx_hal_driver\src\stm32f4xx_hal_gpio.o
 .debug_abbrev  0x00000817      0x330 bin\drivers\stm32f4xx_hal_driver\src\stm32f4xx_hal_i2c.o
 .debug_abbrev  0x00000b47      0x2b7 bin\drivers\stm32f4xx_hal_driver\src\stm32f4xx_hal_i2s_ex.o
 .debug_abbrev  0x00000dfe      0x333 bin\drivers\stm32f4xx_hal_driver\src\stm32f4xx_hal_rcc.o
 .debug_abbrev  0x00001131      0x215 bin\drivers\stm32f4xx_hal_driver\src\stm32f4xx_hal_rcc_ex.o
 .debug_abbrev  0x00001346      0x2db bin\drivers\stm32f4xx_hal_driver\src\stm32f4xx_hal_spi.o
 .debug_abbrev  0x00001621      0x325 bin\drivers\stm32f4xx_hal_driver\src\stm32f4xx_hal_tim.o
 .debug_abbrev  0x00001946      0x287 bin\drivers\stm32f4xx_hal_driver\src\stm32f4xx_hal_tim_ex.o
 .debug_abbrev  0x00001bcd      0x383 bin\src\main.o
 .debug_abbrev  0x00001f50      0x203 bin\src\stm32f4xx_hal_msp.o
 .debug_abbrev  0x00002153      0x180 bin\src\stm32f4xx_it.o

.debug_aranges  0x00000000      0xbc0
 .debug_aranges
                0x00000000       0x28 bin\cmsis\device\st\stm32f4xx\source\templates\gcc\startup_stm32f407xx.o
 .debug_aranges
                0x00000028       0x28 bin\cmsis\device\st\stm32f4xx\source\templates\system_stm32f4xx.o
 .debug_aranges
                0x00000050       0xc0 bin\drivers\stm32f4xx_hal_driver\src\stm32f4xx_hal.o
 .debug_aranges
                0x00000110       0x98 bin\drivers\stm32f4xx_hal_driver\src\stm32f4xx_hal_cortex.o
 .debug_aranges
                0x000001a8       0x58 bin\drivers\stm32f4xx_hal_driver\src\stm32f4xx_hal_gpio.o
 .debug_aranges
                0x00000200      0x1d8 bin\drivers\stm32f4xx_hal_driver\src\stm32f4xx_hal_i2c.o
 .debug_aranges
                0x000003d8       0x78 bin\drivers\stm32f4xx_hal_driver\src\stm32f4xx_hal_i2s_ex.o
 .debug_aranges
                0x00000450       0x88 bin\drivers\stm32f4xx_hal_driver\src\stm32f4xx_hal_rcc.o
 .debug_aranges
                0x000004d8       0x30 bin\drivers\stm32f4xx_hal_driver\src\stm32f4xx_hal_rcc_ex.o
 .debug_aranges
                0x00000508      0x190 bin\drivers\stm32f4xx_hal_driver\src\stm32f4xx_hal_spi.o
 .debug_aranges
                0x00000698      0x330 bin\drivers\stm32f4xx_hal_driver\src\stm32f4xx_hal_tim.o
 .debug_aranges
                0x000009c8      0x138 bin\drivers\stm32f4xx_hal_driver\src\stm32f4xx_hal_tim_ex.o
 .debug_aranges
                0x00000b00       0x38 bin\src\main.o
 .debug_aranges
                0x00000b38       0x60 bin\src\stm32f4xx_hal_msp.o
 .debug_aranges
                0x00000b98       0x28 bin\src\stm32f4xx_it.o

.debug_ranges   0x00000000     0x1298
 .debug_ranges  0x00000000       0x20 bin\cmsis\device\st\stm32f4xx\source\templates\gcc\startup_stm32f407xx.o
 .debug_ranges  0x00000020       0x18 bin\cmsis\device\st\stm32f4xx\source\templates\system_stm32f4xx.o
 .debug_ranges  0x00000038       0xb0 bin\drivers\stm32f4xx_hal_driver\src\stm32f4xx_hal.o
 .debug_ranges  0x000000e8      0x140 bin\drivers\stm32f4xx_hal_driver\src\stm32f4xx_hal_cortex.o
 .debug_ranges  0x00000228       0x60 bin\drivers\stm32f4xx_hal_driver\src\stm32f4xx_hal_gpio.o
 .debug_ranges  0x00000288      0x4a8 bin\drivers\stm32f4xx_hal_driver\src\stm32f4xx_hal_i2c.o
 .debug_ranges  0x00000730       0x68 bin\drivers\stm32f4xx_hal_driver\src\stm32f4xx_hal_i2s_ex.o
 .debug_ranges  0x00000798      0x1a0 bin\drivers\stm32f4xx_hal_driver\src\stm32f4xx_hal_rcc.o
 .debug_ranges  0x00000938       0x50 bin\drivers\stm32f4xx_hal_driver\src\stm32f4xx_hal_rcc_ex.o
 .debug_ranges  0x00000988      0x218 bin\drivers\stm32f4xx_hal_driver\src\stm32f4xx_hal_spi.o
 .debug_ranges  0x00000ba0      0x410 bin\drivers\stm32f4xx_hal_driver\src\stm32f4xx_hal_tim.o
 .debug_ranges  0x00000fb0      0x140 bin\drivers\stm32f4xx_hal_driver\src\stm32f4xx_hal_tim_ex.o
 .debug_ranges  0x000010f0       0xd8 bin\src\main.o
 .debug_ranges  0x000011c8       0xb8 bin\src\stm32f4xx_hal_msp.o
 .debug_ranges  0x00001280       0x18 bin\src\stm32f4xx_it.o

.debug_loc      0x00000000     0xc1a1
 .debug_loc     0x00000000      0x151 bin\cmsis\device\st\stm32f4xx\source\templates\system_stm32f4xx.o
 .debug_loc     0x00000151       0x90 bin\drivers\stm32f4xx_hal_driver\src\stm32f4xx_hal.o
 .debug_loc     0x000001e1      0x582 bin\drivers\stm32f4xx_hal_driver\src\stm32f4xx_hal_cortex.o
 .debug_loc     0x00000763      0x4cb bin\drivers\stm32f4xx_hal_driver\src\stm32f4xx_hal_gpio.o
 .debug_loc     0x00000c2e     0x3097 bin\drivers\stm32f4xx_hal_driver\src\stm32f4xx_hal_i2c.o
 .debug_loc     0x00003cc5      0xfdb bin\drivers\stm32f4xx_hal_driver\src\stm32f4xx_hal_i2s_ex.o
 .debug_loc     0x00004ca0      0x68e bin\drivers\stm32f4xx_hal_driver\src\stm32f4xx_hal_rcc.o
 .debug_loc     0x0000532e      0x19a bin\drivers\stm32f4xx_hal_driver\src\stm32f4xx_hal_rcc_ex.o
 .debug_loc     0x000054c8     0x164a bin\drivers\stm32f4xx_hal_driver\src\stm32f4xx_hal_spi.o
 .debug_loc     0x00006b12     0x41cf bin\drivers\stm32f4xx_hal_driver\src\stm32f4xx_hal_tim.o
 .debug_loc     0x0000ace1     0x12de bin\drivers\stm32f4xx_hal_driver\src\stm32f4xx_hal_tim_ex.o
 .debug_loc     0x0000bfbf       0xda bin\src\main.o
 .debug_loc     0x0000c099      0x108 bin\src\stm32f4xx_hal_msp.o

.debug_str      0x00000000     0x3e74
 .debug_str     0x00000000      0x30c bin\cmsis\device\st\stm32f4xx\source\templates\system_stm32f4xx.o
                                0x371 (size before relaxing)
 .debug_str     0x0000030c      0x7e2 bin\drivers\stm32f4xx_hal_driver\src\stm32f4xx_hal.o
                                0xa76 (size before relaxing)
 .debug_str     0x00000aee      0x339 bin\drivers\stm32f4xx_hal_driver\src\stm32f4xx_hal_cortex.o
                                0xbc0 (size before relaxing)
 .debug_str     0x00000e27      0x1d5 bin\drivers\stm32f4xx_hal_driver\src\stm32f4xx_hal_gpio.o
                                0x4c8 (size before relaxing)
 .debug_str     0x00000ffc      0xc93 bin\drivers\stm32f4xx_hal_driver\src\stm32f4xx_hal_i2c.o
                                0xf12 (size before relaxing)
 .debug_str     0x00001c8f      0x396 bin\drivers\stm32f4xx_hal_driver\src\stm32f4xx_hal_i2s_ex.o
                                0x92c (size before relaxing)
 .debug_str     0x00002025      0x2ad bin\drivers\stm32f4xx_hal_driver\src\stm32f4xx_hal_rcc.o
                                0x6a3 (size before relaxing)
 .debug_str     0x000022d2       0xf2 bin\drivers\stm32f4xx_hal_driver\src\stm32f4xx_hal_rcc_ex.o
                                0x428 (size before relaxing)
 .debug_str     0x000023c4      0x579 bin\drivers\stm32f4xx_hal_driver\src\stm32f4xx_hal_spi.o
                                0xaca (size before relaxing)
 .debug_str     0x0000293d      0xeee bin\drivers\stm32f4xx_hal_driver\src\stm32f4xx_hal_tim.o
                               0x137b (size before relaxing)
 .debug_str     0x0000382b      0x502 bin\drivers\stm32f4xx_hal_driver\src\stm32f4xx_hal_tim_ex.o
                                0xc33 (size before relaxing)
 .debug_str     0x00003d2d       0xe0 bin\src\main.o
                               0x1692 (size before relaxing)
 .debug_str     0x00003e0d       0x34 bin\src\stm32f4xx_hal_msp.o
                               0x12c0 (size before relaxing)
 .debug_str     0x00003e41       0x33 bin\src\stm32f4xx_it.o
                                0x5f3 (size before relaxing)

.comment        0x00000000       0x46
 .comment       0x00000000       0x46 bin\cmsis\device\st\stm32f4xx\source\templates\system_stm32f4xx.o
                                 0x47 (size before relaxing)
 .comment       0x00000000       0x47 bin\drivers\stm32f4xx_hal_driver\src\stm32f4xx_hal.o
 .comment       0x00000000       0x47 bin\drivers\stm32f4xx_hal_driver\src\stm32f4xx_hal_cortex.o
 .comment       0x00000000       0x47 bin\drivers\stm32f4xx_hal_driver\src\stm32f4xx_hal_gpio.o
 .comment       0x00000000       0x47 bin\drivers\stm32f4xx_hal_driver\src\stm32f4xx_hal_i2c.o
 .comment       0x00000000       0x47 bin\drivers\stm32f4xx_hal_driver\src\stm32f4xx_hal_i2s_ex.o
 .comment       0x00000000       0x47 bin\drivers\stm32f4xx_hal_driver\src\stm32f4xx_hal_rcc.o
 .comment       0x00000000       0x47 bin\drivers\stm32f4xx_hal_driver\src\stm32f4xx_hal_rcc_ex.o
 .comment       0x00000000       0x47 bin\drivers\stm32f4xx_hal_driver\src\stm32f4xx_hal_spi.o
 .comment       0x00000000       0x47 bin\drivers\stm32f4xx_hal_driver\src\stm32f4xx_hal_tim.o
 .comment       0x00000000       0x47 bin\drivers\stm32f4xx_hal_driver\src\stm32f4xx_hal_tim_ex.o
 .comment       0x00000000       0x47 bin\src\main.o
 .comment       0x00000000       0x47 bin\src\stm32f4xx_hal_msp.o
 .comment       0x00000000       0x47 bin\src\stm32f4xx_it.o

.debug_frame    0x00000000     0x2854
 .debug_frame   0x00000000       0x38 bin\cmsis\device\st\stm32f4xx\source\templates\system_stm32f4xx.o
 .debug_frame   0x00000038      0x184 bin\drivers\stm32f4xx_hal_driver\src\stm32f4xx_hal.o
 .debug_frame   0x000001bc      0x144 bin\drivers\stm32f4xx_hal_driver\src\stm32f4xx_hal_cortex.o
 .debug_frame   0x00000300       0xc8 bin\drivers\stm32f4xx_hal_driver\src\stm32f4xx_hal_gpio.o
 .debug_frame   0x000003c8      0x634 bin\drivers\stm32f4xx_hal_driver\src\stm32f4xx_hal_i2c.o
 .debug_frame   0x000009fc      0x148 bin\drivers\stm32f4xx_hal_driver\src\stm32f4xx_hal_i2s_ex.o
 .debug_frame   0x00000b44      0x140 bin\drivers\stm32f4xx_hal_driver\src\stm32f4xx_hal_rcc.o
 .debug_frame   0x00000c84       0x60 bin\drivers\stm32f4xx_hal_driver\src\stm32f4xx_hal_rcc_ex.o
 .debug_frame   0x00000ce4      0x44c bin\drivers\stm32f4xx_hal_driver\src\stm32f4xx_hal_spi.o
 .debug_frame   0x00001130      0x894 bin\drivers\stm32f4xx_hal_driver\src\stm32f4xx_hal_tim.o
 .debug_frame   0x000019c4      0x364 bin\drivers\stm32f4xx_hal_driver\src\stm32f4xx_hal_tim_ex.o
 .debug_frame   0x00001d28       0x84 bin\src\main.o
 .debug_frame   0x00001dac       0xe4 bin\src\stm32f4xx_hal_msp.o
 .debug_frame   0x00001e90       0x38 bin\src\stm32f4xx_it.o
 .debug_frame   0x00001ec8      0x30c c:/appz/embitz/0.42/share/em_armgcc/bin/../lib/gcc/arm-none-eabi/4.8.4/../../../../arm-none-eabi/lib/armv7e-m/fpu\librdimon_n.a(rdimon-syscalls.o)
 .debug_frame   0x000021d4       0x20 c:/appz/embitz/0.42/share/em_armgcc/bin/../lib/gcc/arm-none-eabi/4.8.4/../../../../arm-none-eabi/lib/armv7e-m/fpu\libg_n.a(lib_a-errno.o)
 .debug_frame   0x000021f4      0x12c c:/appz/embitz/0.42/share/em_armgcc/bin/../lib/gcc/arm-none-eabi/4.8.4/../../../../arm-none-eabi/lib/armv7e-m/fpu\libg_n.a(lib_a-findfp.o)
 .debug_frame   0x00002320       0x2c c:/appz/embitz/0.42/share/em_armgcc/bin/../lib/gcc/arm-none-eabi/4.8.4/../../../../arm-none-eabi/lib/armv7e-m/fpu\libg_n.a(lib_a-nano-mallocr.o)
 .debug_frame   0x0000234c       0x60 c:/appz/embitz/0.42/share/em_armgcc/bin/../lib/gcc/arm-none-eabi/4.8.4/../../../../arm-none-eabi/lib/armv7e-m/fpu\libg_n.a(lib_a-printf.o)
 .debug_frame   0x000023ac       0x3c c:/appz/embitz/0.42/share/em_armgcc/bin/../lib/gcc/arm-none-eabi/4.8.4/../../../../arm-none-eabi/lib/armv7e-m/fpu\libg_n.a(lib_a-puts.o)
 .debug_frame   0x000023e8       0x2c c:/appz/embitz/0.42/share/em_armgcc/bin/../lib/gcc/arm-none-eabi/4.8.4/../../../../arm-none-eabi/lib/armv7e-m/fpu\libg_n.a(lib_a-sbrkr.o)
 .debug_frame   0x00002414       0x80 c:/appz/embitz/0.42/share/em_armgcc/bin/../lib/gcc/arm-none-eabi/4.8.4/../../../../arm-none-eabi/lib/armv7e-m/fpu\libg_n.a(lib_a-stdio.o)
 .debug_frame   0x00002494       0x20 c:/appz/embitz/0.42/share/em_armgcc/bin/../lib/gcc/arm-none-eabi/4.8.4/../../../../arm-none-eabi/lib/armv7e-m/fpu\libg_n.a(lib_a-strlen.o)
 .debug_frame   0x000024b4       0xa8 c:/appz/embitz/0.42/share/em_armgcc/bin/../lib/gcc/arm-none-eabi/4.8.4/../../../../arm-none-eabi/lib/armv7e-m/fpu\libg_n.a(lib_a-vfprintf.o)
 .debug_frame   0x0000255c       0x60 c:/appz/embitz/0.42/share/em_armgcc/bin/../lib/gcc/arm-none-eabi/4.8.4/../../../../arm-none-eabi/lib/armv7e-m/fpu\libg_n.a(lib_a-vfprintf_i.o)
 .debug_frame   0x000025bc       0x3c c:/appz/embitz/0.42/share/em_armgcc/bin/../lib/gcc/arm-none-eabi/4.8.4/../../../../arm-none-eabi/lib/armv7e-m/fpu\libg_n.a(lib_a-wbuf.o)
 .debug_frame   0x000025f8       0x2c c:/appz/embitz/0.42/share/em_armgcc/bin/../lib/gcc/arm-none-eabi/4.8.4/../../../../arm-none-eabi/lib/armv7e-m/fpu\libg_n.a(lib_a-writer.o)
 .debug_frame   0x00002624       0x2c c:/appz/embitz/0.42/share/em_armgcc/bin/../lib/gcc/arm-none-eabi/4.8.4/../../../../arm-none-eabi/lib/armv7e-m/fpu\libg_n.a(lib_a-wsetup.o)
 .debug_frame   0x00002650       0x2c c:/appz/embitz/0.42/share/em_armgcc/bin/../lib/gcc/arm-none-eabi/4.8.4/../../../../arm-none-eabi/lib/armv7e-m/fpu\libg_n.a(lib_a-closer.o)
 .debug_frame   0x0000267c       0x5c c:/appz/embitz/0.42/share/em_armgcc/bin/../lib/gcc/arm-none-eabi/4.8.4/../../../../arm-none-eabi/lib/armv7e-m/fpu\libg_n.a(lib_a-fflush.o)
 .debug_frame   0x000026d8       0x2c c:/appz/embitz/0.42/share/em_armgcc/bin/../lib/gcc/arm-none-eabi/4.8.4/../../../../arm-none-eabi/lib/armv7e-m/fpu\libg_n.a(lib_a-lseekr.o)
 .debug_frame   0x00002704       0x30 c:/appz/embitz/0.42/share/em_armgcc/bin/../lib/gcc/arm-none-eabi/4.8.4/../../../../arm-none-eabi/lib/armv7e-m/fpu\libg_n.a(lib_a-makebuf.o)
 .debug_frame   0x00002734       0x28 c:/appz/embitz/0.42/share/em_armgcc/bin/../lib/gcc/arm-none-eabi/4.8.4/../../../../arm-none-eabi/lib/armv7e-m/fpu\libg_n.a(lib_a-memchr-stub.o)
 .debug_frame   0x0000275c       0x2c c:/appz/embitz/0.42/share/em_armgcc/bin/../lib/gcc/arm-none-eabi/4.8.4/../../../../arm-none-eabi/lib/armv7e-m/fpu\libg_n.a(lib_a-nano-freer.o)
 .debug_frame   0x00002788       0x2c c:/appz/embitz/0.42/share/em_armgcc/bin/../lib/gcc/arm-none-eabi/4.8.4/../../../../arm-none-eabi/lib/armv7e-m/fpu\libg_n.a(lib_a-readr.o)
 .debug_frame   0x000027b4       0x48 c:/appz/embitz/0.42/share/em_armgcc/bin/../lib/gcc/arm-none-eabi/4.8.4/../../../../arm-none-eabi/lib/armv7e-m/fpu\libg_n.a(lib_a-reent.o)
 .debug_frame   0x000027fc       0x2c c:/appz/embitz/0.42/share/em_armgcc/bin/../lib/gcc/arm-none-eabi/4.8.4/../../../../arm-none-eabi/lib/armv7e-m/fpu\libg_n.a(lib_a-fstatr.o)
 .debug_frame   0x00002828       0x2c c:/appz/embitz/0.42/share/em_armgcc/bin/../lib/gcc/arm-none-eabi/4.8.4/../../../../arm-none-eabi/lib/armv7e-m/fpu\libg_n.a(lib_a-isattyr.o)
